Archive member included because of file (symbol)

C:\Users\edielson\Documents\Android\workspace\nxpUSBlib\libnxpUSBLib.a(ConfigDescriptor.o)
                              ./src/ConfigDescriptor.o (USB_Host_GetDeviceConfigDescriptor)
C:\Users\edielson\Documents\Android\workspace\nxpUSBlib\libnxpUSBLib.a(HostStandardReq.o)
                              ./src/Lib/AndroidAccessoryCommands.o (USB_Host_SendControlRequest)
C:\Users\edielson\Documents\Android\workspace\nxpUSBlib\libnxpUSBLib.a(USBTask.o)
                              ./src/Lib/AndroidAccessoryCommands.o (USB_ControlRequest)
C:\Users\edielson\Documents\Android\workspace\nxpUSBlib\libnxpUSBLib.a(Host_LPC.o)
                              C:\Users\edielson\Documents\Android\workspace\nxpUSBlib\libnxpUSBLib.a(USBTask.o) (USB_Host_ProcessNextHostState)
C:\Users\edielson\Documents\Android\workspace\nxpUSBlib\libnxpUSBLib.a(PipeStream_LPC.o)
                              ./src/AndroidAccessoryHost.o (Pipe_Write_Stream_LE)
C:\Users\edielson\Documents\Android\workspace\nxpUSBlib\libnxpUSBLib.a(Pipe_LPC.o)
                              ./src/AndroidAccessoryHost.o (pipeselected)
C:\Users\edielson\Documents\Android\workspace\nxpUSBlib\libnxpUSBLib.a(USBController_LPC.o)
                              ./src/main.o (USB_Init)
C:\Users\edielson\Documents\Android\workspace\nxpUSBlib\libnxpUSBLib.a(OHCI.o)
                              C:\Users\edielson\Documents\Android\workspace\nxpUSBlib\libnxpUSBLib.a(Host_LPC.o) (HcdGetDeviceSpeed)
C:\Users\edielson\Documents\Android\workspace\nxpUSBlib\libnxpUSBLib.a(HCD.o)
                              C:\Users\edielson\Documents\Android\workspace\nxpUSBlib\libnxpUSBLib.a(OHCI.o) (HcdDelayMS)
C:\Users\edielson\Documents\Android\workspace\nxpUSBlib\libnxpUSBLib.a(HAL_LPC17xx.o)
                              C:\Users\edielson\Documents\Android\workspace\nxpUSBlib\libnxpUSBLib.a(USBController_LPC.o) (HAL_USBInit)
C:\Users\edielson\Documents\Android\workspace\nxpUSBlib\libnxpUSBLib.a(USBMemory.o)
                              C:\Users\edielson\Documents\Android\workspace\nxpUSBlib\libnxpUSBLib.a(USBController_LPC.o) (USB_Memory_Init)
C:\Users\edielson\Documents\Android\workspace\CDL\libCDL.a(lpc17xx_adc.o)
                              ./src/main.o (ADC_Init)
C:\Users\edielson\Documents\Android\workspace\CDL\libCDL.a(lpc17xx_clkpwr.o)
                              C:\Users\edielson\Documents\Android\workspace\CDL\libCDL.a(lpc17xx_adc.o) (CLKPWR_GetPCLK)
C:\Users\edielson\Documents\Android\workspace\CDL\libCDL.a(lpc17xx_gpio.o)
                              ./src/main.o (GPIO_SetDir)
C:\Users\edielson\Documents\Android\workspace\CDL\libCDL.a(lpc17xx_i2c.o)
                              ./src/main.o (I2C_Init)
C:\Users\edielson\Documents\Android\workspace\CDL\libCDL.a(lpc17xx_pinsel.o)
                              ./src/main.o (PINSEL_ConfigPin)
C:\Users\edielson\Documents\Android\workspace\CDL\libCDL.a(lpc17xx_uart.o)
                              ./src/main.o (UART_Init)
C:\Users\edielson\Documents\Android\workspace\CDL\libCDL.a(system_LPC17xx.o)
                              ./src/main.o (SystemCoreClock)
c:/code_red/redsuitenxp_4.2.2_361/redsuite/tools/bin/../lib/gcc/arm-none-eabi/4.5.1/../../../../arm-none-eabi/lib/thumb2\libcr_semihost.a(_cr__main.o)
                              ./src/cr_startup_lpc176x.o (__main)
c:/code_red/redsuitenxp_4.2.2_361/redsuite/tools/bin/../lib/gcc/arm-none-eabi/4.5.1/../../../../arm-none-eabi/lib/thumb2\libcr_c.a(fpprintf.o)
                              ./src/AndroidAccessoryHost.o (printf)
c:/code_red/redsuitenxp_4.2.2_361/redsuite/tools/bin/../lib/gcc/arm-none-eabi/4.5.1/../../../../arm-none-eabi/lib/thumb2\libcr_c.a(initio.o)
                              c:/code_red/redsuitenxp_4.2.2_361/redsuite/tools/bin/../lib/gcc/arm-none-eabi/4.5.1/../../../../arm-none-eabi/lib/thumb2\libcr_semihost.a(_cr__main.o) (_initio)
c:/code_red/redsuitenxp_4.2.2_361/redsuite/tools/bin/../lib/gcc/arm-none-eabi/4.5.1/../../../../arm-none-eabi/lib/thumb2\libcr_c.a(printf.o)
                              c:/code_red/redsuitenxp_4.2.2_361/redsuite/tools/bin/../lib/gcc/arm-none-eabi/4.5.1/../../../../arm-none-eabi/lib/thumb2\libcr_c.a(fpprintf.o) (__vfprintf)
c:/code_red/redsuitenxp_4.2.2_361/redsuite/tools/bin/../lib/gcc/arm-none-eabi/4.5.1/../../../../arm-none-eabi/lib/thumb2\libcr_c.a(puts.o)
                              ./src/AndroidAccessoryHost.o (puts)
c:/code_red/redsuitenxp_4.2.2_361/redsuite/tools/bin/../lib/gcc/arm-none-eabi/4.5.1/../../../../arm-none-eabi/lib/thumb2\libcr_c.a(setvbuf.o)
                              c:/code_red/redsuitenxp_4.2.2_361/redsuite/tools/bin/../lib/gcc/arm-none-eabi/4.5.1/../../../../arm-none-eabi/lib/thumb2\libcr_c.a(initio.o) (setvbuf)
c:/code_red/redsuitenxp_4.2.2_361/redsuite/tools/bin/../lib/gcc/arm-none-eabi/4.5.1/../../../../arm-none-eabi/lib/thumb2\libcr_c.a(stdio.o)
[...]
Memory Configuration

Name             Origin             Length             Attributes
MFlash512        0x00000000         0x00080000         xr
RamLoc32         0x10000000         0x00008000         xrw
RamAHB32         0x2007c000         0x00008000         xrw
*default*        0x00000000         0xffffffff

Linker script and memory map

LOAD ./src/AndroidAccessoryHost.o
LOAD ./src/ConfigDescriptor.o
LOAD ./src/DeviceDescriptor.o
LOAD ./src/cr_startup_lpc176x.o
LOAD ./src/main.o
LOAD ./src/Lib/AndroidAccessoryCommands.o
LOAD ./src/EaBaseBoard/acc.o
LOAD ./src/EaBaseBoard/joystick.o
LOAD ./src/EaBaseBoard/light.o
LOAD ./src/EaBaseBoard/rgb.o
LOAD ./src/EaBaseBoard/temp.o
LOAD C:\Users\edielson\Documents\Android\workspace\nxpUSBlib\libnxpUSBLib.a
LOAD C:\Users\edielson\Documents\Android\workspace\CDL\libCDL.a
START GROUP
LOAD c:/code_red/redsuitenxp_4.2.2_361/redsuite/tools/bin/../lib/gcc/arm-none-eabi/4.5.1/../../../../arm-none-eabi/lib/thumb2\libcr_semihost.a
LOAD c:/code_red/redsuitenxp_4.2.2_361/redsuite/tools/bin/../lib/gcc/arm-none-eabi/4.5.1/../../../../arm-none-eabi/lib/thumb2\libcr_c.a
LOAD c:/code_red/redsuitenxp_4.2.2_361/redsuite/tools/bin/../lib/gcc/arm-none-eabi/4.5.1/thumb2\libcr_eabihelpers.a
END GROUP
                0x00080000                __top_MFlash512 = 0x80000
                0x10008000                __top_RamLoc32 = 0x10008000
                0x20084000                __top_RamAHB32 = 0x20084000

.text           0x00000000     0x8ec0
 FILL mask 0xff
 *(.isr_vector)
 .isr_vector    0x00000000       0xcc ./src/cr_startup_lpc176x.o
                0x00000000                g_pfnVectors
                0x000000cc                . = ALIGN (0x4)
                0x000000cc                __section_table_start = .
                0x000000cc                __data_section_table = .
                0x000000cc        0x4 LONG 0x9cc0 LOADADDR (.data)
                0x000000d0        0x4 LONG 0x10000000 ADDR (.data)
                0x000000d4        0x4 LONG 0x10 SIZEOF (.data)
                0x000000d8        0x4 LONG 0x8ec0 LOADADDR (.data_RAM2)
                0x000000dc        0x4 LONG 0x2007c000 ADDR (.data_RAM2)
                0x000000e0        0x4 LONG 0xe00 SIZEOF (.data_RAM2)
                0x000000e4                __data_section_table_end = .
                0x000000e4                __bss_section_table = .
                0x000000e4        0x4 LONG 0x10000010 ADDR (.bss)
                0x000000e8        0x4 LONG 0x228 SIZEOF (.bss)
                0x000000ec        0x4 LONG 0x2007ce00 ADDR (.bss_RAM2)
                0x000000f0        0x4 LONG 0x0 SIZEOF (.bss_RAM2)
                0x000000f4                __bss_section_table_end = .
                0x000000f4                __section_table_end = .
 *(.after_vectors*)
 .after_vectors
                0x000000f4      0x174 ./src/cr_startup_lpc176x.o
                0x000000f4                data_init
                0x00000144                bss_init
                0x00000184                ResetISR
                0x00000218                NMI_Handler
                0x00000220                HardFault_Handler
                0x00000228                MemManage_Handler
                0x00000230                BusFault_Handler
                0x00000238                UsageFault_Handler
                0x00000240                SVCall_Handler
                0x00000248                DebugMon_Handler
                0x00000250                PendSV_Handler
                0x00000260                EINT2_IRQHandler
                0x00000260                UART1_IRQHandler
                0x00000260                EINT3_IRQHandler
                0x00000260                CANActivity_IRQHandler
                0x00000260                TIMER3_IRQHandler
                0x00000260                UART0_IRQHandler
                0x00000260                PWM1_IRQHandler
                0x00000260                USBActivity_IRQHandler
                0x00000260                IntDefaultHandler
                0x00000260                PLL0_IRQHandler
                0x00000260                I2C0_IRQHandler
                0x00000260                PLL1_IRQHandler
                0x00000260                I2C1_IRQHandler
                0x00000260                I2S_IRQHandler
                0x00000260                I2C2_IRQHandler
                0x00000260                RTC_IRQHandler
                0x00000260                TIMER0_IRQHandler
                0x00000260                SPI_IRQHandler
                0x00000260                RIT_IRQHandler
                0x00000260                EINT1_IRQHandler
                0x00000260                TIMER1_IRQHandler
                0x00000260                UART2_IRQHandler
                0x00000260                ADC_IRQHandler
                0x00000260                SSP1_IRQHandler
                0x00000260                BOD_IRQHandler
                0x00000260                SSP0_IRQHandler
                0x00000260                WDT_IRQHandler
                0x00000260                QEI_IRQHandler
                0x00000260                EINT0_IRQHandler
                0x00000260                TIMER2_IRQHandler
                0x00000260                DMA_IRQHandler
                0x00000260                CAN_IRQHandler
                0x00000260                UART3_IRQHandler
                0x00000260                MCPWM_IRQHandler
                0x00000260                ENET_IRQHandler
 *(.text*)
 .text.sendCommand
                0x00000268      0x30c ./src/AndroidAccessoryHost.o
 .text.processCommand
                0x00000574       0xf4 ./src/AndroidAccessoryHost.o
 .text.AndroidHost_Task
                0x00000668      0x498 ./src/AndroidAccessoryHost.o
                0x00000668                AndroidHost_Task
 .text.Monitor_Task
                0x00000b00      0x2b0 ./src/AndroidAccessoryHost.o
                0x00000b00                Monitor_Task
 .text.EVENT_USB_Host_DeviceAttached
                0x00000db0       0x14 ./src/AndroidAccessoryHost.o
                0x00000db0                EVENT_USB_Host_DeviceAttached
 .text.EVENT_USB_Host_DeviceUnattached
                0x00000dc4       0x14 ./src/AndroidAccessoryHost.o
                0x00000dc4                EVENT_USB_Host_DeviceUnattached
 .text.EVENT_USB_Host_DeviceEnumerationComplete
                0x00000dd8      0x1d0 ./src/AndroidAccessoryHost.o
                0x00000dd8                EVENT_USB_Host_DeviceEnumerationComplete
 .text.EVENT_USB_Host_DeviceEnumerationFailed
                0x00000fa8       0x3c ./src/AndroidAccessoryHost.o
                0x00000fa8                EVENT_USB_Host_DeviceEnumerationFailed
 .text.ProcessConfigurationDescriptor
                0x00000fe4      0x158 ./src/ConfigDescriptor.o
                0x00000fe4                ProcessConfigurationDescriptor
 .text.DCOMP_NextAndroidAccessoryInterface
                0x0000113c       0x48 ./src/ConfigDescriptor.o
                0x0000113c                DCOMP_NextAndroidAccessoryInterface
 .text.DCOMP_NextInterfaceBulkEndpoint
                0x00001184       0x60 ./src/ConfigDescriptor.o
                0x00001184                DCOMP_NextInterfaceBulkEndpoint
 .text.ProcessDeviceDescriptor
                0x000011e4       0x60 ./src/DeviceDescriptor.o
                0x000011e4                ProcessDeviceDescriptor
 .text.NVIC_SetPriority
                0x00001244       0x5c ./src/main.o
 .text.SysTick_Config
                0x000012a0       0x64 ./src/main.o
 .text.adc_init
                0x00001304       0x70 ./src/main.o
 .text.i2c_init
                0x00001374       0x5c ./src/main.o
 .text.serial_init
                0x000013d0       0x7c ./src/main.o
 .text.setup_hardware
                0x0000144c       0x94 ./src/main.o
 .text.main     0x000014e0       0x24 ./src/main.o
                0x000014e0                main
 .text.SysTick_Handler
                0x00001504       0x24 ./src/main.o
                0x00001504                SysTick_Handler
 .text.getMsTicks
                0x00001528       0x18 ./src/main.o
                0x00001528                getMsTicks
 .text.__sys_write
                0x00001540       0x30 ./src/main.o
                0x00001540                __sys_write
 .text.Android_GetAccessoryProtocol
                0x00001570       0x4c ./src/Lib/AndroidAccessoryCommands.o
                0x00001570                Android_GetAccessoryProtocol
 .text.Android_SendString
                0x000015bc       0xbc ./src/Lib/AndroidAccessoryCommands.o
                0x000015bc                Android_SendString
 .text.Android_StartAccessoryMode
                0x00001678       0x44 ./src/Lib/AndroidAccessoryCommands.o
                0x00001678                Android_StartAccessoryMode
 .text.I2CRead  0x000016bc       0x5c ./src/EaBaseBoard/acc.o
 .text.I2CWrite
                0x00001718       0x5c ./src/EaBaseBoard/acc.o
 .text.getStatus
                0x00001774       0x3c ./src/EaBaseBoard/acc.o
 .text.acc_read
                0x000017b0       0xbc ./src/EaBaseBoard/acc.o
                0x000017b0                acc_read
 .text.joystick_init
                0x0000186c       0x28 ./src/EaBaseBoard/joystick.o
                0x0000186c                joystick_init
 .text.joystick_read
                0x00001894       0x94 ./src/EaBaseBoard/joystick.o
                0x00001894                joystick_read
 .text.I2CWrite
                0x00001928       0x5c ./src/EaBaseBoard/light.o
 .text.light_enable
                0x00001984       0x48 ./src/EaBaseBoard/light.o
                0x00001984                light_enable
 .text.rgb_init
                0x000019cc       0x38 ./src/EaBaseBoard/rgb.o
                0x000019cc                rgb_init
 .text.rgb_setLeds
                0x00001a04       0x80 ./src/EaBaseBoard/rgb.o
                0x00001a04                rgb_setLeds
 .text.temp_init
                0x00001a84       0x2c ./src/EaBaseBoard/temp.o
                0x00001a84                temp_init
 .text.temp_read
                0x00001ab0      0x108 ./src/EaBaseBoard/temp.o
                0x00001ab0                temp_read
 .text.USB_GetNextDescriptor
                0x00001bb8       0x4c C:\Users\edielson\Documents\Android\workspace\nxpUSBlib\libnxpUSBLib.a(ConfigDescriptor.o)
 .text.USB_Host_GetDeviceConfigDescriptor
                0x00001c04      0x138 C:\Users\edielson\Documents\Android\workspace\nxpUSBlib\libnxpUSBLib.a(ConfigDescriptor.o)
                0x00001c04                USB_Host_GetDeviceConfigDescriptor
 .text.USB_GetNextDescriptorComp
                0x00001d3c       0x64 C:\Users\edielson\Documents\Android\workspace\nxpUSBlib\libnxpUSBLib.a(ConfigDescriptor.o)
                0x00001d3c                USB_GetNextDescriptorComp
 .text.USB_Host_SendControlRequest
                0x00001da0      0x228 C:\Users\edielson\Documents\Android\workspace\nxpUSBlib\libnxpUSBLib.a(HostStandardReq.o)
                0x00001da0                USB_Host_SendControlRequest
 .text.USB_Host_SetDeviceConfiguration
                0x00001fc8       0xcc C:\Users\edielson\Documents\Android\workspace\nxpUSBlib\libnxpUSBLib.a(HostStandardReq.o)
                0x00001fc8                USB_Host_SetDeviceConfiguration
 .text.USB_Host_GetDeviceDescriptor
                0x00002094       0x4c C:\Users\edielson\Documents\Android\workspace\nxpUSBlib\libnxpUSBLib.a(HostStandardReq.o)
                0x00002094                USB_Host_GetDeviceDescriptor
 .text.USB_USBTask
                0x000020e0        0xc C:\Users\edielson\Documents\Android\workspace\nxpUSBlib\libnxpUSBLib.a(USBTask.o)
                0x000020e0                USB_USBTask
 .text.USB_HostTask
                0x000020ec       0x3c C:\Users\edielson\Documents\Android\workspace\nxpUSBlib\libnxpUSBLib.a(USBTask.o)
 .text.USB_Host_ProcessNextHostState
                0x00002128      0x3fc C:\Users\edielson\Documents\Android\workspace\nxpUSBlib\libnxpUSBLib.a(Host_LPC.o)
                0x00002128                USB_Host_ProcessNextHostState
 .text.USB_Host_WaitMS
                0x00002524       0x1c C:\Users\edielson\Documents\Android\workspace\nxpUSBlib\libnxpUSBLib.a(Host_LPC.o)
                0x00002524                USB_Host_WaitMS
 .text.USB_Host_Enumerate
                0x00002540       0x3c C:\Users\edielson\Documents\Android\workspace\nxpUSBlib\libnxpUSBLib.a(Host_LPC.o)
                0x00002540                USB_Host_Enumerate
 .text.USB_Host_DeEnumerate
                0x0000257c       0x60 C:\Users\edielson\Documents\Android\workspace\nxpUSBlib\libnxpUSBLib.a(Host_LPC.o)
                0x0000257c                USB_Host_DeEnumerate
 .text.USB_Host_SetDeviceSpeed
                0x000025dc       0x28 C:\Users\edielson\Documents\Android\workspace\nxpUSBlib\libnxpUSBLib.a(Host_LPC.o)
                0x000025dc                USB_Host_SetDeviceSpeed
 .text.Pipe_Write_Stream_LE
                0x00002604      0x120 C:\Users\edielson\Documents\Android\workspace\nxpUSBlib\libnxpUSBLib.a(PipeStream_LPC.o)
                0x00002604                Pipe_Write_Stream_LE
 .text.Pipe_ConfigurePipe
                0x00002724      0x180 C:\Users\edielson\Documents\Android\workspace\nxpUSBlib\libnxpUSBLib.a(Pipe_LPC.o)
                0x00002724                Pipe_ConfigurePipe
 .text.Pipe_ClosePipe
                0x000028a4       0x98 C:\Users\edielson\Documents\Android\workspace\nxpUSBlib\libnxpUSBLib.a(Pipe_LPC.o)
                0x000028a4                Pipe_ClosePipe
 .text.Pipe_IsEndpointBound
                0x0000293c       0x1c C:\Users\edielson\Documents\Android\workspace\nxpUSBlib\libnxpUSBLib.a(Pipe_LPC.o)
                0x0000293c                Pipe_IsEndpointBound
 .text.Pipe_IsINReceived
                0x00002958       0xf0 C:\Users\edielson\Documents\Android\workspace\nxpUSBlib\libnxpUSBLib.a(Pipe_LPC.o)
                0x00002958                Pipe_IsINReceived
 .text.USB_Init
                0x00002a48       0x2c C:\Users\edielson\Documents\Android\workspace\nxpUSBlib\libnxpUSBLib.a(USBController_LPC.o)
                0x00002a48                USB_Init
 .text.USB_ResetInterface
                0x00002a74        0xc C:\Users\edielson\Documents\Android\workspace\nxpUSBlib\libnxpUSBLib.a(USBController_LPC.o)
                0x00002a74                USB_ResetInterface
 .text.USB_Init_Host
                0x00002a80       0x80 C:\Users\edielson\Documents\Android\workspace\nxpUSBlib\libnxpUSBLib.a(USBController_LPC.o)
 .text.Align4k  0x00002b00       0x20 C:\Users\edielson\Documents\Android\workspace\nxpUSBlib\libnxpUSBLib.a(OHCI.o)
 .text.Offset4k
                0x00002b20       0x20 C:\Users\edielson\Documents\Android\workspace\nxpUSBlib\libnxpUSBLib.a(OHCI.o)
 .text.HcdGetDeviceSpeed
                0x00002b40       0x58 C:\Users\edielson\Documents\Android\workspace\nxpUSBlib\libnxpUSBLib.a(OHCI.o)
                0x00002b40                HcdGetDeviceSpeed
 .text.HcdGetFrameNumber
                0x00002b98       0x34 C:\Users\edielson\Documents\Android\workspace\nxpUSBlib\libnxpUSBLib.a(OHCI.o)
                0x00002b98                HcdGetFrameNumber
 .text.HcdRhPortReset
                0x00002bcc       0x5c C:\Users\edielson\Documents\Android\workspace\nxpUSBlib\libnxpUSBLib.a(OHCI.o)
                0x00002bcc                HcdRhPortReset
 .text.HcdInitDriver
                0x00002c28       0x5c C:\Users\edielson\Documents\Android\workspace\nxpUSBlib\libnxpUSBLib.a(OHCI.o)
                0x00002c28                HcdInitDriver
 .text.HcdDeInitDriver
                0x00002c84       0x1c C:\Users\edielson\Documents\Android\workspace\nxpUSBlib\libnxpUSBLib.a(OHCI.o)
                0x00002c84                HcdDeInitDriver
 .text.HcdOpenPipe
                0x00002ca0      0x114 C:\Users\edielson\Documents\Android\workspace\nxpUSBlib\libnxpUSBLib.a(OHCI.o)
                0x00002ca0                HcdOpenPipe
 .text.HcdCancelTransfer
                0x00002db4      0x134 C:\Users\edielson\Documents\Android\workspace\nxpUSBlib\libnxpUSBLib.a(OHCI.o)
                0x00002db4                HcdCancelTransfer
 .text.HcdClosePipe
                0x00002ee8       0x70 C:\Users\edielson\Documents\Android\workspace\nxpUSBlib\libnxpUSBLib.a(OHCI.o)
                0x00002ee8                HcdClosePipe
 .text.HcdControlTransfer
                0x00002f58      0x164 C:\Users\edielson\Documents\Android\workspace\nxpUSBlib\libnxpUSBLib.a(OHCI.o)
                0x00002f58                HcdControlTransfer
 .text.QueueOneITD
                0x000030bc      0x17c C:\Users\edielson\Documents\Android\workspace\nxpUSBlib\libnxpUSBLib.a(OHCI.o)
 .text.QueueITDs
                0x00003238       0xb0 C:\Users\edielson\Documents\Android\workspace\nxpUSBlib\libnxpUSBLib.a(OHCI.o)
 .text.HcdDataTransfer
                0x000032e8      0x138 C:\Users\edielson\Documents\Android\workspace\nxpUSBlib\libnxpUSBLib.a(OHCI.o)
                0x000032e8                HcdDataTransfer
 .text.HcdGetPipeStatus
                0x00003420       0x40 C:\Users\edielson\Documents\Android\workspace\nxpUSBlib\libnxpUSBLib.a(OHCI.o)
                0x00003420                HcdGetPipeStatus
 .text.OHciRhStatusChangeIsr
                0x00003460       0x2c C:\Users\edielson\Documents\Android\workspace\nxpUSBlib\libnxpUSBLib.a(OHCI.o)
 .text.ProcessDoneQueue
                0x0000348c      0x190 C:\Users\edielson\Documents\Android\workspace\nxpUSBlib\libnxpUSBLib.a(OHCI.o)
 .text.HcdIrqHandler
                0x0000361c      0x168 C:\Users\edielson\Documents\Android\workspace\nxpUSBlib\libnxpUSBLib.a(OHCI.o)
                0x0000361c                HcdIrqHandler
 .text.QueueOneGTD
                0x00003784       0xa4 C:\Users\edielson\Documents\Android\workspace\nxpUSBlib\libnxpUSBLib.a(OHCI.o)
 .text.QueueGTDs
                0x00003828       0x80 C:\Users\edielson\Documents\Android\workspace\nxpUSBlib\libnxpUSBLib.a(OHCI.o)
 .text.WaitForTransferComplete
                0x000038a8       0x34 C:\Users\edielson\Documents\Android\workspace\nxpUSBlib\libnxpUSBLib.a(OHCI.o)
 .text.InsertEndpoint
                0x000038dc       0x68 C:\Users\edielson\Documents\Android\workspace\nxpUSBlib\libnxpUSBLib.a(OHCI.o)
 .text.RemoveEndpoint
                0x00003944       0x84 C:\Users\edielson\Documents\Android\workspace\nxpUSBlib\libnxpUSBLib.a(OHCI.o)
 .text.BuildPeriodicStaticEdTree
                0x000039c8       0x68 C:\Users\edielson\Documents\Android\workspace\nxpUSBlib\libnxpUSBLib.a(OHCI.o)
 .text.Align16  0x00003a30       0x1c C:\Users\edielson\Documents\Android\workspace\nxpUSBlib\libnxpUSBLib.a(OHCI.o)
 .text.HcdED    0x00003a4c       0x24 C:\Users\edielson\Documents\Android\workspace\nxpUSBlib\libnxpUSBLib.a(OHCI.o)
 .text.HcdGTD   0x00003a70       0x24 C:\Users\edielson\Documents\Android\workspace\nxpUSBlib\libnxpUSBLib.a(OHCI.o)
 .text.HcdITD   0x00003a94       0x24 C:\Users\edielson\Documents\Android\workspace\nxpUSBlib\libnxpUSBLib.a(OHCI.o)
 .text.IsIsoEndpoint
                0x00003ab8       0x28 C:\Users\edielson\Documents\Android\workspace\nxpUSBlib\libnxpUSBLib.a(OHCI.o)
 .text.PipehandleCreate
                0x00003ae0       0x2c C:\Users\edielson\Documents\Android\workspace\nxpUSBlib\libnxpUSBLib.a(OHCI.o)
 .text.PipehandleParse
                0x00003b0c       0x5c C:\Users\edielson\Documents\Android\workspace\nxpUSBlib\libnxpUSBLib.a(OHCI.o)
 .text.AllocEd  0x00003b68      0x1d0 C:\Users\edielson\Documents\Android\workspace\nxpUSBlib\libnxpUSBLib.a(OHCI.o)
 .text.AllocGtdForEd
                0x00003d38      0x11c C:\Users\edielson\Documents\Android\workspace\nxpUSBlib\libnxpUSBLib.a(OHCI.o)
 .text.AllocItdForEd
                0x00003e54      0x110 C:\Users\edielson\Documents\Android\workspace\nxpUSBlib\libnxpUSBLib.a(OHCI.o)
 .text.FreeED   0x00003f64       0x70 C:\Users\edielson\Documents\Android\workspace\nxpUSBlib\libnxpUSBLib.a(OHCI.o)
 .text.FreeGtd  0x00003fd4       0x24 C:\Users\edielson\Documents\Android\workspace\nxpUSBlib\libnxpUSBLib.a(OHCI.o)
 .text.FreeItd  0x00003ff8       0x28 C:\Users\edielson\Documents\Android\workspace\nxpUSBlib\libnxpUSBLib.a(OHCI.o)
 .text.OHciHostInit
                0x00004020      0x19c C:\Users\edielson\Documents\Android\workspace\nxpUSBlib\libnxpUSBLib.a(OHCI.o)
 .text.OHciHostReset
                0x000041bc       0x40 C:\Users\edielson\Documents\Android\workspace\nxpUSBlib\libnxpUSBLib.a(OHCI.o)
 .text.OHciHostOperational
                0x000041fc       0x38 C:\Users\edielson\Documents\Android\workspace\nxpUSBlib\libnxpUSBLib.a(OHCI.o)
 .text.HcdDelayUS
                0x00004234       0x30 C:\Users\edielson\Documents\Android\workspace\nxpUSBlib\libnxpUSBLib.a(HCD.o)
                0x00004234                HcdDelayUS
 .text.HcdDelayMS
                0x00004264       0x30 C:\Users\edielson\Documents\Android\workspace\nxpUSBlib\libnxpUSBLib.a(HCD.o)
                0x00004264                HcdDelayMS
 .text.OpenPipe_VerifyParameters
                0x00004294      0x18c C:\Users\edielson\Documents\Android\workspace\nxpUSBlib\libnxpUSBLib.a(HCD.o)
                0x00004294                OpenPipe_VerifyParameters
 .text.NVIC_EnableIRQ
                0x00004420       0x38 C:\Users\edielson\Documents\Android\workspace\nxpUSBlib\libnxpUSBLib.a(HAL_LPC17xx.o)
 .text.HAL_USBInit
                0x00004458       0x88 C:\Users\edielson\Documents\Android\workspace\nxpUSBlib\libnxpUSBLib.a(HAL_LPC17xx.o)
                0x00004458                HAL_USBInit
 .text.HAL_EnableUSBInterrupt
                0x000044e0       0x10 C:\Users\edielson\Documents\Android\workspace\nxpUSBlib\libnxpUSBLib.a(HAL_LPC17xx.o)
                0x000044e0                HAL_EnableUSBInterrupt
 .text.USB_IRQHandler
                0x000044f0       0x10 C:\Users\edielson\Documents\Android\workspace\nxpUSBlib\libnxpUSBLib.a(HAL_LPC17xx.o)
                0x000044f0                USB_IRQHandler
 .text.USB_Memory_Init
                0x00004500       0x54 C:\Users\edielson\Documents\Android\workspace\nxpUSBlib\libnxpUSBLib.a(USBMemory.o)
                0x00004500                USB_Memory_Init
 .text.USB_Memory_Alloc
                0x00004554      0x144 C:\Users\edielson\Documents\Android\workspace\nxpUSBlib\libnxpUSBLib.a(USBMemory.o)
                0x00004554                USB_Memory_Alloc
 .text.USB_Memory_Free
                0x00004698      0x174 C:\Users\edielson\Documents\Android\workspace\nxpUSBlib\libnxpUSBLib.a(USBMemory.o)
                0x00004698                USB_Memory_Free
 .text.ADC_Init
                0x0000480c       0x70 C:\Users\edielson\Documents\Android\workspace\CDL\libCDL.a(lpc17xx_adc.o)
                0x0000480c                ADC_Init
 .text.ADC_IntConfig
                0x0000487c       0x50 C:\Users\edielson\Documents\Android\workspace\CDL\libCDL.a(lpc17xx_adc.o)
                0x0000487c                ADC_IntConfig
 .text.ADC_ChannelCmd
                0x000048cc       0x54 C:\Users\edielson\Documents\Android\workspace\CDL\libCDL.a(lpc17xx_adc.o)
                0x000048cc                ADC_ChannelCmd
 .text.ADC_ChannelGetData
                0x00004920       0x3c C:\Users\edielson\Documents\Android\workspace\CDL\libCDL.a(lpc17xx_adc.o)
                0x00004920                ADC_ChannelGetData
 .text.ADC_ChannelGetStatus
                0x0000495c       0x54 C:\Users\edielson\Documents\Android\workspace\CDL\libCDL.a(lpc17xx_adc.o)
                0x0000495c                ADC_ChannelGetStatus
 .text.CLKPWR_SetPCLKDiv
                0x000049b0       0xd4 C:\Users\edielson\Documents\Android\workspace\CDL\libCDL.a(lpc17xx_clkpwr.o)
                0x000049b0                CLKPWR_SetPCLKDiv
 .text.CLKPWR_GetPCLKSEL
                0x00004a84       0x54 C:\Users\edielson\Documents\Android\workspace\CDL\libCDL.a(lpc17xx_clkpwr.o)
                0x00004a84                CLKPWR_GetPCLKSEL
 .text.CLKPWR_GetPCLK
                0x00004ad8       0x70 C:\Users\edielson\Documents\Android\workspace\CDL\libCDL.a(lpc17xx_clkpwr.o)
                0x00004ad8                CLKPWR_GetPCLK
 .text.CLKPWR_ConfigPPWR
                0x00004b48       0x80 C:\Users\edielson\Documents\Android\workspace\CDL\libCDL.a(lpc17xx_clkpwr.o)
                0x00004b48                CLKPWR_ConfigPPWR
 .text.GPIO_GetPointer
                0x00004bc8       0x7c C:\Users\edielson\Documents\Android\workspace\CDL\libCDL.a(lpc17xx_gpio.o)
 .text.GPIO_SetDir
                0x00004c44       0x50 C:\Users\edielson\Documents\Android\workspace\CDL\libCDL.a(lpc17xx_gpio.o)
                0x00004c44                GPIO_SetDir
 .text.GPIO_SetValue
                0x00004c94       0x2c C:\Users\edielson\Documents\Android\workspace\CDL\libCDL.a(lpc17xx_gpio.o)
                0x00004c94                GPIO_SetValue
 .text.GPIO_ClearValue
                0x00004cc0       0x2c C:\Users\edielson\Documents\Android\workspace\CDL\libCDL.a(lpc17xx_gpio.o)
                0x00004cc0                GPIO_ClearValue
 .text.GPIO_ReadValue
                0x00004cec       0x30 C:\Users\edielson\Documents\Android\workspace\CDL\libCDL.a(lpc17xx_gpio.o)
                0x00004cec                GPIO_ReadValue
 .text.NVIC_EnableIRQ
                0x00004d1c       0x38 C:\Users\edielson\Documents\Android\workspace\CDL\libCDL.a(lpc17xx_i2c.o)
 .text.NVIC_DisableIRQ
                0x00004d54       0x3c C:\Users\edielson\Documents\Android\workspace\CDL\libCDL.a(lpc17xx_i2c.o)
 .text.I2C_getNum
                0x00004d90       0x54 C:\Users\edielson\Documents\Android\workspace\CDL\libCDL.a(lpc17xx_i2c.o)
 .text.I2C_Start
                0x00004de4       0x44 C:\Users\edielson\Documents\Android\workspace\CDL\libCDL.a(lpc17xx_i2c.o)
 .text.I2C_Stop
                0x00004e28       0x38 C:\Users\edielson\Documents\Android\workspace\CDL\libCDL.a(lpc17xx_i2c.o)
 .text.I2C_SendByte
                0x00004e60       0x50 C:\Users\edielson\Documents\Android\workspace\CDL\libCDL.a(lpc17xx_i2c.o)
 .text.I2C_GetByte
                0x00004eb0       0x5c C:\Users\edielson\Documents\Android\workspace\CDL\libCDL.a(lpc17xx_i2c.o)
 .text.I2C_SetClock
                0x00004f0c       0x8c C:\Users\edielson\Documents\Android\workspace\CDL\libCDL.a(lpc17xx_i2c.o)
 .text.I2C_Init
                0x00004f98       0x9c C:\Users\edielson\Documents\Android\workspace\CDL\libCDL.a(lpc17xx_i2c.o)
                0x00004f98                I2C_Init
 .text.I2C_Cmd  0x00005034       0x30 C:\Users\edielson\Documents\Android\workspace\CDL\libCDL.a(lpc17xx_i2c.o)
                0x00005034                I2C_Cmd
 .text.I2C_IntCmd
                0x00005064       0xa8 C:\Users\edielson\Documents\Android\workspace\CDL\libCDL.a(lpc17xx_i2c.o)
                0x00005064                I2C_IntCmd
 .text.I2C_MasterTransferData
                0x0000510c      0x33c C:\Users\edielson\Documents\Android\workspace\CDL\libCDL.a(lpc17xx_i2c.o)
                0x0000510c                I2C_MasterTransferData
 .text.set_PinFunc
                0x00005448       0xa0 C:\Users\edielson\Documents\Android\workspace\CDL\libCDL.a(lpc17xx_pinsel.o)
 .text.set_ResistorMode
                0x000054e8       0xa0 C:\Users\edielson\Documents\Android\workspace\CDL\libCDL.a(lpc17xx_pinsel.o)
 .text.set_OpenDrainMode
                0x00005588       0x80 C:\Users\edielson\Documents\Android\workspace\CDL\libCDL.a(lpc17xx_pinsel.o)
 .text.PINSEL_ConfigPin
                0x00005608       0x54 C:\Users\edielson\Documents\Android\workspace\CDL\libCDL.a(lpc17xx_pinsel.o)
                0x00005608                PINSEL_ConfigPin
 .text.uart_set_divisors
                0x0000565c      0x314 C:\Users\edielson\Documents\Android\workspace\CDL\libCDL.a(lpc17xx_uart.o)
 .text.UART_Init
                0x00005970      0x298 C:\Users\edielson\Documents\Android\workspace\CDL\libCDL.a(lpc17xx_uart.o)
                0x00005970                UART_Init
 .text.UART_ConfigStructInit
                0x00005c08       0x34 C:\Users\edielson\Documents\Android\workspace\CDL\libCDL.a(lpc17xx_uart.o)
                0x00005c08                UART_ConfigStructInit
 .text.UART_SendByte
                0x00005c3c       0x34 C:\Users\edielson\Documents\Android\workspace\CDL\libCDL.a(lpc17xx_uart.o)
                0x00005c3c                UART_SendByte
 .text.UART_Send
                0x00005c70      0x10c C:\Users\edielson\Documents\Android\workspace\CDL\libCDL.a(lpc17xx_uart.o)
                0x00005c70                UART_Send
 .text.UART_TxCmd
                0x00005d7c       0x88 C:\Users\edielson\Documents\Android\workspace\CDL\libCDL.a(lpc17xx_uart.o)
                0x00005d7c                UART_TxCmd
 .text.SystemInit
                0x00005e04      0x240 C:\Users\edielson\Documents\Android\workspace\CDL\libCDL.a(system_LPC17xx.o)
                0x00005e04                SystemInit
 .text.__main   0x00006044       0x14 c:/code_red/redsuitenxp_4.2.2_361/redsuite/tools/bin/../lib/gcc/arm-none-eabi/4.5.1/../../../../arm-none-eabi/lib/thumb2\libcr_semihost.a(_cr__main.o)
                0x00006044                __CR_SEMIHOST
                0x00006044                __main
 .text.fp_round
                0x00006058       0x56 c:/code_red/redsuitenxp_4.2.2_361/redsuite/tools/bin/../lib/gcc/arm-none-eabi/4.5.1/../../../../arm-none-eabi/lib/thumb2\libcr_c.a(fpprintf.o)
 .text.lose_trailing_zeros
                0x000060ae       0x1e c:/code_red/redsuitenxp_4.2.2_361/redsuite/tools/bin/../lib/gcc/arm-none-eabi/4.5.1/../../../../arm-none-eabi/lib/thumb2\libcr_c.a(fpprintf.o)
 .text.pr_dec.clone.0
                0x000060cc       0x24 c:/code_red/redsuitenxp_4.2.2_361/redsuite/tools/bin/../lib/gcc/arm-none-eabi/4.5.1/../../../../arm-none-eabi/lib/thumb2\libcr_c.a(fpprintf.o)
 .text.sprintf  0x000060f0       0x70 c:/code_red/redsuitenxp_4.2.2_361/redsuite/tools/bin/../lib/gcc/arm-none-eabi/4.5.1/../../../../arm-none-eabi/lib/thumb2\libcr_c.a(fpprintf.o)
                0x000060f0                sprintf
 .text.fp_display
                0x00006160      0x918 c:/code_red/redsuitenxp_4.2.2_361/redsuite/tools/bin/../lib/gcc/arm-none-eabi/4.5.1/../../../../arm-none-eabi/lib/thumb2\libcr_c.a(fpprintf.o)
 .text.vsnprintf
                0x00006a78       0x5c c:/code_red/redsuitenxp_4.2.2_361/redsuite/tools/bin/../lib/gcc/arm-none-eabi/4.5.1/../../../../arm-none-eabi/lib/thumb2\libcr_c.a(fpprintf.o)
                0x00006a78                vsnprintf
 .text.printf   0x00006ad4       0x50 c:/code_red/redsuitenxp_4.2.2_361/redsuite/tools/bin/../lib/gcc/arm-none-eabi/4.5.1/../../../../arm-none-eabi/lib/thumb2\libcr_c.a(fpprintf.o)
                0x00006ad4                printf
 .text._initio  0x00006b24       0x9c c:/code_red/redsuitenxp_4.2.2_361/redsuite/tools/bin/../lib/gcc/arm-none-eabi/4.5.1/../../../../arm-none-eabi/lib/thumb2\libcr_c.a(initio.o)
                0x00006b24                _initio
 .text.__vfprintf
                0x00006bc0      0xc3c c:/code_red/redsuitenxp_4.2.2_361/redsuite/tools/bin/../lib/gcc/arm-none-eabi/4.5.1/../../../../arm-none-eabi/lib/thumb2\libcr_c.a(printf.o)
                0x00006bc0                __vfprintf
 .text.puts     0x000077fc       0x34 c:/code_red/redsuitenxp_4.2.2_361/redsuite/tools/bin/../lib/gcc/arm-none-eabi/4.5.1/../../../../arm-none-eabi/lib/thumb2\libcr_c.a(puts.o)
                0x000077fc                puts
 .text.setvbuf  0x00007830       0x48 c:/code_red/redsuitenxp_4.2.2_361/redsuite/tools/bin/../lib/gcc/arm-none-eabi/4.5.1/../../../../arm-none-eabi/lib/thumb2\libcr_c.a(setvbuf.o)
                0x00007830                setvbuf
 .text.strlen   0x00007878       0x4e c:/code_red/redsuitenxp_4.2.2_361/redsuite/tools/bin/../lib/gcc/arm-none-eabi/4.5.1/../../../../arm-none-eabi/lib/thumb2\libcr_c.a(strlen.o)
                0x00007878                strlen
 .text.memcpy   0x000078c6        0x4 c:/code_red/redsuitenxp_4.2.2_361/redsuite/tools/bin/../lib/gcc/arm-none-eabi/4.5.1/../../../../arm-none-eabi/lib/thumb2\libcr_c.a(memcpy.o)
                0x000078c6                memcpy
 .text.memset   0x000078ca        0x4 c:/code_red/redsuitenxp_4.2.2_361/redsuite/tools/bin/../lib/gcc/arm-none-eabi/4.5.1/../../../../arm-none-eabi/lib/thumb2\libcr_c.a(memset.o)
                0x000078ca                memset
 .text._deferredlazyseek
                0x000078ce       0x44 c:/code_red/redsuitenxp_4.2.2_361/redsuite/tools/bin/../lib/gcc/arm-none-eabi/4.5.1/../../../../arm-none-eabi/lib/thumb2\libcr_c.a(_deferredlazyseek.o)
                0x000078ce                _deferredlazyseek
 .text.__flsbuf
                0x00007912      0x15e c:/code_red/redsuitenxp_4.2.2_361/redsuite/tools/bin/../lib/gcc/arm-none-eabi/4.5.1/../../../../arm-none-eabi/lib/thumb2\libcr_c.a(_deferredlazyseek.o)
                0x00007912                __flsbuf
 .text._fdopen  0x00007a70       0x6e c:/code_red/redsuitenxp_4.2.2_361/redsuite/tools/bin/../lib/gcc/arm-none-eabi/4.5.1/../../../../arm-none-eabi/lib/thumb2\libcr_c.a(_fdopen.o)
                0x00007a70                _fdopen
 .text._fflush  0x00007ade       0x58 c:/code_red/redsuitenxp_4.2.2_361/redsuite/tools/bin/../lib/gcc/arm-none-eabi/4.5.1/../../../../arm-none-eabi/lib/thumb2\libcr_c.a(_fflush.o)
                0x00007ade                _fflush
 .text._frexpl  0x00007b36       0x62 c:/code_red/redsuitenxp_4.2.2_361/redsuite/tools/bin/../lib/gcc/arm-none-eabi/4.5.1/../../../../arm-none-eabi/lib/thumb2\libcr_c.a(_frexpl.o)
                0x00007b36                _frexpl
 .text._ldexpl  0x00007b98       0x50 c:/code_red/redsuitenxp_4.2.2_361/redsuite/tools/bin/../lib/gcc/arm-none-eabi/4.5.1/../../../../arm-none-eabi/lib/thumb2\libcr_c.a(_ldexpl.o)
                0x00007b98                _ldexpl
 .text._Cwritebuf
                0x00007be8       0x88 c:/code_red/redsuitenxp_4.2.2_361/redsuite/tools/bin/../lib/gcc/arm-none-eabi/4.5.1/../../../../arm-none-eabi/lib/thumb2\libcr_c.a(_writebuf.o)
                0x00007be8                _Cwritebuf
 .text.malloc   0x00007c70       0xd0 c:/code_red/redsuitenxp_4.2.2_361/redsuite/tools/bin/../lib/gcc/arm-none-eabi/4.5.1/../../../../arm-none-eabi/lib/thumb2\libcr_c.a(alloc.o)
                0x00007c70                malloc
 .text.free     0x00007d40        0xa c:/code_red/redsuitenxp_4.2.2_361/redsuite/tools/bin/../lib/gcc/arm-none-eabi/4.5.1/../../../../arm-none-eabi/lib/thumb2\libcr_c.a(alloc.o)
                0x00007d40                free
 *fill*         0x00007d4a        0x2 00
 .text._Csys_alloc
                0x00007d4c       0x20 c:/code_red/redsuitenxp_4.2.2_361/redsuite/tools/bin/../lib/gcc/arm-none-eabi/4.5.1/../../../../arm-none-eabi/lib/thumb2\libcr_c.a(alloc.o)
                0x00007d4c                _Csys_alloc
 .text.fclose   0x00007d6c       0x72 c:/code_red/redsuitenxp_4.2.2_361/redsuite/tools/bin/../lib/gcc/arm-none-eabi/4.5.1/../../../../arm-none-eabi/lib/thumb2\libcr_c.a(fclose.o)
                0x00007d6c                fclose
 *fill*         0x00007dde        0x2 00
 .text.fflush   0x00007de0       0x34 c:/code_red/redsuitenxp_4.2.2_361/redsuite/tools/bin/../lib/gcc/arm-none-eabi/4.5.1/../../../../arm-none-eabi/lib/thumb2\libcr_c.a(fflush.o)
                0x00007de0                fflush
 .text.fseek    0x00007e14      0x110 c:/code_red/redsuitenxp_4.2.2_361/redsuite/tools/bin/../lib/gcc/arm-none-eabi/4.5.1/../../../../arm-none-eabi/lib/thumb2\libcr_c.a(fseek.o)
                0x00007e14                fseek
 .text.ftell    0x00007f24       0x50 c:/code_red/redsuitenxp_4.2.2_361/redsuite/tools/bin/../lib/gcc/arm-none-eabi/4.5.1/../../../../arm-none-eabi/lib/thumb2\libcr_c.a(ftell.o)
                0x00007f24                ftell
 .text.remove   0x00007f74       0x14 c:/code_red/redsuitenxp_4.2.2_361/redsuite/tools/bin/../lib/gcc/arm-none-eabi/4.5.1/../../../../arm-none-eabi/lib/thumb2\libcr_c.a(remove.o)
                0x00007f74                remove
 .text._do_fflush
                0x00007f88       0x44 c:/code_red/redsuitenxp_4.2.2_361/redsuite/tools/bin/../lib/gcc/arm-none-eabi/4.5.1/../../../../arm-none-eabi/lib/thumb2\libcr_c.a(_do_fflush.o)
                0x00007f88                _do_fflush
 .text.__aeabi_division_uldivmod
                0x00007fcc      0x174 c:/code_red/redsuitenxp_4.2.2_361/redsuite/tools/bin/../lib/gcc/arm-none-eabi/4.5.1/thumb2\libcr_eabihelpers.a(division.o)
                0x00007fcc                __aeabi_uldivmod
                0x00007fd0                __bhs_ldivmod1
 .text.__aeabi_division_idiv0
                0x00008140        0x2 c:/code_red/redsuitenxp_4.2.2_361/redsuite/tools/bin/../lib/gcc/arm-none-eabi/4.5.1/thumb2\libcr_eabihelpers.a(division.o)
                0x00008140                __aeabi_idiv0
 *fill*         0x00008142        0x2 00
 .text.__aeabi_dmul
                0x00008144      0x128 c:/code_red/redsuitenxp_4.2.2_361/redsuite/tools/bin/../lib/gcc/arm-none-eabi/4.5.1/thumb2\libcr_eabihelpers.a(double.o)
                0x00008144                __aeabi_dmul
 .text.__aeabi_ddiv
                0x0000826c      0x144 c:/code_red/redsuitenxp_4.2.2_361/redsuite/tools/bin/../lib/gcc/arm-none-eabi/4.5.1/thumb2\libcr_eabihelpers.a(double.o)
                0x0000826c                __aeabi_ddiv
 .text.__aeabi_dsub
                0x000083b0      0x1d8 c:/code_red/redsuitenxp_4.2.2_361/redsuite/tools/bin/../lib/gcc/arm-none-eabi/4.5.1/thumb2\libcr_eabihelpers.a(double.o)
                0x000083b0                __aeabi_dsub
 .text.__aeabi_dadd
                0x00008588      0x13c c:/code_red/redsuitenxp_4.2.2_361/redsuite/tools/bin/../lib/gcc/arm-none-eabi/4.5.1/thumb2\libcr_eabihelpers.a(double.o)
                0x00008588                __aeabi_dadd
 .text.__aeabi_d2iz
                0x000086c4       0x3e c:/code_red/redsuitenxp_4.2.2_361/redsuite/tools/bin/../lib/gcc/arm-none-eabi/4.5.1/thumb2\libcr_eabihelpers.a(double.o)
                0x000086c4                __aeabi_d2iz
 .text.__bhs_ui2d
                0x00008702       0x50 c:/code_red/redsuitenxp_4.2.2_361/redsuite/tools/bin/../lib/gcc/arm-none-eabi/4.5.1/thumb2\libcr_eabihelpers.a(double.o)
                0x00008702                __bhs_ui2d
 .text.__aeabi_i2d
                0x00008752       0x10 c:/code_red/redsuitenxp_4.2.2_361/redsuite/tools/bin/../lib/gcc/arm-none-eabi/4.5.1/thumb2\libcr_eabihelpers.a(double.o)
                0x00008752                __aeabi_i2d
 .text.__aeabi_dcmpeq
                0x00008762       0x36 c:/code_red/redsuitenxp_4.2.2_361/redsuite/tools/bin/../lib/gcc/arm-none-eabi/4.5.1/thumb2\libcr_eabihelpers.a(double.o)
                0x00008762                __aeabi_dcmpeq
 .text.__aeabi_dcmplt
                0x00008798       0x5a c:/code_red/redsuitenxp_4.2.2_361/redsuite/tools/bin/../lib/gcc/arm-none-eabi/4.5.1/thumb2\libcr_eabihelpers.a(double.o)
                0x00008798                __aeabi_dcmplt
 .text.__aeabi_dcmple
                0x000087f2       0x5a c:/code_red/redsuitenxp_4.2.2_361/redsuite/tools/bin/../lib/gcc/arm-none-eabi/4.5.1/thumb2\libcr_eabihelpers.a(double.o)
                0x000087f2                __aeabi_dcmple
 .text.__aeabi_dcmpge
                0x0000884c       0x5a c:/code_red/redsuitenxp_4.2.2_361/redsuite/tools/bin/../lib/gcc/arm-none-eabi/4.5.1/thumb2\libcr_eabihelpers.a(double.o)
                0x0000884c                __aeabi_dcmpge
 .text.__aeabi_memcpy
                0x000088a6       0x26 c:/code_red/redsuitenxp_4.2.2_361/redsuite/tools/bin/../lib/gcc/arm-none-eabi/4.5.1/thumb2\libcr_eabihelpers.a(memcpy.o)
                0x000088a6                __aeabi_memcpy4
                0x000088a6                __aeabi_memcpy8
                0x000088a6                __aeabi_memcpy
 .text.__aeabi_memset_lowlevel
                0x000088cc       0x24 c:/code_red/redsuitenxp_4.2.2_361/redsuite/tools/bin/../lib/gcc/arm-none-eabi/4.5.1/thumb2\libcr_eabihelpers.a(memcpy.o)
                0x000088cc                __aeabi_lowlevel_memset
 .text.__sys_appexit
                0x000088f0        0xc c:/code_red/redsuitenxp_4.2.2_361/redsuite/tools/bin/../lib/gcc/arm-none-eabi/4.5.1/../../../../arm-none-eabi/lib/thumb2\libcr_semihost.a(__sys_appexit.o)
                0x000088f0                __sys_appexit
                0x000088f0                __exit
 .text.__sys_close
                0x000088fc        0xc c:/code_red/redsuitenxp_4.2.2_361/redsuite/tools/bin/../lib/gcc/arm-none-eabi/4.5.1/../../../../arm-none-eabi/lib/thumb2\libcr_semihost.a(__sys_close.o)
                0x000088fc                __sys_close
 .text.__sys_flen
                0x00008908        0xc c:/code_red/redsuitenxp_4.2.2_361/redsuite/tools/bin/../lib/gcc/arm-none-eabi/4.5.1/../../../../arm-none-eabi/lib/thumb2\libcr_semihost.a(__sys_flen.o)
                0x00008908                __sys_flen
 .text.__sys_istty
                0x00008914        0xc c:/code_red/redsuitenxp_4.2.2_361/redsuite/tools/bin/../lib/gcc/arm-none-eabi/4.5.1/../../../../arm-none-eabi/lib/thumb2\libcr_semihost.a(__sys_istty.o)
                0x00008914                __sys_istty
 .text.__sys_remove
                0x00008920        0xc c:/code_red/redsuitenxp_4.2.2_361/redsuite/tools/bin/../lib/gcc/arm-none-eabi/4.5.1/../../../../arm-none-eabi/lib/thumb2\libcr_semihost.a(__sys_remove.o)
                0x00008920                __sys_remove
 .text.__sys_seek
                0x0000892c        0xc c:/code_red/redsuitenxp_4.2.2_361/redsuite/tools/bin/../lib/gcc/arm-none-eabi/4.5.1/../../../../arm-none-eabi/lib/thumb2\libcr_semihost.a(__sys_seek.o)
                0x0000892c                __sys_seek
 .text.__sys_tmpnam
                0x00008938        0xc c:/code_red/redsuitenxp_4.2.2_361/redsuite/tools/bin/../lib/gcc/arm-none-eabi/4.5.1/../../../../arm-none-eabi/lib/thumb2\libcr_semihost.a(__sys_tmpnam.o)
                0x00008938                __sys_tmpnam
 .text._sbrk    0x00008944       0x40 c:/code_red/redsuitenxp_4.2.2_361/redsuite/tools/bin/../lib/gcc/arm-none-eabi/4.5.1/../../../../arm-none-eabi/lib/thumb2\libcr_semihost.a(_cr_sbrk.o)
                0x00008944                _sbrk
 .text.__check_heap_overflow
                0x00008984       0x2c c:/code_red/redsuitenxp_4.2.2_361/redsuite/tools/bin/../lib/gcc/arm-none-eabi/4.5.1/../../../../arm-none-eabi/lib/thumb2\libcr_semihost.a(_cr_check_heap.o)
                0x00008984                __check_heap_overflow
 *(.rodata .rodata.*)
 .rodata        0x000089b0      0x2c8 ./src/AndroidAccessoryHost.o
 .rodata        0x00008c78       0x14 ./src/main.o
 .rodata.C.0.5662
                0x00008c8c        0x8 ./src/Lib/AndroidAccessoryCommands.o
 .rodata.C.1.5671
                0x00008c94        0x8 ./src/Lib/AndroidAccessoryCommands.o
 .rodata.C.0.4383
                0x00008c9c        0x8 C:\Users\edielson\Documents\Android\workspace\nxpUSBlib\libnxpUSBLib.a(HostStandardReq.o)
 .rodata.C.13.4439
                0x00008ca4        0x8 C:\Users\edielson\Documents\Android\workspace\nxpUSBlib\libnxpUSBLib.a(Host_LPC.o)
 .rodata.C.17.4450
                0x00008cac        0x8 C:\Users\edielson\Documents\Android\workspace\nxpUSBlib\libnxpUSBLib.a(Host_LPC.o)
 .rodata.str1.1
                0x00008cb4       0x34 c:/code_red/redsuitenxp_4.2.2_361/redsuite/tools/bin/../lib/gcc/arm-none-eabi/4.5.1/../../../../arm-none-eabi/lib/thumb2\libcr_c.a(fpprintf.o)
                                 0x35 (size before relaxing)
 .rodata.str1.1
                0x00008ce8        0x4 c:/code_red/redsuitenxp_4.2.2_361/redsuite/tools/bin/../lib/gcc/arm-none-eabi/4.5.1/../../../../arm-none-eabi/lib/thumb2\libcr_c.a(initio.o)
 .rodata.str1.1
                0x00008cec       0x31 c:/code_red/redsuitenxp_4.2.2_361/redsuite/tools/bin/../lib/gcc/arm-none-eabi/4.5.1/../../../../arm-none-eabi/lib/thumb2\libcr_c.a(printf.o)
                                 0x38 (size before relaxing)
 .rodata.str1.1
                0x00000000       0x31 c:/code_red/redsuitenxp_4.2.2_361/redsuite/tools/bin/../lib/gcc/arm-none-eabi/4.5.1/../../../../arm-none-eabi/lib/thumb2\libcr_c.a(puts.o)
                                  0x2 (size before relaxing)
 .rodata.str1.1
                0x00008d1d       0x18 c:/code_red/redsuitenxp_4.2.2_361/redsuite/tools/bin/../lib/gcc/arm-none-eabi/4.5.1/../../../../arm-none-eabi/lib/thumb2\libcr_c.a(alloc.o)
 .rodata.__ctype
                0x00008d35      0x180 c:/code_red/redsuitenxp_4.2.2_361/redsuite/tools/bin/../lib/gcc/arm-none-eabi/4.5.1/../../../../arm-none-eabi/lib/thumb2\libcr_c.a(ctype.o)
                0x00008d35                __ctype
 *fill*         0x00008eb5        0x3 00
 .rodata.__huge_vall
                0x00008eb8        0x8 c:/code_red/redsuitenxp_4.2.2_361/redsuite/tools/bin/../lib/gcc/arm-none-eabi/4.5.1/../../../../arm-none-eabi/lib/thumb2\libcr_c.a(_hugeval.o)
                0x00008eb8                __huge_vall
                0x00008ec0                . = ALIGN (0x4)

.glue_7         0x00008ec0        0x0
 .glue_7        0x00000000        0x0 linker stubs

.glue_7t        0x00008ec0        0x0
 .glue_7t       0x00000000        0x0 linker stubs

.vfp11_veneer   0x00008ec0        0x0
 .vfp11_veneer  0x00000000        0x0 linker stubs

.v4_bx          0x00008ec0        0x0
 .v4_bx         0x00000000        0x0 linker stubs

.ARM.extab
 *(.ARM.extab* .gnu.linkonce.armextab.*)
                0x00008ec0                __exidx_start = .

.ARM.exidx
 *(.ARM.exidx* .gnu.linkonce.armexidx.*)
                0x00008ec0                __exidx_end = .
                0x00008ec0                _etext = .

.data_RAM2      0x2007c000      0xe00 load address 0x00008ec0
 FILL mask 0xff
 *(.data.$RAM2*)
 .data.$RAM2    0x2007c000        0x8 C:\Users\edielson\Documents\Android\workspace\nxpUSBlib\libnxpUSBLib.a(USBTask.o)
                0x2007c000                USB_ControlRequest
 *fill*         0x2007c008       0xf8 00
 .data.$RAM2    0x2007c100      0x500 C:\Users\edielson\Documents\Android\workspace\nxpUSBlib\libnxpUSBLib.a(OHCI.o)
                0x2007c100                ohci_data
 .data.$RAM2    0x2007c600      0x800 C:\Users\edielson\Documents\Android\workspace\nxpUSBlib\libnxpUSBLib.a(USBMemory.o)
 *(.data.$RamAHB32*)
                0x2007ce00                . = ALIGN (0x4)

.uninit_RESERVED
 *(.bss.$RESERVED*)

.data           0x10000000       0x10 load address 0x00009cc0
 FILL mask 0xff
                0x10000000                _data = .
 *(vtable)
 *(.data*)
 .data.range    0x10000000        0x4 ./src/EaBaseBoard/light.o
 .data.width    0x10000004        0x4 ./src/EaBaseBoard/light.o
 .data.USB_Host_ControlPipeSize
                0x10000008        0x1 C:\Users\edielson\Documents\Android\workspace\nxpUSBlib\libnxpUSBLib.a(Host_LPC.o)
                0x10000008                USB_Host_ControlPipeSize
 *fill*         0x10000009        0x3 00
 .data.SystemCoreClock
                0x1000000c        0x4 C:\Users\edielson\Documents\Android\workspace\CDL\libCDL.a(system_LPC17xx.o)
                0x1000000c                SystemCoreClock
                0x10000010                . = ALIGN (0x4)
                0x10000010                _edata = .

.bss_RAM2       0x2007ce00        0x0
 *(.bss.$RAM2*)
 *(.bss.$RamAHB32*)
                0x2007ce00                . = ALIGN (0x4)

.bss            0x10000010      0x228
                0x10000010                _bss = .
 *(.bss*)
 .bss.lastTempCheck
                0x10000010        0x4 ./src/AndroidAccessoryHost.o
 .bss.lastPosCheck
                0x10000014        0x4 ./src/AndroidAccessoryHost.o
 .bss.lastAnalogCheck
                0x10000018        0x4 ./src/AndroidAccessoryHost.o
 .bss.lastTemp  0x1000001c        0x4 ./src/AndroidAccessoryHost.o
 .bss.lastJoyState
                0x10000020        0x1 ./src/AndroidAccessoryHost.o
 .bss.connected
                0x10000021        0x1 ./src/AndroidAccessoryHost.o
 .bss.doDisconnect
                0x10000022        0x1 ./src/AndroidAccessoryHost.o
 *fill*         0x10000023        0x1 00
 .bss.ptagLastPosition
                0x10000024        0x4 ./src/AndroidAccessoryHost.o
 .bss.rgbRed    0x10000028        0x4 ./src/AndroidAccessoryHost.o
 .bss.rgbGreen  0x1000002c        0x4 ./src/AndroidAccessoryHost.o
 .bss.rgbBlue   0x10000030        0x4 ./src/AndroidAccessoryHost.o
 .bss.msTicks   0x10000034        0x4 ./src/main.o
 .bss.getTicks  0x10000038        0x4 ./src/EaBaseBoard/temp.o
 .bss.CurrentHostID
                0x1000003c        0x1 C:\Users\edielson\Documents\Android\workspace\nxpUSBlib\libnxpUSBLib.a(Host_LPC.o)
 *fill*         0x1000003d        0x1 00
 .bss.WaitMSRemaining.3411
                0x1000003e        0x2 C:\Users\edielson\Documents\Android\workspace\nxpUSBlib\libnxpUSBLib.a(Host_LPC.o)
 .bss.PostWaitState.3412
                0x10000040        0x1 C:\Users\edielson\Documents\Android\workspace\nxpUSBlib\libnxpUSBLib.a(Host_LPC.o)
 *fill*         0x10000041        0x3 00
 .bss.i2cdat    0x10000044       0x18 C:\Users\edielson\Documents\Android\workspace\CDL\libCDL.a(lpc17xx_i2c.o)
 .bss.errno     0x1000005c        0x4 c:/code_red/redsuitenxp_4.2.2_361/redsuite/tools/bin/../lib/gcc/arm-none-eabi/4.5.1/../../../../arm-none-eabi/lib/thumb2\libcr_c.a(errno.o)
                0x1000005c                errno
 *(COMMON)
 COMMON         0x10000060        0x1 C:\Users\edielson\Documents\Android\workspace\nxpUSBlib\libnxpUSBLib.a(HostStandardReq.o)
                0x10000060                USB_Host_ConfigurationNumber
 COMMON         0x10000061        0x2 C:\Users\edielson\Documents\Android\workspace\nxpUSBlib\libnxpUSBLib.a(USBTask.o)
                0x10000061                USB_IsInitialized
                0x10000062                USB_HostState
 *fill*         0x10000063        0x1 00
 COMMON         0x10000064       0x86 C:\Users\edielson\Documents\Android\workspace\nxpUSBlib\libnxpUSBLib.a(Pipe_LPC.o)
                0x10000064                hostportspeed
                0x10000068                PipeInfo
                0x100000e8                hostselected
                0x100000e9                pipeselected
 COMMON         0x100000ea        0x1 C:\Users\edielson\Documents\Android\workspace\nxpUSBlib\libnxpUSBLib.a(USBController_LPC.o)
                0x100000ea                USBPortNum
 *fill*         0x100000eb        0x1 00
 COMMON         0x100000ec        0x4 c:/code_red/redsuitenxp_4.2.2_361/redsuite/tools/bin/../lib/gcc/arm-none-eabi/4.5.1/../../../../arm-none-eabi/lib/thumb2\libcr_c.a(initio.o)
                0x100000ec                _extra
 COMMON         0x100000f0      0x140 c:/code_red/redsuitenxp_4.2.2_361/redsuite/tools/bin/../lib/gcc/arm-none-eabi/4.5.1/../../../../arm-none-eabi/lib/thumb2\libcr_c.a(stdio.o)
                0x100000f0                __Ciob
 COMMON         0x10000230        0x8 c:/code_red/redsuitenxp_4.2.2_361/redsuite/tools/bin/../lib/gcc/arm-none-eabi/4.5.1/../../../../arm-none-eabi/lib/thumb2\libcr_c.a(__init_alloc.o)
                0x10000230                __heaps
                0x10000234                __end_of_heap
                0x10000238                . = ALIGN (0x4)
                0x10000238                _ebss = .
                0x10000238                PROVIDE (end, .)
                0x10000238                PROVIDE (_pvHeapStart, .)
                0x10008000                PROVIDE (_vStackTop, (__top_RamLoc32 - 0x0))
OUTPUT(Project_ADK_XPR_BaseBoard.axf elf32-littlearm)

.debug_abbrev   0x00000000     0x2a12
 .debug_abbrev  0x00000000      0x2bd ./src/AndroidAccessoryHost.o
 .debug_abbrev  0x000002bd      0x133 ./src/ConfigDescriptor.o
 .debug_abbrev  0x000003f0      0x104 ./src/DeviceDescriptor.o
 .debug_abbrev  0x000004f4       0xf8 ./src/cr_startup_lpc176x.o
 .debug_abbrev  0x000005ec      0x236 ./src/main.o
 .debug_abbrev  0x00000822      0x116 ./src/Lib/AndroidAccessoryCommands.o
 .debug_abbrev  0x00000938      0x15c ./src/EaBaseBoard/acc.o
 .debug_abbrev  0x00000a94       0x90 ./src/EaBaseBoard/joystick.o
 .debug_abbrev  0x00000b24      0x1bd ./src/EaBaseBoard/light.o
 .debug_abbrev  0x00000ce1       0x8e ./src/EaBaseBoard/rgb.o
 .debug_abbrev  0x00000d6f       0xc2 ./src/EaBaseBoard/temp.o
 .debug_abbrev  0x00000e31      0x1ba C:\Users\edielson\Documents\Android\workspace\nxpUSBlib\libnxpUSBLib.a(ConfigDescriptor.o)
 .debug_abbrev  0x00000feb      0x1ab C:\Users\edielson\Documents\Android\workspace\nxpUSBlib\libnxpUSBLib.a(HostStandardReq.o)
 .debug_abbrev  0x00001196      0x15a C:\Users\edielson\Documents\Android\workspace\nxpUSBlib\libnxpUSBLib.a(USBTask.o)
 .debug_abbrev  0x000012f0      0x24d C:\Users\edielson\Documents\Android\workspace\nxpUSBlib\libnxpUSBLib.a(Host_LPC.o)
 .debug_abbrev  0x0000153d      0x1de C:\Users\edielson\Documents\Android\workspace\nxpUSBlib\libnxpUSBLib.a(PipeStream_LPC.o)
 .debug_abbrev  0x0000171b      0x17d C:\Users\edielson\Documents\Android\workspace\nxpUSBlib\libnxpUSBLib.a(Pipe_LPC.o)
 .debug_abbrev  0x00001898      0x108 C:\Users\edielson\Documents\Android\workspace\nxpUSBlib\libnxpUSBLib.a(USBController_LPC.o)
 .debug_abbrev  0x000019a0      0x2ae C:\Users\edielson\Documents\Android\workspace\nxpUSBlib\libnxpUSBLib.a(OHCI.o)
 .debug_abbrev  0x00001c4e      0x122 C:\Users\edielson\Documents\Android\workspace\nxpUSBlib\libnxpUSBLib.a(HCD.o)
 .debug_abbrev  0x00001d70      0x13e C:\Users\edielson\Documents\Android\workspace\nxpUSBlib\libnxpUSBLib.a(HAL_LPC17xx.o)
 .debug_abbrev  0x00001eae      0x125 C:\Users\edielson\Documents\Android\workspace\nxpUSBlib\libnxpUSBLib.a(USBMemory.o)
 .debug_abbrev  0x00001fd3      0x13f C:\Users\edielson\Documents\Android\workspace\CDL\libCDL.a(lpc17xx_adc.o)
 .debug_abbrev  0x00002112      0x16c C:\Users\edielson\Documents\Android\workspace\CDL\libCDL.a(lpc17xx_clkpwr.o)
 .debug_abbrev  0x0000227e      0x1cb C:\Users\edielson\Documents\Android\workspace\CDL\libCDL.a(lpc17xx_gpio.o)
 .debug_abbrev  0x00002449      0x1ff C:\Users\edielson\Documents\Android\workspace\CDL\libCDL.a(lpc17xx_i2c.o)
 .debug_abbrev  0x00002648      0x11f C:\Users\edielson\Documents\Android\workspace\CDL\libCDL.a(lpc17xx_pinsel.o)
 .debug_abbrev  0x00002767      0x1d0 C:\Users\edielson\Documents\Android\workspace\CDL\libCDL.a(lpc17xx_uart.o)
 .debug_abbrev  0x00002937       0xdb C:\Users\edielson\Documents\Android\workspace\CDL\libCDL.a(system_LPC17xx.o)

.debug_info     0x00000000     0xd1e0
 .debug_info    0x00000000      0xa6f ./src/AndroidAccessoryHost.o
 .debug_info    0x00000a6f      0x510 ./src/ConfigDescriptor.o
 .debug_info    0x00000f7f      0x3b2 ./src/DeviceDescriptor.o
 .debug_info    0x00001331      0x2ea ./src/cr_startup_lpc176x.o
 .debug_info    0x0000161b      0xec0 ./src/main.o
 .debug_info    0x000024db      0x32c ./src/Lib/AndroidAccessoryCommands.o
 .debug_info    0x00002807      0x548 ./src/EaBaseBoard/acc.o
 .debug_info    0x00002d4f      0x11a ./src/EaBaseBoard/joystick.o
 .debug_info    0x00002e69      0x76e ./src/EaBaseBoard/light.o
 .debug_info    0x000035d7       0xef ./src/EaBaseBoard/rgb.o
 .debug_info    0x000036c6      0x154 ./src/EaBaseBoard/temp.o
 .debug_info    0x0000381a      0x696 C:\Users\edielson\Documents\Android\workspace\nxpUSBlib\libnxpUSBLib.a(ConfigDescriptor.o)
 .debug_info    0x00003eb0      0x5f2 C:\Users\edielson\Documents\Android\workspace\nxpUSBlib\libnxpUSBLib.a(HostStandardReq.o)
 .debug_info    0x000044a2      0x2c9 C:\Users\edielson\Documents\Android\workspace\nxpUSBlib\libnxpUSBLib.a(USBTask.o)
 .debug_info    0x0000476b      0x79f C:\Users\edielson\Documents\Android\workspace\nxpUSBlib\libnxpUSBLib.a(Host_LPC.o)
 .debug_info    0x00004f0a      0x7af C:\Users\edielson\Documents\Android\workspace\nxpUSBlib\libnxpUSBLib.a(PipeStream_LPC.o)
 .debug_info    0x000056b9      0x588 C:\Users\edielson\Documents\Android\workspace\nxpUSBlib\libnxpUSBLib.a(Pipe_LPC.o)
 .debug_info    0x00005c41      0x39c C:\Users\edielson\Documents\Android\workspace\nxpUSBlib\libnxpUSBLib.a(USBController_LPC.o)
 .debug_info    0x00005fdd     0x1e45 C:\Users\edielson\Documents\Android\workspace\nxpUSBlib\libnxpUSBLib.a(OHCI.o)
 .debug_info    0x00007e22      0x480 C:\Users\edielson\Documents\Android\workspace\nxpUSBlib\libnxpUSBLib.a(HCD.o)
 .debug_info    0x000082a2      0x907 C:\Users\edielson\Documents\Android\workspace\nxpUSBlib\libnxpUSBLib.a(HAL_LPC17xx.o)
 .debug_info    0x00008ba9      0x2e0 C:\Users\edielson\Documents\Android\workspace\nxpUSBlib\libnxpUSBLib.a(USBMemory.o)
 .debug_info    0x00008e89      0x58d C:\Users\edielson\Documents\Android\workspace\CDL\libCDL.a(lpc17xx_adc.o)
 .debug_info    0x00009416      0x6c4 C:\Users\edielson\Documents\Android\workspace\CDL\libCDL.a(lpc17xx_clkpwr.o)
 .debug_info    0x00009ada      0xe2d C:\Users\edielson\Documents\Android\workspace\CDL\libCDL.a(lpc17xx_gpio.o)
 .debug_info    0x0000a907      0xdb5 C:\Users\edielson\Documents\Android\workspace\CDL\libCDL.a(lpc17xx_i2c.o)
 .debug_info    0x0000b6bc      0x4b9 C:\Users\edielson\Documents\Android\workspace\CDL\libCDL.a(lpc17xx_pinsel.o)
 .debug_info    0x0000bb75     0x115f C:\Users\edielson\Documents\Android\workspace\CDL\libCDL.a(lpc17xx_uart.o)
 .debug_info    0x0000ccd4      0x50c C:\Users\edielson\Documents\Android\workspace\CDL\libCDL.a(system_LPC17xx.o)

.debug_line     0x00000000    0x13edd
 .debug_line    0x00000000     0x17d4 ./src/AndroidAccessoryHost.o
 .debug_line    0x000017d4     0x14bd ./src/ConfigDescriptor.o
 .debug_line    0x00002c91     0x14c8 ./src/DeviceDescriptor.o
 .debug_line    0x00004159      0x413 ./src/cr_startup_lpc176x.o
 .debug_line    0x0000456c     0x16a6 ./src/main.o
 .debug_line    0x00005c12     0x14ab ./src/Lib/AndroidAccessoryCommands.o
 .debug_line    0x000070bd      0x4ed ./src/EaBaseBoard/acc.o
 .debug_line    0x000075aa      0x458 ./src/EaBaseBoard/joystick.o
 .debug_line    0x00007a02      0x599 ./src/EaBaseBoard/light.o
 .debug_line    0x00007f9b      0x446 ./src/EaBaseBoard/rgb.o
 .debug_line    0x000083e1      0x466 ./src/EaBaseBoard/temp.o
 .debug_line    0x00008847      0xb3f C:\Users\edielson\Documents\Android\workspace\nxpUSBlib\libnxpUSBLib.a(ConfigDescriptor.o)
 .debug_line    0x00009386      0xb62 C:\Users\edielson\Documents\Android\workspace\nxpUSBlib\libnxpUSBLib.a(HostStandardReq.o)
 .debug_line    0x00009ee8      0xad2 C:\Users\edielson\Documents\Android\workspace\nxpUSBlib\libnxpUSBLib.a(USBTask.o)
 .debug_line    0x0000a9ba      0xce0 C:\Users\edielson\Documents\Android\workspace\nxpUSBlib\libnxpUSBLib.a(Host_LPC.o)
 .debug_line    0x0000b69a      0xddc C:\Users\edielson\Documents\Android\workspace\nxpUSBlib\libnxpUSBLib.a(PipeStream_LPC.o)
 .debug_line    0x0000c476      0xbd6 C:\Users\edielson\Documents\Android\workspace\nxpUSBlib\libnxpUSBLib.a(Pipe_LPC.o)
 .debug_line    0x0000d04c      0xb2a C:\Users\edielson\Documents\Android\workspace\nxpUSBlib\libnxpUSBLib.a(USBController_LPC.o)
 .debug_line    0x0000db76     0x1319 C:\Users\edielson\Documents\Android\workspace\nxpUSBlib\libnxpUSBLib.a(OHCI.o)
 .debug_line    0x0000ee8f      0xc91 C:\Users\edielson\Documents\Android\workspace\nxpUSBlib\libnxpUSBLib.a(HCD.o)
 .debug_line    0x0000fb20      0xd23 C:\Users\edielson\Documents\Android\workspace\nxpUSBlib\libnxpUSBLib.a(HAL_LPC17xx.o)
 .debug_line    0x00010843      0xbaf C:\Users\edielson\Documents\Android\workspace\nxpUSBlib\libnxpUSBLib.a(USBMemory.o)
 .debug_line    0x000113f2      0x551 C:\Users\edielson\Documents\Android\workspace\CDL\libCDL.a(lpc17xx_adc.o)
 .debug_line    0x00011943      0x510 C:\Users\edielson\Documents\Android\workspace\CDL\libCDL.a(lpc17xx_clkpwr.o)
 .debug_line    0x00011e53      0x6ed C:\Users\edielson\Documents\Android\workspace\CDL\libCDL.a(lpc17xx_gpio.o)
 .debug_line    0x00012540      0x856 C:\Users\edielson\Documents\Android\workspace\CDL\libCDL.a(lpc17xx_i2c.o)
 .debug_line    0x00012d96      0x4a8 C:\Users\edielson\Documents\Android\workspace\CDL\libCDL.a(lpc17xx_pinsel.o)
 .debug_line    0x0001323e      0x84e C:\Users\edielson\Documents\Android\workspace\CDL\libCDL.a(lpc17xx_uart.o)
 .debug_line    0x00013a8c      0x451 C:\Users\edielson\Documents\Android\workspace\CDL\libCDL.a(system_LPC17xx.o)

.debug_macinfo  0x00000000   0x12be85
 .debug_macinfo
                0x00000000    0x137fe ./src/AndroidAccessoryHost.o
 .debug_macinfo
                0x000137fe     0xfd4a ./src/ConfigDescriptor.o
 .debug_macinfo
                0x00023548    0x1064e ./src/DeviceDescriptor.o
 .debug_macinfo
                0x00033b96     0x3178 ./src/cr_startup_lpc176x.o
 .debug_macinfo
                0x00036d0e    0x14061 ./src/main.o
 .debug_macinfo
                0x0004ad6f     0xfcbe ./src/Lib/AndroidAccessoryCommands.o
 .debug_macinfo
                0x0005aa2d     0x84ee ./src/EaBaseBoard/acc.o
 .debug_macinfo
                0x00062f1b     0x7b5e ./src/EaBaseBoard/joystick.o
 .debug_macinfo
                0x0006aa79     0x840d ./src/EaBaseBoard/light.o
 .debug_macinfo
                0x00072e86     0x7b1f ./src/EaBaseBoard/rgb.o
 .debug_macinfo
                0x0007a9a5     0x7bb9 ./src/EaBaseBoard/temp.o
 .debug_macinfo
                0x0008255e     0x9d8f C:\Users\edielson\Documents\Android\workspace\nxpUSBlib\libnxpUSBLib.a(ConfigDescriptor.o)
 .debug_macinfo
                0x0008c2ed     0x9c3d C:\Users\edielson\Documents\Android\workspace\nxpUSBlib\libnxpUSBLib.a(HostStandardReq.o)
 .debug_macinfo
                0x00095f2a     0x9c46 C:\Users\edielson\Documents\Android\workspace\nxpUSBlib\libnxpUSBLib.a(USBTask.o)
 .debug_macinfo
                0x0009fb70     0x9c47 C:\Users\edielson\Documents\Android\workspace\nxpUSBlib\libnxpUSBLib.a(Host_LPC.o)
 .debug_macinfo
                0x000a97b7     0x9c3a C:\Users\edielson\Documents\Android\workspace\nxpUSBlib\libnxpUSBLib.a(PipeStream_LPC.o)
 .debug_macinfo
                0x000b33f1     0x9c2a C:\Users\edielson\Documents\Android\workspace\nxpUSBlib\libnxpUSBLib.a(Pipe_LPC.o)
 .debug_macinfo
                0x000bd01b     0x9c39 C:\Users\edielson\Documents\Android\workspace\nxpUSBlib\libnxpUSBLib.a(USBController_LPC.o)
 .debug_macinfo
                0x000c6c54     0xaa20 C:\Users\edielson\Documents\Android\workspace\nxpUSBlib\libnxpUSBLib.a(OHCI.o)
 .debug_macinfo
                0x000d1674     0x9c2e C:\Users\edielson\Documents\Android\workspace\nxpUSBlib\libnxpUSBLib.a(HCD.o)
 .debug_macinfo
                0x000db2a2     0x9c12 C:\Users\edielson\Documents\Android\workspace\nxpUSBlib\libnxpUSBLib.a(HAL_LPC17xx.o)
 .debug_macinfo
                0x000e4eb4     0x9d31 C:\Users\edielson\Documents\Android\workspace\nxpUSBlib\libnxpUSBLib.a(USBMemory.o)
 .debug_macinfo
                0x000eebe5     0x9464 C:\Users\edielson\Documents\Android\workspace\CDL\libCDL.a(lpc17xx_adc.o)
 .debug_macinfo
                0x000f8049     0x8b5f C:\Users\edielson\Documents\Android\workspace\CDL\libCDL.a(lpc17xx_clkpwr.o)
 .debug_macinfo
                0x00100ba8     0x7bdc C:\Users\edielson\Documents\Android\workspace\CDL\libCDL.a(lpc17xx_gpio.o)
 .debug_macinfo
                0x00108784     0x9af5 C:\Users\edielson\Documents\Android\workspace\CDL\libCDL.a(lpc17xx_i2c.o)
 .debug_macinfo
                0x00112279     0x7d3a C:\Users\edielson\Documents\Android\workspace\CDL\libCDL.a(lpc17xx_pinsel.o)
 .debug_macinfo
                0x00119fb3     0xa574 C:\Users\edielson\Documents\Android\workspace\CDL\libCDL.a(lpc17xx_uart.o)
 .debug_macinfo
                0x00124527     0x795e C:\Users\edielson\Documents\Android\workspace\CDL\libCDL.a(system_LPC17xx.o)

.debug_loc      0x00000000     0x3bfc
 .debug_loc     0x00000000      0x1e0 ./src/AndroidAccessoryHost.o
 .debug_loc     0x000001e0       0xaa ./src/ConfigDescriptor.o
 .debug_loc     0x0000028a       0x38 ./src/DeviceDescriptor.o
 .debug_loc     0x000002c2      0x260 ./src/cr_startup_lpc176x.o
 .debug_loc     0x00000522      0x238 ./src/main.o
 .debug_loc     0x0000075a       0x9c ./src/Lib/AndroidAccessoryCommands.o
 .debug_loc     0x000007f6      0x1f0 ./src/EaBaseBoard/acc.o
 .debug_loc     0x000009e6       0x64 ./src/EaBaseBoard/joystick.o
 .debug_loc     0x00000a4a      0x378 ./src/EaBaseBoard/light.o
 .debug_loc     0x00000dc2       0x64 ./src/EaBaseBoard/rgb.o
 .debug_loc     0x00000e26       0x70 ./src/EaBaseBoard/temp.o
 .debug_loc     0x00000e96      0x150 C:\Users\edielson\Documents\Android\workspace\nxpUSBlib\libnxpUSBLib.a(ConfigDescriptor.o)
 .debug_loc     0x00000fe6      0x188 C:\Users\edielson\Documents\Android\workspace\nxpUSBlib\libnxpUSBLib.a(HostStandardReq.o)
 .debug_loc     0x0000116e       0x64 C:\Users\edielson\Documents\Android\workspace\nxpUSBlib\libnxpUSBLib.a(USBTask.o)
 .debug_loc     0x000011d2      0x1e0 C:\Users\edielson\Documents\Android\workspace\nxpUSBlib\libnxpUSBLib.a(Host_LPC.o)
 .debug_loc     0x000013b2      0x2a0 C:\Users\edielson\Documents\Android\workspace\nxpUSBlib\libnxpUSBLib.a(PipeStream_LPC.o)
 .debug_loc     0x00001652      0x12c C:\Users\edielson\Documents\Android\workspace\nxpUSBlib\libnxpUSBLib.a(Pipe_LPC.o)
 .debug_loc     0x0000177e       0xb0 C:\Users\edielson\Documents\Android\workspace\nxpUSBlib\libnxpUSBLib.a(USBController_LPC.o)
 .debug_loc     0x0000182e      0x968 C:\Users\edielson\Documents\Android\workspace\nxpUSBlib\libnxpUSBLib.a(OHCI.o)
 .debug_loc     0x00002196       0xa8 C:\Users\edielson\Documents\Android\workspace\nxpUSBlib\libnxpUSBLib.a(HCD.o)
 .debug_loc     0x0000223e      0x184 C:\Users\edielson\Documents\Android\workspace\nxpUSBlib\libnxpUSBLib.a(HAL_LPC17xx.o)
 .debug_loc     0x000023c2       0xa8 C:\Users\edielson\Documents\Android\workspace\nxpUSBlib\libnxpUSBLib.a(USBMemory.o)
 .debug_loc     0x0000246a      0x2d8 C:\Users\edielson\Documents\Android\workspace\CDL\libCDL.a(lpc17xx_adc.o)
 .debug_loc     0x00002742      0x190 C:\Users\edielson\Documents\Android\workspace\CDL\libCDL.a(lpc17xx_clkpwr.o)
 .debug_loc     0x000028d2      0x620 C:\Users\edielson\Documents\Android\workspace\CDL\libCDL.a(lpc17xx_gpio.o)
 .debug_loc     0x00002ef2      0x508 C:\Users\edielson\Documents\Android\workspace\CDL\libCDL.a(lpc17xx_i2c.o)
 .debug_loc     0x000033fa      0x150 C:\Users\edielson\Documents\Android\workspace\CDL\libCDL.a(lpc17xx_pinsel.o)
 .debug_loc     0x0000354a      0x65a C:\Users\edielson\Documents\Android\workspace\CDL\libCDL.a(lpc17xx_uart.o)
 .debug_loc     0x00003ba4       0x58 C:\Users\edielson\Documents\Android\workspace\CDL\libCDL.a(system_LPC17xx.o)

.debug_pubnames
                0x00000000     0x15fa
 .debug_pubnames
                0x00000000       0xf3 ./src/AndroidAccessoryHost.o
 .debug_pubnames
                0x000000f3       0x81 ./src/ConfigDescriptor.o
 .debug_pubnames
                0x00000174       0x2e ./src/DeviceDescriptor.o
 .debug_pubnames
                0x000001a2      0x118 ./src/cr_startup_lpc176x.o
 .debug_pubnames
                0x000002ba       0x5e ./src/main.o
 .debug_pubnames
                0x00000318       0x69 ./src/Lib/AndroidAccessoryCommands.o
 .debug_pubnames
                0x00000381       0x4d ./src/EaBaseBoard/acc.o
 .debug_pubnames
                0x000003ce       0x36 ./src/EaBaseBoard/joystick.o
 .debug_pubnames
                0x00000404      0x107 ./src/EaBaseBoard/light.o
 .debug_pubnames
                0x0000050b       0x2f ./src/EaBaseBoard/rgb.o
 .debug_pubnames
                0x0000053a       0x2e ./src/EaBaseBoard/temp.o
 .debug_pubnames
                0x00000568       0xc2 C:\Users\edielson\Documents\Android\workspace\nxpUSBlib\libnxpUSBLib.a(ConfigDescriptor.o)
 .debug_pubnames
                0x0000062a      0x120 C:\Users\edielson\Documents\Android\workspace\nxpUSBlib\libnxpUSBLib.a(HostStandardReq.o)
 .debug_pubnames
                0x0000074a       0x61 C:\Users\edielson\Documents\Android\workspace\nxpUSBlib\libnxpUSBLib.a(USBTask.o)
 .debug_pubnames
                0x000007ab      0x11f C:\Users\edielson\Documents\Android\workspace\nxpUSBlib\libnxpUSBLib.a(Host_LPC.o)
 .debug_pubnames
                0x000008ca      0x13b C:\Users\edielson\Documents\Android\workspace\nxpUSBlib\libnxpUSBLib.a(PipeStream_LPC.o)
 .debug_pubnames
                0x00000a05       0xd8 C:\Users\edielson\Documents\Android\workspace\nxpUSBlib\libnxpUSBLib.a(Pipe_LPC.o)
 .debug_pubnames
                0x00000add       0x55 C:\Users\edielson\Documents\Android\workspace\nxpUSBlib\libnxpUSBLib.a(USBController_LPC.o)
 .debug_pubnames
                0x00000b32      0x150 C:\Users\edielson\Documents\Android\workspace\nxpUSBlib\libnxpUSBLib.a(OHCI.o)
 .debug_pubnames
                0x00000c82       0x4e C:\Users\edielson\Documents\Android\workspace\nxpUSBlib\libnxpUSBLib.a(HCD.o)
 .debug_pubnames
                0x00000cd0       0x91 C:\Users\edielson\Documents\Android\workspace\nxpUSBlib\libnxpUSBLib.a(HAL_LPC17xx.o)
 .debug_pubnames
                0x00000d61       0x4f C:\Users\edielson\Documents\Android\workspace\nxpUSBlib\libnxpUSBLib.a(USBMemory.o)
 .debug_pubnames
                0x00000db0      0x110 C:\Users\edielson\Documents\Android\workspace\CDL\libCDL.a(lpc17xx_adc.o)
 .debug_pubnames
                0x00000ec0       0xbb C:\Users\edielson\Documents\Android\workspace\CDL\libCDL.a(lpc17xx_clkpwr.o)
 .debug_pubnames
                0x00000f7b      0x203 C:\Users\edielson\Documents\Android\workspace\CDL\libCDL.a(lpc17xx_gpio.o)
 .debug_pubnames
                0x0000117e      0x163 C:\Users\edielson\Documents\Android\workspace\CDL\libCDL.a(lpc17xx_i2c.o)
 .debug_pubnames
                0x000012e1       0x59 C:\Users\edielson\Documents\Android\workspace\CDL\libCDL.a(lpc17xx_pinsel.o)
 .debug_pubnames
                0x0000133a      0x271 C:\Users\edielson\Documents\Android\workspace\CDL\libCDL.a(lpc17xx_uart.o)
 .debug_pubnames
                0x000015ab       0x4f C:\Users\edielson\Documents\Android\workspace\CDL\libCDL.a(system_LPC17xx.o)

.debug_pubtypes
                0x00000000     0x1815
 .debug_pubtypes
                0x00000000      0x169 ./src/AndroidAccessoryHost.o
 .debug_pubtypes
                0x00000169      0x16d ./src/ConfigDescriptor.o
 .debug_pubtypes
                0x000002d6      0x12d ./src/DeviceDescriptor.o
 .debug_pubtypes
                0x00000403       0x12 ./src/cr_startup_lpc176x.o
 .debug_pubtypes
                0x00000415      0x156 ./src/main.o
 .debug_pubtypes
                0x0000056b       0x88 ./src/Lib/AndroidAccessoryCommands.o
 .debug_pubtypes
                0x000005f3       0x8a ./src/EaBaseBoard/acc.o
 .debug_pubtypes
                0x0000067d       0x37 ./src/EaBaseBoard/joystick.o
 .debug_pubtypes
                0x000006b4       0xa7 ./src/EaBaseBoard/light.o
 .debug_pubtypes
                0x0000075b       0x2a ./src/EaBaseBoard/rgb.o
 .debug_pubtypes
                0x00000785       0x37 ./src/EaBaseBoard/temp.o
 .debug_pubtypes
                0x000007bc      0x1ab C:\Users\edielson\Documents\Android\workspace\nxpUSBlib\libnxpUSBLib.a(ConfigDescriptor.o)
 .debug_pubtypes
                0x00000967       0xfc C:\Users\edielson\Documents\Android\workspace\nxpUSBlib\libnxpUSBLib.a(HostStandardReq.o)
 .debug_pubtypes
                0x00000a63       0x71 C:\Users\edielson\Documents\Android\workspace\nxpUSBlib\libnxpUSBLib.a(USBTask.o)
 .debug_pubtypes
                0x00000ad4      0x16f C:\Users\edielson\Documents\Android\workspace\nxpUSBlib\libnxpUSBLib.a(Host_LPC.o)
 .debug_pubtypes
                0x00000c43       0x78 C:\Users\edielson\Documents\Android\workspace\nxpUSBlib\libnxpUSBLib.a(PipeStream_LPC.o)
 .debug_pubtypes
                0x00000cbb       0xd0 C:\Users\edielson\Documents\Android\workspace\nxpUSBlib\libnxpUSBLib.a(Pipe_LPC.o)
 .debug_pubtypes
                0x00000d8b       0x7e C:\Users\edielson\Documents\Android\workspace\nxpUSBlib\libnxpUSBLib.a(USBController_LPC.o)
 .debug_pubtypes
                0x00000e09      0x282 C:\Users\edielson\Documents\Android\workspace\nxpUSBlib\libnxpUSBLib.a(OHCI.o)
 .debug_pubtypes
                0x0000108b       0xa4 C:\Users\edielson\Documents\Android\workspace\nxpUSBlib\libnxpUSBLib.a(HCD.o)
 .debug_pubtypes
                0x0000112f       0xa7 C:\Users\edielson\Documents\Android\workspace\nxpUSBlib\libnxpUSBLib.a(HAL_LPC17xx.o)
 .debug_pubtypes
                0x000011d6       0x7d C:\Users\edielson\Documents\Android\workspace\nxpUSBlib\libnxpUSBLib.a(USBMemory.o)
 .debug_pubtypes
                0x00001253       0x90 C:\Users\edielson\Documents\Android\workspace\CDL\libCDL.a(lpc17xx_adc.o)
 .debug_pubtypes
                0x000012e3       0x6b C:\Users\edielson\Documents\Android\workspace\CDL\libCDL.a(lpc17xx_clkpwr.o)
 .debug_pubtypes
                0x0000134e       0xb5 C:\Users\edielson\Documents\Android\workspace\CDL\libCDL.a(lpc17xx_gpio.o)
 .debug_pubtypes
                0x00001403      0x113 C:\Users\edielson\Documents\Android\workspace\CDL\libCDL.a(lpc17xx_i2c.o)
 .debug_pubtypes
                0x00001516       0x76 C:\Users\edielson\Documents\Android\workspace\CDL\libCDL.a(lpc17xx_pinsel.o)
 .debug_pubtypes
                0x0000158c      0x232 C:\Users\edielson\Documents\Android\workspace\CDL\libCDL.a(lpc17xx_uart.o)
 .debug_pubtypes
                0x000017be       0x57 C:\Users\edielson\Documents\Android\workspace\CDL\libCDL.a(system_LPC17xx.o)

.debug_aranges  0x00000000      0xb90
 .debug_aranges
                0x00000000       0x60 ./src/AndroidAccessoryHost.o
 .debug_aranges
                0x00000060       0x30 ./src/ConfigDescriptor.o
 .debug_aranges
                0x00000090       0x20 ./src/DeviceDescriptor.o
 .debug_aranges
                0x000000b0       0x80 ./src/cr_startup_lpc176x.o
 .debug_aranges
                0x00000130       0x70 ./src/main.o
 .debug_aranges
                0x000001a0       0x30 ./src/Lib/AndroidAccessoryCommands.o
 .debug_aranges
                0x000001d0       0x60 ./src/EaBaseBoard/acc.o
 .debug_aranges
                0x00000230       0x28 ./src/EaBaseBoard/joystick.o
 .debug_aranges
                0x00000258       0x98 ./src/EaBaseBoard/light.o
 .debug_aranges
                0x000002f0       0x28 ./src/EaBaseBoard/rgb.o
 .debug_aranges
                0x00000318       0x28 ./src/EaBaseBoard/temp.o
 .debug_aranges
                0x00000340       0x48 C:\Users\edielson\Documents\Android\workspace\nxpUSBlib\libnxpUSBLib.a(ConfigDescriptor.o)
 .debug_aranges
                0x00000388       0x50 C:\Users\edielson\Documents\Android\workspace\nxpUSBlib\libnxpUSBLib.a(HostStandardReq.o)
 .debug_aranges
                0x000003d8       0x28 C:\Users\edielson\Documents\Android\workspace\nxpUSBlib\libnxpUSBLib.a(USBTask.o)
 .debug_aranges
                0x00000400       0x60 C:\Users\edielson\Documents\Android\workspace\nxpUSBlib\libnxpUSBLib.a(Host_LPC.o)
 .debug_aranges
                0x00000460       0x78 C:\Users\edielson\Documents\Android\workspace\nxpUSBlib\libnxpUSBLib.a(PipeStream_LPC.o)
 .debug_aranges
                0x000004d8       0x48 C:\Users\edielson\Documents\Android\workspace\nxpUSBlib\libnxpUSBLib.a(Pipe_LPC.o)
 .debug_aranges
                0x00000520       0x38 C:\Users\edielson\Documents\Android\workspace\nxpUSBlib\libnxpUSBLib.a(USBController_LPC.o)
 .debug_aranges
                0x00000558      0x170 C:\Users\edielson\Documents\Android\workspace\nxpUSBlib\libnxpUSBLib.a(OHCI.o)
 .debug_aranges
                0x000006c8       0x30 C:\Users\edielson\Documents\Android\workspace\nxpUSBlib\libnxpUSBLib.a(HCD.o)
 .debug_aranges
                0x000006f8       0x58 C:\Users\edielson\Documents\Android\workspace\nxpUSBlib\libnxpUSBLib.a(HAL_LPC17xx.o)
 .debug_aranges
                0x00000750       0x30 C:\Users\edielson\Documents\Android\workspace\nxpUSBlib\libnxpUSBLib.a(USBMemory.o)
 .debug_aranges
                0x00000780       0x80 C:\Users\edielson\Documents\Android\workspace\CDL\libCDL.a(lpc17xx_adc.o)
 .debug_aranges
                0x00000800       0x58 C:\Users\edielson\Documents\Android\workspace\CDL\libCDL.a(lpc17xx_clkpwr.o)
 .debug_aranges
                0x00000858       0xf8 C:\Users\edielson\Documents\Android\workspace\CDL\libCDL.a(lpc17xx_gpio.o)
 .debug_aranges
                0x00000950       0xd0 C:\Users\edielson\Documents\Android\workspace\CDL\libCDL.a(lpc17xx_i2c.o)
 .debug_aranges
                0x00000a20       0x48 C:\Users\edielson\Documents\Android\workspace\CDL\libCDL.a(lpc17xx_pinsel.o)
 .debug_aranges
                0x00000a68      0x100 C:\Users\edielson\Documents\Android\workspace\CDL\libCDL.a(lpc17xx_uart.o)
 .debug_aranges
                0x00000b68       0x28 C:\Users\edielson\Documents\Android\workspace\CDL\libCDL.a(system_LPC17xx.o)

.debug_ranges   0x00000000      0x9c0
 .debug_ranges  0x00000000       0x50 ./src/AndroidAccessoryHost.o
 .debug_ranges  0x00000050       0x20 ./src/ConfigDescriptor.o
 .debug_ranges  0x00000070       0x10 ./src/DeviceDescriptor.o
 .debug_ranges  0x00000080       0x70 ./src/cr_startup_lpc176x.o
 .debug_ranges  0x000000f0       0x60 ./src/main.o
 .debug_ranges  0x00000150       0x20 ./src/Lib/AndroidAccessoryCommands.o
 .debug_ranges  0x00000170       0x50 ./src/EaBaseBoard/acc.o
 .debug_ranges  0x000001c0       0x18 ./src/EaBaseBoard/joystick.o
 .debug_ranges  0x000001d8       0x88 ./src/EaBaseBoard/light.o
 .debug_ranges  0x00000260       0x18 ./src/EaBaseBoard/rgb.o
 .debug_ranges  0x00000278       0x18 ./src/EaBaseBoard/temp.o
 .debug_ranges  0x00000290       0x38 C:\Users\edielson\Documents\Android\workspace\nxpUSBlib\libnxpUSBLib.a(ConfigDescriptor.o)
 .debug_ranges  0x000002c8       0x40 C:\Users\edielson\Documents\Android\workspace\nxpUSBlib\libnxpUSBLib.a(HostStandardReq.o)
 .debug_ranges  0x00000308       0x18 C:\Users\edielson\Documents\Android\workspace\nxpUSBlib\libnxpUSBLib.a(USBTask.o)
 .debug_ranges  0x00000320       0x50 C:\Users\edielson\Documents\Android\workspace\nxpUSBlib\libnxpUSBLib.a(Host_LPC.o)
 .debug_ranges  0x00000370       0x68 C:\Users\edielson\Documents\Android\workspace\nxpUSBlib\libnxpUSBLib.a(PipeStream_LPC.o)
 .debug_ranges  0x000003d8       0x38 C:\Users\edielson\Documents\Android\workspace\nxpUSBlib\libnxpUSBLib.a(Pipe_LPC.o)
 .debug_ranges  0x00000410       0x28 C:\Users\edielson\Documents\Android\workspace\nxpUSBlib\libnxpUSBLib.a(USBController_LPC.o)
 .debug_ranges  0x00000438      0x160 C:\Users\edielson\Documents\Android\workspace\nxpUSBlib\libnxpUSBLib.a(OHCI.o)
 .debug_ranges  0x00000598       0x20 C:\Users\edielson\Documents\Android\workspace\nxpUSBlib\libnxpUSBLib.a(HCD.o)
 .debug_ranges  0x000005b8       0x48 C:\Users\edielson\Documents\Android\workspace\nxpUSBlib\libnxpUSBLib.a(HAL_LPC17xx.o)
 .debug_ranges  0x00000600       0x20 C:\Users\edielson\Documents\Android\workspace\nxpUSBlib\libnxpUSBLib.a(USBMemory.o)
 .debug_ranges  0x00000620       0x70 C:\Users\edielson\Documents\Android\workspace\CDL\libCDL.a(lpc17xx_adc.o)
 .debug_ranges  0x00000690       0x48 C:\Users\edielson\Documents\Android\workspace\CDL\libCDL.a(lpc17xx_clkpwr.o)
 .debug_ranges  0x000006d8       0xe8 C:\Users\edielson\Documents\Android\workspace\CDL\libCDL.a(lpc17xx_gpio.o)
 .debug_ranges  0x000007c0       0xc0 C:\Users\edielson\Documents\Android\workspace\CDL\libCDL.a(lpc17xx_i2c.o)
 .debug_ranges  0x00000880       0x38 C:\Users\edielson\Documents\Android\workspace\CDL\libCDL.a(lpc17xx_pinsel.o)
 .debug_ranges  0x000008b8       0xf0 C:\Users\edielson\Documents\Android\workspace\CDL\libCDL.a(lpc17xx_uart.o)
 .debug_ranges  0x000009a8       0x18 C:\Users\edielson\Documents\Android\workspace\CDL\libCDL.a(system_LPC17xx.o)

.debug_str      0x00000000     0x4e68
 .debug_str     0x00000000      0xca4 ./src/AndroidAccessoryHost.o
                                0xd55 (size before relaxing)
 .debug_str     0x00000ca4      0x478 ./src/ConfigDescriptor.o
                                0x6e6 (size before relaxing)
 .debug_str     0x0000111c       0xd8 ./src/DeviceDescriptor.o
                                0x5a4 (size before relaxing)
 .debug_str     0x000011f4      0x17a ./src/cr_startup_lpc176x.o
                                0x253 (size before relaxing)
 .debug_str     0x0000136e      0x6df ./src/main.o
                                0x974 (size before relaxing)
 .debug_str     0x00001a4d      0x13c ./src/Lib/AndroidAccessoryCommands.o
                                0x2ff (size before relaxing)
 .debug_str     0x00001b89      0x1dc ./src/EaBaseBoard/acc.o
                                0x37a (size before relaxing)
 .debug_str     0x00001d65       0x46 ./src/EaBaseBoard/joystick.o
                                0x14b (size before relaxing)
 .debug_str     0x00001dab      0x256 ./src/EaBaseBoard/light.o
                                0x4df (size before relaxing)
 .debug_str     0x00002001       0x36 ./src/EaBaseBoard/rgb.o
                                0x12b (size before relaxing)
 .debug_str     0x00002037       0x3d ./src/EaBaseBoard/temp.o
                                0x146 (size before relaxing)
 .debug_str     0x00002074      0x32b C:\Users\edielson\Documents\Android\workspace\nxpUSBlib\libnxpUSBLib.a(ConfigDescriptor.o)
                                0x88a (size before relaxing)
 .debug_str     0x0000239f      0x1ca C:\Users\edielson\Documents\Android\workspace\nxpUSBlib\libnxpUSBLib.a(HostStandardReq.o)
                                0x7ce (size before relaxing)
 .debug_str     0x00002569       0x66 C:\Users\edielson\Documents\Android\workspace\nxpUSBlib\libnxpUSBLib.a(USBTask.o)
                                0x265 (size before relaxing)
 .debug_str     0x000025cf      0x36e C:\Users\edielson\Documents\Android\workspace\nxpUSBlib\libnxpUSBLib.a(Host_LPC.o)
                                0xa1c (size before relaxing)
 .debug_str     0x0000293d      0x1f4 C:\Users\edielson\Documents\Android\workspace\nxpUSBlib\libnxpUSBLib.a(PipeStream_LPC.o)
                                0x7eb (size before relaxing)
 .debug_str     0x00002b31      0x1da C:\Users\edielson\Documents\Android\workspace\nxpUSBlib\libnxpUSBLib.a(Pipe_LPC.o)
                                0x956 (size before relaxing)
 .debug_str     0x00002d0b       0xb2 C:\Users\edielson\Documents\Android\workspace\nxpUSBlib\libnxpUSBLib.a(USBController_LPC.o)
                                0x79e (size before relaxing)
 .debug_str     0x00002dbd      0xa43 C:\Users\edielson\Documents\Android\workspace\nxpUSBlib\libnxpUSBLib.a(OHCI.o)
                               0x11bc (size before relaxing)
 .debug_str     0x00003800       0x58 C:\Users\edielson\Documents\Android\workspace\nxpUSBlib\libnxpUSBLib.a(HCD.o)
                                0x6e6 (size before relaxing)
 .debug_str     0x00003858      0x1bc C:\Users\edielson\Documents\Android\workspace\nxpUSBlib\libnxpUSBLib.a(HAL_LPC17xx.o)
                                0x6ba (size before relaxing)
 .debug_str     0x00003a14       0xbf C:\Users\edielson\Documents\Android\workspace\nxpUSBlib\libnxpUSBLib.a(USBMemory.o)
                                0x23f (size before relaxing)
 .debug_str     0x00003ad3      0x214 C:\Users\edielson\Documents\Android\workspace\CDL\libCDL.a(lpc17xx_adc.o)
                                0x360 (size before relaxing)
 .debug_str     0x00003ce7       0xd6 C:\Users\edielson\Documents\Android\workspace\CDL\libCDL.a(lpc17xx_clkpwr.o)
                                0x390 (size before relaxing)
 .debug_str     0x00003dbd      0x42f C:\Users\edielson\Documents\Android\workspace\CDL\libCDL.a(lpc17xx_gpio.o)
                                0x555 (size before relaxing)
 .debug_str     0x000041ec      0x328 C:\Users\edielson\Documents\Android\workspace\CDL\libCDL.a(lpc17xx_i2c.o)
                                0x850 (size before relaxing)
 .debug_str     0x00004514      0x101 C:\Users\edielson\Documents\Android\workspace\CDL\libCDL.a(lpc17xx_pinsel.o)
                                0x369 (size before relaxing)
 .debug_str     0x00004615      0x807 C:\Users\edielson\Documents\Android\workspace\CDL\libCDL.a(lpc17xx_uart.o)
                                0xb03 (size before relaxing)
 .debug_str     0x00004e1c       0x4c C:\Users\edielson\Documents\Android\workspace\CDL\libCDL.a(system_LPC17xx.o)
                                0x2d9 (size before relaxing)

.comment        0x00000000       0x2a
 .comment       0x00000000       0x2a ./src/AndroidAccessoryHost.o
                                 0x2b (size before relaxing)
 .comment       0x00000000       0x2b ./src/ConfigDescriptor.o
 .comment       0x00000000       0x2b ./src/DeviceDescriptor.o
 .comment       0x00000000       0x2b ./src/cr_startup_lpc176x.o
 .comment       0x00000000       0x2b ./src/main.o
 .comment       0x00000000       0x2b ./src/Lib/AndroidAccessoryCommands.o
 .comment       0x00000000       0x2b ./src/EaBaseBoard/acc.o
 .comment       0x00000000       0x2b ./src/EaBaseBoard/joystick.o
 .comment       0x00000000       0x2b ./src/EaBaseBoard/light.o
 .comment       0x00000000       0x2b ./src/EaBaseBoard/rgb.o
 .comment       0x00000000       0x2b ./src/EaBaseBoard/temp.o
 .comment       0x00000000       0x2b C:\Users\edielson\Documents\Android\workspace\nxpUSBlib\libnxpUSBLib.a(ConfigDescriptor.o)
 .comment       0x00000000       0x2b C:\Users\edielson\Documents\Android\workspace\nxpUSBlib\libnxpUSBLib.a(HostStandardReq.o)
 .comment       0x00000000       0x2b C:\Users\edielson\Documents\Android\workspace\nxpUSBlib\libnxpUSBLib.a(USBTask.o)
 .comment       0x00000000       0x2b C:\Users\edielson\Documents\Android\workspace\nxpUSBlib\libnxpUSBLib.a(Host_LPC.o)
 .comment       0x00000000       0x2b C:\Users\edielson\Documents\Android\workspace\nxpUSBlib\libnxpUSBLib.a(PipeStream_LPC.o)
 .comment       0x00000000       0x2b C:\Users\edielson\Documents\Android\workspace\nxpUSBlib\libnxpUSBLib.a(Pipe_LPC.o)
 .comment       0x00000000       0x2b C:\Users\edielson\Documents\Android\workspace\nxpUSBlib\libnxpUSBLib.a(USBController_LPC.o)
 .comment       0x00000000       0x2b C:\Users\edielson\Documents\Android\workspace\nxpUSBlib\libnxpUSBLib.a(OHCI.o)
 .comment       0x00000000       0x2b C:\Users\edielson\Documents\Android\workspace\nxpUSBlib\libnxpUSBLib.a(HCD.o)
 .comment       0x00000000       0x2b C:\Users\edielson\Documents\Android\workspace\nxpUSBlib\libnxpUSBLib.a(HAL_LPC17xx.o)
 .comment       0x00000000       0x2b C:\Users\edielson\Documents\Android\workspace\nxpUSBlib\libnxpUSBLib.a(USBMemory.o)
 .comment       0x00000000       0x2b C:\Users\edielson\Documents\Android\workspace\CDL\libCDL.a(lpc17xx_adc.o)
 .comment       0x00000000       0x2b C:\Users\edielson\Documents\Android\workspace\CDL\libCDL.a(lpc17xx_clkpwr.o)
 .comment       0x00000000       0x2b C:\Users\edielson\Documents\Android\workspace\CDL\libCDL.a(lpc17xx_gpio.o)
 .comment       0x00000000       0x2b C:\Users\edielson\Documents\Android\workspace\CDL\libCDL.a(lpc17xx_i2c.o)
 .comment       0x00000000       0x2b C:\Users\edielson\Documents\Android\workspace\CDL\libCDL.a(lpc17xx_pinsel.o)
 .comment       0x00000000       0x2b C:\Users\edielson\Documents\Android\workspace\CDL\libCDL.a(lpc17xx_uart.o)
 .comment       0x00000000       0x2b C:\Users\edielson\Documents\Android\workspace\CDL\libCDL.a(system_LPC17xx.o)
 .comment       0x00000000       0x2b c:/code_red/redsuitenxp_4.2.2_361/redsuite/tools/bin/../lib/gcc/arm-none-eabi/4.5.1/../../../../arm-none-eabi/lib/thumb2\libcr_semihost.a(_cr__main.o)
 .comment       0x00000000       0x2b c:/code_red/redsuitenxp_4.2.2_361/redsuite/tools/bin/../lib/gcc/arm-none-eabi/4.5.1/../../../../arm-none-eabi/lib/thumb2\libcr_c.a(fpprintf.o)
 .comment       0x00000000       0x2b c:/code_red/redsuitenxp_4.2.2_361/redsuite/tools/bin/../lib/gcc/arm-none-eabi/4.5.1/../../../../arm-none-eabi/lib/thumb2\libcr_c.a(initio.o)
 .comment       0x00000000       0x2b c:/code_red/redsuitenxp_4.2.2_361/redsuite/tools/bin/../lib/gcc/arm-none-eabi/4.5.1/../../../../arm-none-eabi/lib/thumb2\libcr_c.a(printf.o)
 .comment       0x00000000       0x2b c:/code_red/redsuitenxp_4.2.2_361/redsuite/tools/bin/../lib/gcc/arm-none-eabi/4.5.1/../../../../arm-none-eabi/lib/thumb2\libcr_c.a(puts.o)
 .comment       0x00000000       0x2b c:/code_red/redsuitenxp_4.2.2_361/redsuite/tools/bin/../lib/gcc/arm-none-eabi/4.5.1/../../../../arm-none-eabi/lib/thumb2\libcr_c.a(setvbuf.o)
 .comment       0x00000000       0x2b c:/code_red/redsuitenxp_4.2.2_361/redsuite/tools/bin/../lib/gcc/arm-none-eabi/4.5.1/../../../../arm-none-eabi/lib/thumb2\libcr_c.a(stdio.o)
 .comment       0x00000000       0x2b c:/code_red/redsuitenxp_4.2.2_361/redsuite/tools/bin/../lib/gcc/arm-none-eabi/4.5.1/../../../../arm-none-eabi/lib/thumb2\libcr_c.a(strlen.o)
 .comment       0x00000000       0x2b c:/code_red/redsuitenxp_4.2.2_361/redsuite/tools/bin/../lib/gcc/arm-none-eabi/4.5.1/../../../../arm-none-eabi/lib/thumb2\libcr_c.a(memcpy.o)
 .comment       0x00000000       0x2b c:/code_red/redsuitenxp_4.2.2_361/redsuite/tools/bin/../lib/gcc/arm-none-eabi/4.5.1/../../../../arm-none-eabi/lib/thumb2\libcr_c.a(memset.o)
 .comment       0x00000000       0x2b c:/code_red/redsuitenxp_4.2.2_361/redsuite/tools/bin/../lib/gcc/arm-none-eabi/4.5.1/../../../../arm-none-eabi/lib/thumb2\libcr_c.a(__fillbuf.o)
 .comment       0x00000000       0x2b c:/code_red/redsuitenxp_4.2.2_361/redsuite/tools/bin/../lib/gcc/arm-none-eabi/4.5.1/../../../../arm-none-eabi/lib/thumb2\libcr_c.a(_deferredlazyseek.o)
 .comment       0x00000000       0x2b c:/code_red/redsuitenxp_4.2.2_361/redsuite/tools/bin/../lib/gcc/arm-none-eabi/4.5.1/../../../../arm-none-eabi/lib/thumb2\libcr_c.a(_fdopen.o)
 .comment       0x00000000       0x2b c:/code_red/redsuitenxp_4.2.2_361/redsuite/tools/bin/../lib/gcc/arm-none-eabi/4.5.1/../../../../arm-none-eabi/lib/thumb2\libcr_c.a(_fflush.o)
 .comment       0x00000000       0x2b c:/code_red/redsuitenxp_4.2.2_361/redsuite/tools/bin/../lib/gcc/arm-none-eabi/4.5.1/../../../../arm-none-eabi/lib/thumb2\libcr_c.a(_frexpl.o)
 .comment       0x00000000       0x2b c:/code_red/redsuitenxp_4.2.2_361/redsuite/tools/bin/../lib/gcc/arm-none-eabi/4.5.1/../../../../arm-none-eabi/lib/thumb2\libcr_c.a(_ldexpl.o)
 .comment       0x00000000       0x2b c:/code_red/redsuitenxp_4.2.2_361/redsuite/tools/bin/../lib/gcc/arm-none-eabi/4.5.1/../../../../arm-none-eabi/lib/thumb2\libcr_c.a(_writebuf.o)
 .comment       0x00000000       0x2b c:/code_red/redsuitenxp_4.2.2_361/redsuite/tools/bin/../lib/gcc/arm-none-eabi/4.5.1/../../../../arm-none-eabi/lib/thumb2\libcr_c.a(alloc.o)
 .comment       0x00000000       0x2b c:/code_red/redsuitenxp_4.2.2_361/redsuite/tools/bin/../lib/gcc/arm-none-eabi/4.5.1/../../../../arm-none-eabi/lib/thumb2\libcr_c.a(ctype.o)
 .comment       0x00000000       0x2b c:/code_red/redsuitenxp_4.2.2_361/redsuite/tools/bin/../lib/gcc/arm-none-eabi/4.5.1/../../../../arm-none-eabi/lib/thumb2\libcr_c.a(errno.o)
 .comment       0x00000000       0x2b c:/code_red/redsuitenxp_4.2.2_361/redsuite/tools/bin/../lib/gcc/arm-none-eabi/4.5.1/../../../../arm-none-eabi/lib/thumb2\libcr_c.a(fclose.o)
 .comment       0x00000000       0x2b c:/code_red/redsuitenxp_4.2.2_361/redsuite/tools/bin/../lib/gcc/arm-none-eabi/4.5.1/../../../../arm-none-eabi/lib/thumb2\libcr_c.a(fflush.o)
 .comment       0x00000000       0x2b c:/code_red/redsuitenxp_4.2.2_361/redsuite/tools/bin/../lib/gcc/arm-none-eabi/4.5.1/../../../../arm-none-eabi/lib/thumb2\libcr_c.a(fseek.o)
 .comment       0x00000000       0x2b c:/code_red/redsuitenxp_4.2.2_361/redsuite/tools/bin/../lib/gcc/arm-none-eabi/4.5.1/../../../../arm-none-eabi/lib/thumb2\libcr_c.a(ftell.o)
 .comment       0x00000000       0x2b c:/code_red/redsuitenxp_4.2.2_361/redsuite/tools/bin/../lib/gcc/arm-none-eabi/4.5.1/../../../../arm-none-eabi/lib/thumb2\libcr_c.a(remove.o)
 .comment       0x00000000       0x2b c:/code_red/redsuitenxp_4.2.2_361/redsuite/tools/bin/../lib/gcc/arm-none-eabi/4.5.1/../../../../arm-none-eabi/lib/thumb2\libcr_c.a(__init_alloc.o)
 .comment       0x00000000       0x2b c:/code_red/redsuitenxp_4.2.2_361/redsuite/tools/bin/../lib/gcc/arm-none-eabi/4.5.1/../../../../arm-none-eabi/lib/thumb2\libcr_c.a(_do_fflush.o)
 .comment       0x00000000       0x2b c:/code_red/redsuitenxp_4.2.2_361/redsuite/tools/bin/../lib/gcc/arm-none-eabi/4.5.1/../../../../arm-none-eabi/lib/thumb2\libcr_c.a(_hugeval.o)
 .comment       0x00000000       0x2b c:/code_red/redsuitenxp_4.2.2_361/redsuite/tools/bin/../lib/gcc/arm-none-eabi/4.5.1/thumb2\libcr_eabihelpers.a(double.o)
 .comment       0x00000000       0x2b c:/code_red/redsuitenxp_4.2.2_361/redsuite/tools/bin/../lib/gcc/arm-none-eabi/4.5.1/../../../../arm-none-eabi/lib/thumb2\libcr_semihost.a(_cr_sbrk.o)
 .comment       0x00000000       0x2b c:/code_red/redsuitenxp_4.2.2_361/redsuite/tools/bin/../lib/gcc/arm-none-eabi/4.5.1/../../../../arm-none-eabi/lib/thumb2\libcr_semihost.a(_cr_check_heap.o)

.ARM.attributes
                0x00000000       0x2f
 .ARM.attributes
                0x00000000       0x31 ./src/AndroidAccessoryHost.o
 .ARM.attributes
                0x00000031       0x31 ./src/ConfigDescriptor.o
 .ARM.attributes
                0x00000062       0x31 ./src/DeviceDescriptor.o
 .ARM.attributes
                0x00000093       0x31 ./src/cr_startup_lpc176x.o
 .ARM.attributes
                0x000000c4       0x31 ./src/main.o
 .ARM.attributes
                0x000000f5       0x31 ./src/Lib/AndroidAccessoryCommands.o
 .ARM.attributes
                0x00000126       0x31 ./src/EaBaseBoard/acc.o
 .ARM.attributes
                0x00000157       0x31 ./src/EaBaseBoard/joystick.o
 .ARM.attributes
                0x00000188       0x31 ./src/EaBaseBoard/light.o
 .ARM.attributes
                0x000001b9       0x31 ./src/EaBaseBoard/rgb.o
 .ARM.attributes
                0x000001ea       0x31 ./src/EaBaseBoard/temp.o
 .ARM.attributes
                0x0000021b       0x31 C:\Users\edielson\Documents\Android\workspace\nxpUSBlib\libnxpUSBLib.a(ConfigDescriptor.o)
 .ARM.attributes
                0x0000024c       0x31 C:\Users\edielson\Documents\Android\workspace\nxpUSBlib\libnxpUSBLib.a(HostStandardReq.o)
 .ARM.attributes
                0x0000027d       0x31 C:\Users\edielson\Documents\Android\workspace\nxpUSBlib\libnxpUSBLib.a(USBTask.o)
 .ARM.attributes
                0x000002ae       0x31 C:\Users\edielson\Documents\Android\workspace\nxpUSBlib\libnxpUSBLib.a(Host_LPC.o)
 .ARM.attributes
                0x000002df       0x31 C:\Users\edielson\Documents\Android\workspace\nxpUSBlib\libnxpUSBLib.a(PipeStream_LPC.o)
 .ARM.attributes
                0x00000310       0x31 C:\Users\edielson\Documents\Android\workspace\nxpUSBlib\libnxpUSBLib.a(Pipe_LPC.o)
 .ARM.attributes
                0x00000341       0x31 C:\Users\edielson\Documents\Android\workspace\nxpUSBlib\libnxpUSBLib.a(USBController_LPC.o)
 .ARM.attributes
                0x00000372       0x31 C:\Users\edielson\Documents\Android\workspace\nxpUSBlib\libnxpUSBLib.a(OHCI.o)
 .ARM.attributes
                0x000003a3       0x31 C:\Users\edielson\Documents\Android\workspace\nxpUSBlib\libnxpUSBLib.a(HCD.o)
 .ARM.attributes