10:48:30 **** Incremental Build of configuration Debug for project easyweb ****
make all 
Building file: ../src/easyweb.c
Invoking: MCU C Compiler
arm-none-eabi-gcc -DDEBUG -D__USE_CMSIS=CMSISv1p30_LPC17xx -D__CODE_RED -D__NEWLIB__ -I"C:\Users\Thiago Rocha\Documents\LPCXpresso_6.1.4_194\workspace\Lib_CMSISv1p30_LPC17xx\inc" -I"C:\Users\Thiago Rocha\Documents\LPCXpresso_6.1.4_194\workspace\Lib_EaBaseBoard\inc" -I"C:\Users\Thiago Rocha\Documents\LPCXpresso_6.1.4_194\workspace\Lib_MCU\inc" -O0 -g3 -Wall -c -fmessage-length=0 -fno-builtin -ffunction-sections -mcpu=cortex-m3 -mthumb -MMD -MP -MF"src/easyweb.d" -MT"src/easyweb.d" -o "src/easyweb.o" "../src/easyweb.c"
../src/easyweb.c: In function 'main':
../src/easyweb.c:154:3: warning: format '%d' expects argument of type 'int', but argument 3 has type 'int32_t' [-Wformat]
../src/easyweb.c:155:3: warning: pointer targets in passing argument 3 of 'oled_putString' differ in signedness [-Wpointer-sign]
C:\Users\Thiago Rocha\Documents\LPCXpresso_6.1.4_194\workspace\Lib_EaBaseBoard\inc/oled.h:29:6: note: expected 'uint8_t *' but argument is of type 'char *'
../src/easyweb.c:157:3: warning: format '%d' expects argument of type 'int', but argument 3 has type 'int32_t' [-Wformat]
../src/easyweb.c:158:3: warning: pointer targets in passing argument 3 of 'oled_putString' differ in signedness [-Wpointer-sign]
C:\Users\Thiago Rocha\Documents\LPCXpresso_6.1.4_194\workspace\Lib_EaBaseBoard\inc/oled.h:29:6: note: expected 'uint8_t *' but argument is of type 'char *'
../src/easyweb.c:160:3: warning: format '%d' expects argument of type 'int', but argument 3 has type 'int32_t' [-Wformat]
../src/easyweb.c:161:3: warning: pointer targets in passing argument 3 of 'oled_putString' differ in signedness [-Wpointer-sign]
C:\Users\Thiago Rocha\Documents\LPCXpresso_6.1.4_194\workspace\Lib_EaBaseBoard\inc/oled.h:29:6: note: expected 'uint8_t *' but argument is of type 'char *'
../src/easyweb.c:122:11: warning: unused variable 'buf' [-Wunused-variable]
../src/easyweb.c: In function 'InsertDynamicValues':
../src/easyweb.c:255:7: warning: format '%d' expects argument of type 'int', but argument 3 has type 'int32_t' [-Wformat]
../src/easyweb.c:261:7: warning: format '%d' expects argument of type 'int', but argument 3 has type 'int32_t' [-Wformat]
../src/easyweb.c:267:7: warning: format '%d' expects argument of type 'int', but argument 3 has type 'int32_t' [-Wformat]
../src/easyweb.c: In function 'InsertDynamicValuesOLED':
../src/easyweb.c:292:7: warning: format '%d' expects argument of type 'int', but argument 3 has type 'int32_t' [-Wformat]
../src/easyweb.c:301:7: warning: format '%d' expects argument of type 'int', but argument 3 has type 'int32_t' [-Wformat]
../src/easyweb.c:308:7: warning: format '%d' expects argument of type 'int', but argument 3 has type 'int32_t' [-Wformat]
Finished building: ../src/easyweb.c
 
Building target: easyweb.axf
Invoking: MCU Linker
arm-none-eabi-gcc -nostdlib -L"C:\Users\Thiago Rocha\Documents\LPCXpresso_6.1.4_194\workspace\Lib_CMSISv1p30_LPC17xx\Debug" -L"C:\Users\Thiago Rocha\Documents\LPCXpresso_6.1.4_194\workspace\Lib_EaBaseBoard\Debug" -L"C:\Users\Thiago Rocha\Documents\LPCXpresso_6.1.4_194\workspace\Lib_MCU\Debug" -Xlinker --gc-sections -Xlinker -Map=easyweb.map -mcpu=cortex-m3 -mthumb -T "easyweb_Debug.ld" -o "easyweb.axf"  ./src/cr_startup_lpc17.o ./src/easyweb.o ./src/ethmac.o ./src/ew_systick.o ./src/tcpip.o   -lLib_CMSISv1p30_LPC17xx -lLib_EaBaseBoard -lLib_MCU
Finished building target: easyweb.axf
 
make --no-print-directory post-build
Performing post-build steps
arm-none-eabi-size easyweb.axf; # arm-none-eabi-objdump -h -S easyweb.axf >easyweb.lss
   text	   data	    bss	    dec	    hex	filename
  42324	   2172	   1916	  46412	   b54c	easyweb.axf
 

10:48:33 Build Finished (took 3s.692ms)

