14:19:00 **** Clean-only build of configuration Debug for project easyweb ****
make clean 
rm -rf  ./src/cr_startup_lpc17.o ./src/easyweb.o ./src/ethmac.o ./src/ew_systick.o ./src/tcpip.o  ./src/cr_startup_lpc17.d ./src/easyweb.d ./src/ethmac.d ./src/ew_systick.d ./src/tcpip.d  easyweb.axf
 
14:19:03 **** Build of configuration Debug for project easyweb ****
make all 
Building file: ../src/cr_startup_lpc17.c
Invoking: MCU C Compiler
arm-none-eabi-gcc -DDEBUG -D__USE_CMSIS=CMSISv1p30_LPC17xx -D__CODE_RED -D__NEWLIB__ -O0 -g3 -Wall -c -fmessage-length=0 -fno-builtin -ffunction-sections -mcpu=cortex-m3 -mthumb -MMD -MP -MF"src/cr_startup_lpc17.d" -MT"src/cr_startup_lpc17.d" -o "src/cr_startup_lpc17.o" "../src/cr_startup_lpc17.c"
../src/cr_startup_lpc17.c:49:28: fatal error: system_LPC17xx.h: No such file or directory
compilation terminated.
make: *** [src/cr_startup_lpc17.o] Error 1
14:26:17 **** Clean-only build of configuration Debug for project Project_ADK_XPR_BaseBoard ****
make clean 
rm -rf  ./src/AndroidAccessoryHost.o ./src/ConfigDescriptor.o ./src/DeviceDescriptor.o ./src/cr_startup_lpc176x.o ./src/main.o  ./src/Lib/AndroidAccessoryCommands.o  ./src/EaBaseBoard/acc.o ./src/EaBaseBoard/joystick.o ./src/EaBaseBoard/light.o ./src/EaBaseBoard/rgb.o ./src/EaBaseBoard/temp.o  ./src/AndroidAccessoryHost.d ./src/ConfigDescriptor.d ./src/DeviceDescriptor.d ./src/cr_startup_lpc176x.d ./src/main.d  ./src/Lib/AndroidAccessoryCommands.d  ./src/EaBaseBoard/acc.d ./src/EaBaseBoard/joystick.d ./src/EaBaseBoard/light.d ./src/EaBaseBoard/rgb.d ./src/EaBaseBoard/temp.d  Project_ADK_XPR_BaseBoard.axf
 
14:26:19 **** Build of configuration Debug for project Project_ADK_XPR_BaseBoard ****
make all 
Building file: ../src/Lib/AndroidAccessoryCommands.c
Invoking: MCU C Compiler
arm-none-eabi-gcc -DARCH=ARCH_LPC -D__LPC17XX__ -DUSB_HOST_ONLY -D__REDLIB__ -DDEBUG -D__CODE_RED -D__USE_CMSIS=CMSISv2p00_LPC17xx -I"C:\Users\Thiago Rocha\Documents\LPCXpresso_6.1.4_194\workspace\Project_ADK_XPR_BaseBoard" -I"C:\Users\Thiago Rocha\Documents\LPCXpresso_6.1.4_194\workspace\Project_ADK_XPR_BaseBoard\src\EaBaseBoard" -O0 -g3 -Wall -c -fmessage-length=0 -fno-builtin -ffunction-sections -fdata-sections  -std=gnu99 -mcpu=cortex-m3 -mthumb -MMD -MP -MF"src/Lib/AndroidAccessoryCommands.d" -MT"src/Lib/AndroidAccessoryCommands.d" -o "src/Lib/AndroidAccessoryCommands.o" "../src/Lib/AndroidAccessoryCommands.c"
In file included from ../src/Lib/AndroidAccessoryCommands.c:37:0:
../src/Lib/AndroidAccessoryCommands.h:44:19: fatal error: USB.h: No such file or directory
compilation terminated.
make: *** [src/Lib/AndroidAccessoryCommands.o] Error 1
14:31:28 **** Clean-only build of configuration Debug for project Lib_CMSISv1p30_LPC17xx ****
make clean 
rm -rf  ./src/core_cm3.o ./src/system_LPC17xx.o  ./src/core_cm3.d ./src/system_LPC17xx.d  libLib_CMSISv1p30_LPC17xx.a
 
14:31:28 **** Build of configuration Debug for project Lib_CMSISv1p30_LPC17xx ****
make all 
Building file: ../src/core_cm3.c
Invoking: MCU C Compiler
arm-none-eabi-gcc -DDEBUG -D__CODE_RED -D__REDLIB__ -I"C:\Users\Thiago Rocha\Documents\LPCXpresso_6.1.4_194\workspace\Lib_CMSISv1p30_LPC17xx\inc" -O0 -g3 -Wall -c -fmessage-length=0 -fno-builtin -ffunction-sections -mcpu=cortex-m3 -mthumb -MMD -MP -MF"src/core_cm3.d" -MT"src/core_cm3.d" -o "src/core_cm3.o" "../src/core_cm3.c"
Finished building: ../src/core_cm3.c
 
Building file: ../src/system_LPC17xx.c
Invoking: MCU C Compiler
arm-none-eabi-gcc -DDEBUG -D__CODE_RED -D__REDLIB__ -I"C:\Users\Thiago Rocha\Documents\LPCXpresso_6.1.4_194\workspace\Lib_CMSISv1p30_LPC17xx\inc" -O0 -g3 -Wall -c -fmessage-length=0 -fno-builtin -ffunction-sections -mcpu=cortex-m3 -mthumb -MMD -MP -MF"src/system_LPC17xx.d" -MT"src/system_LPC17xx.d" -o "src/system_LPC17xx.o" "../src/system_LPC17xx.c"
Finished building: ../src/system_LPC17xx.c
 
Building target: libLib_CMSISv1p30_LPC17xx.a
Invoking: MCU Archiver
arm-none-eabi-ar -r  "libLib_CMSISv1p30_LPC17xx.a"  ./src/core_cm3.o ./src/system_LPC17xx.o   
c:\nxp\LPCXpresso_6.1.4_194\lpcxpresso\tools\bin\arm-none-eabi-ar.exe: creating libLib_CMSISv1p30_LPC17xx.a
Finished building target: libLib_CMSISv1p30_LPC17xx.a
 
make --no-print-directory post-build
Performing post-build steps
arm-none-eabi-size libLib_CMSISv1p30_LPC17xx.a ; # arm-none-eabi-objdump -h -S libLib_CMSISv1p30_LPC17xx.a >libLib_CMSISv1p30_LPC17xx.lss
   text	   data	    bss	    dec	    hex	filename
    652	      0	      0	    652	    28c	core_cm3.o (ex libLib_CMSISv1p30_LPC17xx.a)
   1276	      4	      0	   1280	    500	system_LPC17xx.o (ex libLib_CMSISv1p30_LPC17xx.a)
 
14:31:31 **** Clean-only build of configuration Debug for project Lib_MCU ****
make clean 
rm -rf  ./src/lpc17xx_adc.o ./src/lpc17xx_can.o ./src/lpc17xx_clkpwr.o ./src/lpc17xx_dac.o ./src/lpc17xx_emac.o ./src/lpc17xx_gpio.o ./src/lpc17xx_i2c.o ./src/lpc17xx_i2s.o ./src/lpc17xx_libcfg_default.o ./src/lpc17xx_mcpwm.o ./src/lpc17xx_nvic.o ./src/lpc17xx_pinsel.o ./src/lpc17xx_pwm.o ./src/lpc17xx_qei.o ./src/lpc17xx_rit.o ./src/lpc17xx_rtc.o ./src/lpc17xx_spi.o ./src/lpc17xx_ssp.o ./src/lpc17xx_timer.o ./src/lpc17xx_uart.o ./src/lpc17xx_wdt.o  ./src/lpc17xx_adc.d ./src/lpc17xx_can.d ./src/lpc17xx_clkpwr.d ./src/lpc17xx_dac.d ./src/lpc17xx_emac.d ./src/lpc17xx_gpio.d ./src/lpc17xx_i2c.d ./src/lpc17xx_i2s.d ./src/lpc17xx_libcfg_default.d ./src/lpc17xx_mcpwm.d ./src/lpc17xx_nvic.d ./src/lpc17xx_pinsel.d ./src/lpc17xx_pwm.d ./src/lpc17xx_qei.d ./src/lpc17xx_rit.d ./src/lpc17xx_rtc.d ./src/lpc17xx_spi.d ./src/lpc17xx_ssp.d ./src/lpc17xx_timer.d ./src/lpc17xx_uart.d ./src/lpc17xx_wdt.d  libLib_MCU.a
 
14:31:32 **** Build of configuration Debug for project Lib_MCU ****
make all 
Building file: ../src/lpc17xx_adc.c
Invoking: MCU C Compiler
arm-none-eabi-gcc -DDEBUG -D__CODE_RED -D__REDLIB__ -I"C:\Users\Thiago Rocha\Documents\LPCXpresso_6.1.4_194\workspace\Lib_CMSISv1p30_LPC17xx\inc" -I"C:\Users\Thiago Rocha\Documents\LPCXpresso_6.1.4_194\workspace\Lib_MCU\inc" -O0 -g3 -Wall -c -fmessage-length=0 -fno-builtin -ffunction-sections -mcpu=cortex-m3 -mthumb -MMD -MP -MF"src/lpc17xx_adc.d" -MT"src/lpc17xx_adc.d" -o "src/lpc17xx_adc.o" "../src/lpc17xx_adc.c"
Finished building: ../src/lpc17xx_adc.c
 
Building file: ../src/lpc17xx_can.c
Invoking: MCU C Compiler
arm-none-eabi-gcc -DDEBUG -D__CODE_RED -D__REDLIB__ -I"C:\Users\Thiago Rocha\Documents\LPCXpresso_6.1.4_194\workspace\Lib_CMSISv1p30_LPC17xx\inc" -I"C:\Users\Thiago Rocha\Documents\LPCXpresso_6.1.4_194\workspace\Lib_MCU\inc" -O0 -g3 -Wall -c -fmessage-length=0 -fno-builtin -ffunction-sections -mcpu=cortex-m3 -mthumb -MMD -MP -MF"src/lpc17xx_can.d" -MT"src/lpc17xx_can.d" -o "src/lpc17xx_can.o" "../src/lpc17xx_can.c"
../src/lpc17xx_can.c: In function 'CAN_Init':
../src/lpc17xx_can.c:177:11: warning: variable 'temp' set but not used [-Wunused-but-set-variable]
Finished building: ../src/lpc17xx_can.c
 
Building file: ../src/lpc17xx_clkpwr.c
Invoking: MCU C Compiler
arm-none-eabi-gcc -DDEBUG -D__CODE_RED -D__REDLIB__ -I"C:\Users\Thiago Rocha\Documents\LPCXpresso_6.1.4_194\workspace\Lib_CMSISv1p30_LPC17xx\inc" -I"C:\Users\Thiago Rocha\Documents\LPCXpresso_6.1.4_194\workspace\Lib_MCU\inc" -O0 -g3 -Wall -c -fmessage-length=0 -fno-builtin -ffunction-sections -mcpu=cortex-m3 -mthumb -MMD -MP -MF"src/lpc17xx_clkpwr.d" -MT"src/lpc17xx_clkpwr.d" -o "src/lpc17xx_clkpwr.o" "../src/lpc17xx_clkpwr.c"
Finished building: ../src/lpc17xx_clkpwr.c
 
Building file: ../src/lpc17xx_dac.c
Invoking: MCU C Compiler
arm-none-eabi-gcc -DDEBUG -D__CODE_RED -D__REDLIB__ -I"C:\Users\Thiago Rocha\Documents\LPCXpresso_6.1.4_194\workspace\Lib_CMSISv1p30_LPC17xx\inc" -I"C:\Users\Thiago Rocha\Documents\LPCXpresso_6.1.4_194\workspace\Lib_MCU\inc" -O0 -g3 -Wall -c -fmessage-length=0 -fno-builtin -ffunction-sections -mcpu=cortex-m3 -mthumb -MMD -MP -MF"src/lpc17xx_dac.d" -MT"src/lpc17xx_dac.d" -o "src/lpc17xx_dac.o" "../src/lpc17xx_dac.c"
Finished building: ../src/lpc17xx_dac.c
 
Building file: ../src/lpc17xx_emac.c
Invoking: MCU C Compiler
arm-none-eabi-gcc -DDEBUG -D__CODE_RED -D__REDLIB__ -I"C:\Users\Thiago Rocha\Documents\LPCXpresso_6.1.4_194\workspace\Lib_CMSISv1p30_LPC17xx\inc" -I"C:\Users\Thiago Rocha\Documents\LPCXpresso_6.1.4_194\workspace\Lib_MCU\inc" -O0 -g3 -Wall -c -fmessage-length=0 -fno-builtin -ffunction-sections -mcpu=cortex-m3 -mthumb -MMD -MP -MF"src/lpc17xx_emac.d" -MT"src/lpc17xx_emac.d" -o "src/lpc17xx_emac.o" "../src/lpc17xx_emac.c"
Finished building: ../src/lpc17xx_emac.c
 
Building file: ../src/lpc17xx_gpio.c
Invoking: MCU C Compiler
arm-none-eabi-gcc -DDEBUG -D__CODE_RED -D__REDLIB__ -I"C:\Users\Thiago Rocha\Documents\LPCXpresso_6.1.4_194\workspace\Lib_CMSISv1p30_LPC17xx\inc" -I"C:\Users\Thiago Rocha\Documents\LPCXpresso_6.1.4_194\workspace\Lib_MCU\inc" -O0 -g3 -Wall -c -fmessage-length=0 -fno-builtin -ffunction-sections -mcpu=cortex-m3 -mthumb -MMD -MP -MF"src/lpc17xx_gpio.d" -MT"src/lpc17xx_gpio.d" -o "src/lpc17xx_gpio.o" "../src/lpc17xx_gpio.c"
Finished building: ../src/lpc17xx_gpio.c
 
Building file: ../src/lpc17xx_i2c.c
Invoking: MCU C Compiler
arm-none-eabi-gcc -DDEBUG -D__CODE_RED -D__REDLIB__ -I"C:\Users\Thiago Rocha\Documents\LPCXpresso_6.1.4_194\workspace\Lib_CMSISv1p30_LPC17xx\inc" -I"C:\Users\Thiago Rocha\Documents\LPCXpresso_6.1.4_194\workspace\Lib_MCU\inc" -O0 -g3 -Wall -c -fmessage-length=0 -fno-builtin -ffunction-sections -mcpu=cortex-m3 -mthumb -MMD -MP -MF"src/lpc17xx_i2c.d" -MT"src/lpc17xx_i2c.d" -o "src/lpc17xx_i2c.o" "../src/lpc17xx_i2c.c"
Finished building: ../src/lpc17xx_i2c.c
 
Building file: ../src/lpc17xx_i2s.c
Invoking: MCU C Compiler
arm-none-eabi-gcc -DDEBUG -D__CODE_RED -D__REDLIB__ -I"C:\Users\Thiago Rocha\Documents\LPCXpresso_6.1.4_194\workspace\Lib_CMSISv1p30_LPC17xx\inc" -I"C:\Users\Thiago Rocha\Documents\LPCXpresso_6.1.4_194\workspace\Lib_MCU\inc" -O0 -g3 -Wall -c -fmessage-length=0 -fno-builtin -ffunction-sections -mcpu=cortex-m3 -mthumb -MMD -MP -MF"src/lpc17xx_i2s.d" -MT"src/lpc17xx_i2s.d" -o "src/lpc17xx_i2s.o" "../src/lpc17xx_i2s.c"
Finished building: ../src/lpc17xx_i2s.c
 
Building file: ../src/lpc17xx_libcfg_default.c
Invoking: MCU C Compiler
arm-none-eabi-gcc -DDEBUG -D__CODE_RED -D__REDLIB__ -I"C:\Users\Thiago Rocha\Documents\LPCXpresso_6.1.4_194\workspace\Lib_CMSISv1p30_LPC17xx\inc" -I"C:\Users\Thiago Rocha\Documents\LPCXpresso_6.1.4_194\workspace\Lib_MCU\inc" -O0 -g3 -Wall -c -fmessage-length=0 -fno-builtin -ffunction-sections -mcpu=cortex-m3 -mthumb -MMD -MP -MF"src/lpc17xx_libcfg_default.d" -MT"src/lpc17xx_libcfg_default.d" -o "src/lpc17xx_libcfg_default.o" "../src/lpc17xx_libcfg_default.c"
Finished building: ../src/lpc17xx_libcfg_default.c
 
Building file: ../src/lpc17xx_mcpwm.c
Invoking: MCU C Compiler
arm-none-eabi-gcc -DDEBUG -D__CODE_RED -D__REDLIB__ -I"C:\Users\Thiago Rocha\Documents\LPCXpresso_6.1.4_194\workspace\Lib_CMSISv1p30_LPC17xx\inc" -I"C:\Users\Thiago Rocha\Documents\LPCXpresso_6.1.4_194\workspace\Lib_MCU\inc" -O0 -g3 -Wall -c -fmessage-length=0 -fno-builtin -ffunction-sections -mcpu=cortex-m3 -mthumb -MMD -MP -MF"src/lpc17xx_mcpwm.d" -MT"src/lpc17xx_mcpwm.d" -o "src/lpc17xx_mcpwm.o" "../src/lpc17xx_mcpwm.c"
Finished building: ../src/lpc17xx_mcpwm.c
 
Building file: ../src/lpc17xx_nvic.c
Invoking: MCU C Compiler
arm-none-eabi-gcc -DDEBUG -D__CODE_RED -D__REDLIB__ -I"C:\Users\Thiago Rocha\Documents\LPCXpresso_6.1.4_194\workspace\Lib_CMSISv1p30_LPC17xx\inc" -I"C:\Users\Thiago Rocha\Documents\LPCXpresso_6.1.4_194\workspace\Lib_MCU\inc" -O0 -g3 -Wall -c -fmessage-length=0 -fno-builtin -ffunction-sections -mcpu=cortex-m3 -mthumb -MMD -MP -MF"src/lpc17xx_nvic.d" -MT"src/lpc17xx_nvic.d" -o "src/lpc17xx_nvic.o" "../src/lpc17xx_nvic.c"
Finished building: ../src/lpc17xx_nvic.c
 
Building file: ../src/lpc17xx_pinsel.c
Invoking: MCU C Compiler
arm-none-eabi-gcc -DDEBUG -D__CODE_RED -D__REDLIB__ -I"C:\Users\Thiago Rocha\Documents\LPCXpresso_6.1.4_194\workspace\Lib_CMSISv1p30_LPC17xx\inc" -I"C:\Users\Thiago Rocha\Documents\LPCXpresso_6.1.4_194\workspace\Lib_MCU\inc" -O0 -g3 -Wall -c -fmessage-length=0 -fno-builtin -ffunction-sections -mcpu=cortex-m3 -mthumb -MMD -MP -MF"src/lpc17xx_pinsel.d" -MT"src/lpc17xx_pinsel.d" -o "src/lpc17xx_pinsel.o" "../src/lpc17xx_pinsel.c"
Finished building: ../src/lpc17xx_pinsel.c
 
Building file: ../src/lpc17xx_pwm.c
Invoking: MCU C Compiler
arm-none-eabi-gcc -DDEBUG -D__CODE_RED -D__REDLIB__ -I"C:\Users\Thiago Rocha\Documents\LPCXpresso_6.1.4_194\workspace\Lib_CMSISv1p30_LPC17xx\inc" -I"C:\Users\Thiago Rocha\Documents\LPCXpresso_6.1.4_194\workspace\Lib_MCU\inc" -O0 -g3 -Wall -c -fmessage-length=0 -fno-builtin -ffunction-sections -mcpu=cortex-m3 -mthumb -MMD -MP -MF"src/lpc17xx_pwm.d" -MT"src/lpc17xx_pwm.d" -o "src/lpc17xx_pwm.o" "../src/lpc17xx_pwm.c"
Finished building: ../src/lpc17xx_pwm.c
 
Building file: ../src/lpc17xx_qei.c
Invoking: MCU C Compiler
arm-none-eabi-gcc -DDEBUG -D__CODE_RED -D__REDLIB__ -I"C:\Users\Thiago Rocha\Documents\LPCXpresso_6.1.4_194\workspace\Lib_CMSISv1p30_LPC17xx\inc" -I"C:\Users\Thiago Rocha\Documents\LPCXpresso_6.1.4_194\workspace\Lib_MCU\inc" -O0 -g3 -Wall -c -fmessage-length=0 -fno-builtin -ffunction-sections -mcpu=cortex-m3 -mthumb -MMD -MP -MF"src/lpc17xx_qei.d" -MT"src/lpc17xx_qei.d" -o "src/lpc17xx_qei.o" "../src/lpc17xx_qei.c"
Finished building: ../src/lpc17xx_qei.c
 
Building file: ../src/lpc17xx_rit.c
Invoking: MCU C Compiler
arm-none-eabi-gcc -DDEBUG -D__CODE_RED -D__REDLIB__ -I"C:\Users\Thiago Rocha\Documents\LPCXpresso_6.1.4_194\workspace\Lib_CMSISv1p30_LPC17xx\inc" -I"C:\Users\Thiago Rocha\Documents\LPCXpresso_6.1.4_194\workspace\Lib_MCU\inc" -O0 -g3 -Wall -c -fmessage-length=0 -fno-builtin -ffunction-sections -mcpu=cortex-m3 -mthumb -MMD -MP -MF"src/lpc17xx_rit.d" -MT"src/lpc17xx_rit.d" -o "src/lpc17xx_rit.o" "../src/lpc17xx_rit.c"
Finished building: ../src/lpc17xx_rit.c
 
Building file: ../src/lpc17xx_rtc.c
Invoking: MCU C Compiler
arm-none-eabi-gcc -DDEBUG -D__CODE_RED -D__REDLIB__ -I"C:\Users\Thiago Rocha\Documents\LPCXpresso_6.1.4_194\workspace\Lib_CMSISv1p30_LPC17xx\inc" -I"C:\Users\Thiago Rocha\Documents\LPCXpresso_6.1.4_194\workspace\Lib_MCU\inc" -O0 -g3 -Wall -c -fmessage-length=0 -fno-builtin -ffunction-sections -mcpu=cortex-m3 -mthumb -MMD -MP -MF"src/lpc17xx_rtc.d" -MT"src/lpc17xx_rtc.d" -o "src/lpc17xx_rtc.o" "../src/lpc17xx_rtc.c"
Finished building: ../src/lpc17xx_rtc.c
 
Building file: ../src/lpc17xx_spi.c
Invoking: MCU C Compiler
arm-none-eabi-gcc -DDEBUG -D__CODE_RED -D__REDLIB__ -I"C:\Users\Thiago Rocha\Documents\LPCXpresso_6.1.4_194\workspace\Lib_CMSISv1p30_LPC17xx\inc" -I"C:\Users\Thiago Rocha\Documents\LPCXpresso_6.1.4_194\workspace\Lib_MCU\inc" -O0 -g3 -Wall -c -fmessage-length=0 -fno-builtin -ffunction-sections -mcpu=cortex-m3 -mthumb -MMD -MP -MF"src/lpc17xx_spi.d" -MT"src/lpc17xx_spi.d" -o "src/lpc17xx_spi.o" "../src/lpc17xx_spi.c"
Finished building: ../src/lpc17xx_spi.c
 
Building file: ../src/lpc17xx_ssp.c
Invoking: MCU C Compiler
arm-none-eabi-gcc -DDEBUG -D__CODE_RED -D__REDLIB__ -I"C:\Users\Thiago Rocha\Documents\LPCXpresso_6.1.4_194\workspace\Lib_CMSISv1p30_LPC17xx\inc" -I"C:\Users\Thiago Rocha\Documents\LPCXpresso_6.1.4_194\workspace\Lib_MCU\inc" -O0 -g3 -Wall -c -fmessage-length=0 -fno-builtin -ffunction-sections -mcpu=cortex-m3 -mthumb -MMD -MP -MF"src/lpc17xx_ssp.d" -MT"src/lpc17xx_ssp.d" -o "src/lpc17xx_ssp.o" "../src/lpc17xx_ssp.c"
Finished building: ../src/lpc17xx_ssp.c
 
Building file: ../src/lpc17xx_timer.c
Invoking: MCU C Compiler
arm-none-eabi-gcc -DDEBUG -D__CODE_RED -D__REDLIB__ -I"C:\Users\Thiago Rocha\Documents\LPCXpresso_6.1.4_194\workspace\Lib_CMSISv1p30_LPC17xx\inc" -I"C:\Users\Thiago Rocha\Documents\LPCXpresso_6.1.4_194\workspace\Lib_MCU\inc" -O0 -g3 -Wall -c -fmessage-length=0 -fno-builtin -ffunction-sections -mcpu=cortex-m3 -mthumb -MMD -MP -MF"src/lpc17xx_timer.d" -MT"src/lpc17xx_timer.d" -o "src/lpc17xx_timer.o" "../src/lpc17xx_timer.c"
../src/lpc17xx_timer.c: In function 'TIM_Init':
../src/lpc17xx_timer.c:244:11: warning: variable 'timer' set but not used [-Wunused-but-set-variable]
../src/lpc17xx_timer.c: In function 'TIM_ConfigMatch':
../src/lpc17xx_timer.c:389:11: warning: variable 'timer' set but not used [-Wunused-but-set-variable]
../src/lpc17xx_timer.c: In function 'TIM_ConfigCapture':
../src/lpc17xx_timer.c:436:11: warning: variable 'timer' set but not used [-Wunused-but-set-variable]
Finished building: ../src/lpc17xx_timer.c
 
Building file: ../src/lpc17xx_uart.c
Invoking: MCU C Compiler
arm-none-eabi-gcc -DDEBUG -D__CODE_RED -D__REDLIB__ -I"C:\Users\Thiago Rocha\Documents\LPCXpresso_6.1.4_194\workspace\Lib_CMSISv1p30_LPC17xx\inc" -I"C:\Users\Thiago Rocha\Documents\LPCXpresso_6.1.4_194\workspace\Lib_MCU\inc" -O0 -g3 -Wall -c -fmessage-length=0 -fno-builtin -ffunction-sections -mcpu=cortex-m3 -mthumb -MMD -MP -MF"src/lpc17xx_uart.d" -MT"src/lpc17xx_uart.d" -o "src/lpc17xx_uart.o" "../src/lpc17xx_uart.c"
../src/lpc17xx_uart.c: In function 'UART_SendString':
../src/lpc17xx_uart.c:1394:2: warning: implicit declaration of function 'strlen' [-Wimplicit-function-declaration]
Finished building: ../src/lpc17xx_uart.c
 
Building file: ../src/lpc17xx_wdt.c
Invoking: MCU C Compiler
arm-none-eabi-gcc -DDEBUG -D__CODE_RED -D__REDLIB__ -I"C:\Users\Thiago Rocha\Documents\LPCXpresso_6.1.4_194\workspace\Lib_CMSISv1p30_LPC17xx\inc" -I"C:\Users\Thiago Rocha\Documents\LPCXpresso_6.1.4_194\workspace\Lib_MCU\inc" -O0 -g3 -Wall -c -fmessage-length=0 -fno-builtin -ffunction-sections -mcpu=cortex-m3 -mthumb -MMD -MP -MF"src/lpc17xx_wdt.d" -MT"src/lpc17xx_wdt.d" -o "src/lpc17xx_wdt.o" "../src/lpc17xx_wdt.c"
Finished building: ../src/lpc17xx_wdt.c
 
Building target: libLib_MCU.a
Invoking: MCU Archiver
arm-none-eabi-ar -r  "libLib_MCU.a"  ./src/lpc17xx_adc.o ./src/lpc17xx_can.o ./src/lpc17xx_clkpwr.o ./src/lpc17xx_dac.o ./src/lpc17xx_emac.o ./src/lpc17xx_gpio.o ./src/lpc17xx_i2c.o ./src/lpc17xx_i2s.o ./src/lpc17xx_libcfg_default.o ./src/lpc17xx_mcpwm.o ./src/lpc17xx_nvic.o ./src/lpc17xx_pinsel.o ./src/lpc17xx_pwm.o ./src/lpc17xx_qei.o ./src/lpc17xx_rit.o ./src/lpc17xx_rtc.o ./src/lpc17xx_spi.o ./src/lpc17xx_ssp.o ./src/lpc17xx_timer.o ./src/lpc17xx_uart.o ./src/lpc17xx_wdt.o   
c:\nxp\LPCXpresso_6.1.4_194\lpcxpresso\tools\bin\arm-none-eabi-ar.exe: creating libLib_MCU.a
Finished building target: libLib_MCU.a
 
make --no-print-directory post-build
Performing post-build steps
arm-none-eabi-size libLib_MCU.a ; # arm-none-eabi-objdump -h -S libLib_MCU.a >libLib_MCU.lss
   text	   data	    bss	    dec	    hex	filename
   1428	      0	      0	   1428	    594	lpc17xx_adc.o (ex libLib_MCU.a)
  14060	     16	     60	  14136	   3738	lpc17xx_can.o (ex libLib_MCU.a)
    684	      0	      0	    684	    2ac	lpc17xx_clkpwr.o (ex libLib_MCU.a)
    428	      0	      0	    428	    1ac	lpc17xx_dac.o (ex libLib_MCU.a)
   3460	      0	  10896	  14356	   3814	lpc17xx_emac.o (ex libLib_MCU.a)
   1720	      0	      0	   1720	    6b8	lpc17xx_gpio.o (ex libLib_MCU.a)
   5240	      0	     36	   5276	   149c	lpc17xx_i2c.o (ex libLib_MCU.a)
   3372	      0	      8	   3380	    d34	lpc17xx_i2s.o (ex libLib_MCU.a)
     12	      0	      0	     12	      c	lpc17xx_libcfg_default.o (ex libLib_MCU.a)
   2016	      0	      0	   2016	    7e0	lpc17xx_mcpwm.o (ex libLib_MCU.a)
    352	      0	      0	    352	    160	lpc17xx_nvic.o (ex libLib_MCU.a)
    664	      0	      0	    664	    298	lpc17xx_pinsel.o (ex libLib_MCU.a)
   2996	      0	      0	   2996	    bb4	lpc17xx_pwm.o (ex libLib_MCU.a)
   2388	      0	      0	   2388	    954	lpc17xx_qei.o (ex libLib_MCU.a)
    736	      0	      0	    736	    2e0	lpc17xx_rit.o (ex libLib_MCU.a)
   4308	      0	      0	   4308	   10d4	lpc17xx_rtc.o (ex libLib_MCU.a)
   2012	      0	     12	   2024	    7e8	lpc17xx_spi.o (ex libLib_MCU.a)
   4068	      0	     24	   4092	    ffc	lpc17xx_ssp.o (ex libLib_MCU.a)
   3044	      0	      0	   3044	    be4	lpc17xx_timer.o (ex libLib_MCU.a)
   6748	      0	     68	   6816	   1aa0	lpc17xx_uart.o (ex libLib_MCU.a)
    852	      0	      0	    852	    354	lpc17xx_wdt.o (ex libLib_MCU.a)
 
14:31:44 **** Clean-only build of configuration Debug for project Lib_EaBaseBoard ****
make clean 
rm -rf  ./src/acc.o ./src/eeprom.o ./src/flash.o ./src/font5x7.o ./src/joystick.o ./src/led7seg.o ./src/light.o ./src/oled.o ./src/pca9532.o ./src/rgb.o ./src/rotary.o ./src/temp.o ./src/uart2.o  ./src/acc.d ./src/eeprom.d ./src/flash.d ./src/font5x7.d ./src/joystick.d ./src/led7seg.d ./src/light.d ./src/oled.d ./src/pca9532.d ./src/rgb.d ./src/rotary.d ./src/temp.d ./src/uart2.d  libLib_EaBaseBoard.a
 
14:31:44 **** Build of configuration Debug for project Lib_EaBaseBoard ****
make all 
Building file: ../src/acc.c
Invoking: MCU C Compiler
arm-none-eabi-gcc -DDEBUG -D__CODE_RED -D__REDLIB__ -I"C:\Users\Thiago Rocha\Documents\LPCXpresso_6.1.4_194\workspace\Lib_CMSISv1p30_LPC17xx\inc" -I"C:\Users\Thiago Rocha\Documents\LPCXpresso_6.1.4_194\workspace\Lib_EaBaseBoard\inc" -I"C:\Users\Thiago Rocha\Documents\LPCXpresso_6.1.4_194\workspace\Lib_MCU\inc" -O0 -g3 -Wall -c -fmessage-length=0 -fno-builtin -ffunction-sections -mcpu=cortex-m3 -mthumb -MMD -MP -MF"src/acc.d" -MT"src/acc.d" -o "src/acc.o" "../src/acc.c"
Finished building: ../src/acc.c
 
Building file: ../src/eeprom.c
Invoking: MCU C Compiler
arm-none-eabi-gcc -DDEBUG -D__CODE_RED -D__REDLIB__ -I"C:\Users\Thiago Rocha\Documents\LPCXpresso_6.1.4_194\workspace\Lib_CMSISv1p30_LPC17xx\inc" -I"C:\Users\Thiago Rocha\Documents\LPCXpresso_6.1.4_194\workspace\Lib_EaBaseBoard\inc" -I"C:\Users\Thiago Rocha\Documents\LPCXpresso_6.1.4_194\workspace\Lib_MCU\inc" -O0 -g3 -Wall -c -fmessage-length=0 -fno-builtin -ffunction-sections -mcpu=cortex-m3 -mthumb -MMD -MP -MF"src/eeprom.d" -MT"src/eeprom.d" -o "src/eeprom.o" "../src/eeprom.c"
Finished building: ../src/eeprom.c
 
Building file: ../src/flash.c
Invoking: MCU C Compiler
arm-none-eabi-gcc -DDEBUG -D__CODE_RED -D__REDLIB__ -I"C:\Users\Thiago Rocha\Documents\LPCXpresso_6.1.4_194\workspace\Lib_CMSISv1p30_LPC17xx\inc" -I"C:\Users\Thiago Rocha\Documents\LPCXpresso_6.1.4_194\workspace\Lib_EaBaseBoard\inc" -I"C:\Users\Thiago Rocha\Documents\LPCXpresso_6.1.4_194\workspace\Lib_MCU\inc" -O0 -g3 -Wall -c -fmessage-length=0 -fno-builtin -ffunction-sections -mcpu=cortex-m3 -mthumb -MMD -MP -MF"src/flash.d" -MT"src/flash.d" -o "src/flash.o" "../src/flash.c"
Finished building: ../src/flash.c
 
Building file: ../src/font5x7.c
Invoking: MCU C Compiler
arm-none-eabi-gcc -DDEBUG -D__CODE_RED -D__REDLIB__ -I"C:\Users\Thiago Rocha\Documents\LPCXpresso_6.1.4_194\workspace\Lib_CMSISv1p30_LPC17xx\inc" -I"C:\Users\Thiago Rocha\Documents\LPCXpresso_6.1.4_194\workspace\Lib_EaBaseBoard\inc" -I"C:\Users\Thiago Rocha\Documents\LPCXpresso_6.1.4_194\workspace\Lib_MCU\inc" -O0 -g3 -Wall -c -fmessage-length=0 -fno-builtin -ffunction-sections -mcpu=cortex-m3 -mthumb -MMD -MP -MF"src/font5x7.d" -MT"src/font5x7.d" -o "src/font5x7.o" "../src/font5x7.c"
Finished building: ../src/font5x7.c
 
Building file: ../src/joystick.c
Invoking: MCU C Compiler
arm-none-eabi-gcc -DDEBUG -D__CODE_RED -D__REDLIB__ -I"C:\Users\Thiago Rocha\Documents\LPCXpresso_6.1.4_194\workspace\Lib_CMSISv1p30_LPC17xx\inc" -I"C:\Users\Thiago Rocha\Documents\LPCXpresso_6.1.4_194\workspace\Lib_EaBaseBoard\inc" -I"C:\Users\Thiago Rocha\Documents\LPCXpresso_6.1.4_194\workspace\Lib_MCU\inc" -O0 -g3 -Wall -c -fmessage-length=0 -fno-builtin -ffunction-sections -mcpu=cortex-m3 -mthumb -MMD -MP -MF"src/joystick.d" -MT"src/joystick.d" -o "src/joystick.o" "../src/joystick.c"
Finished building: ../src/joystick.c
 
Building file: ../src/led7seg.c
Invoking: MCU C Compiler
arm-none-eabi-gcc -DDEBUG -D__CODE_RED -D__REDLIB__ -I"C:\Users\Thiago Rocha\Documents\LPCXpresso_6.1.4_194\workspace\Lib_CMSISv1p30_LPC17xx\inc" -I"C:\Users\Thiago Rocha\Documents\LPCXpresso_6.1.4_194\workspace\Lib_EaBaseBoard\inc" -I"C:\Users\Thiago Rocha\Documents\LPCXpresso_6.1.4_194\workspace\Lib_MCU\inc" -O0 -g3 -Wall -c -fmessage-length=0 -fno-builtin -ffunction-sections -mcpu=cortex-m3 -mthumb -MMD -MP -MF"src/led7seg.d" -MT"src/led7seg.d" -o "src/led7seg.o" "../src/led7seg.c"
Finished building: ../src/led7seg.c
 
Building file: ../src/light.c
Invoking: MCU C Compiler
arm-none-eabi-gcc -DDEBUG -D__CODE_RED -D__REDLIB__ -I"C:\Users\Thiago Rocha\Documents\LPCXpresso_6.1.4_194\workspace\Lib_CMSISv1p30_LPC17xx\inc" -I"C:\Users\Thiago Rocha\Documents\LPCXpresso_6.1.4_194\workspace\Lib_EaBaseBoard\inc" -I"C:\Users\Thiago Rocha\Documents\LPCXpresso_6.1.4_194\workspace\Lib_MCU\inc" -O0 -g3 -Wall -c -fmessage-length=0 -fno-builtin -ffunction-sections -mcpu=cortex-m3 -mthumb -MMD -MP -MF"src/light.d" -MT"src/light.d" -o "src/light.o" "../src/light.c"
Finished building: ../src/light.c
 
Building file: ../src/oled.c
Invoking: MCU C Compiler
arm-none-eabi-gcc -DDEBUG -D__CODE_RED -D__REDLIB__ -I"C:\Users\Thiago Rocha\Documents\LPCXpresso_6.1.4_194\workspace\Lib_CMSISv1p30_LPC17xx\inc" -I"C:\Users\Thiago Rocha\Documents\LPCXpresso_6.1.4_194\workspace\Lib_EaBaseBoard\inc" -I"C:\Users\Thiago Rocha\Documents\LPCXpresso_6.1.4_194\workspace\Lib_MCU\inc" -O0 -g3 -Wall -c -fmessage-length=0 -fno-builtin -ffunction-sections -mcpu=cortex-m3 -mthumb -MMD -MP -MF"src/oled.d" -MT"src/oled.d" -o "src/oled.o" "../src/oled.c"
Finished building: ../src/oled.c
 
Building file: ../src/pca9532.c
Invoking: MCU C Compiler
arm-none-eabi-gcc -DDEBUG -D__CODE_RED -D__REDLIB__ -I"C:\Users\Thiago Rocha\Documents\LPCXpresso_6.1.4_194\workspace\Lib_CMSISv1p30_LPC17xx\inc" -I"C:\Users\Thiago Rocha\Documents\LPCXpresso_6.1.4_194\workspace\Lib_EaBaseBoard\inc" -I"C:\Users\Thiago Rocha\Documents\LPCXpresso_6.1.4_194\workspace\Lib_MCU\inc" -O0 -g3 -Wall -c -fmessage-length=0 -fno-builtin -ffunction-sections -mcpu=cortex-m3 -mthumb -MMD -MP -MF"src/pca9532.d" -MT"src/pca9532.d" -o "src/pca9532.o" "../src/pca9532.c"
Finished building: ../src/pca9532.c
 
Building file: ../src/rgb.c
Invoking: MCU C Compiler
arm-none-eabi-gcc -DDEBUG -D__CODE_RED -D__REDLIB__ -I"C:\Users\Thiago Rocha\Documents\LPCXpresso_6.1.4_194\workspace\Lib_CMSISv1p30_LPC17xx\inc" -I"C:\Users\Thiago Rocha\Documents\LPCXpresso_6.1.4_194\workspace\Lib_EaBaseBoard\inc" -I"C:\Users\Thiago Rocha\Documents\LPCXpresso_6.1.4_194\workspace\Lib_MCU\inc" -O0 -g3 -Wall -c -fmessage-length=0 -fno-builtin -ffunction-sections -mcpu=cortex-m3 -mthumb -MMD -MP -MF"src/rgb.d" -MT"src/rgb.d" -o "src/rgb.o" "../src/rgb.c"
Finished building: ../src/rgb.c
 
Building file: ../src/rotary.c
Invoking: MCU C Compiler
arm-none-eabi-gcc -DDEBUG -D__CODE_RED -D__REDLIB__ -I"C:\Users\Thiago Rocha\Documents\LPCXpresso_6.1.4_194\workspace\Lib_CMSISv1p30_LPC17xx\inc" -I"C:\Users\Thiago Rocha\Documents\LPCXpresso_6.1.4_194\workspace\Lib_EaBaseBoard\inc" -I"C:\Users\Thiago Rocha\Documents\LPCXpresso_6.1.4_194\workspace\Lib_MCU\inc" -O0 -g3 -Wall -c -fmessage-length=0 -fno-builtin -ffunction-sections -mcpu=cortex-m3 -mthumb -MMD -MP -MF"src/rotary.d" -MT"src/rotary.d" -o "src/rotary.o" "../src/rotary.c"
Finished building: ../src/rotary.c
 
Building file: ../src/temp.c
Invoking: MCU C Compiler
arm-none-eabi-gcc -DDEBUG -D__CODE_RED -D__REDLIB__ -I"C:\Users\Thiago Rocha\Documents\LPCXpresso_6.1.4_194\workspace\Lib_CMSISv1p30_LPC17xx\inc" -I"C:\Users\Thiago Rocha\Documents\LPCXpresso_6.1.4_194\workspace\Lib_EaBaseBoard\inc" -I"C:\Users\Thiago Rocha\Documents\LPCXpresso_6.1.4_194\workspace\Lib_MCU\inc" -O0 -g3 -Wall -c -fmessage-length=0 -fno-builtin -ffunction-sections -mcpu=cortex-m3 -mthumb -MMD -MP -MF"src/temp.d" -MT"src/temp.d" -o "src/temp.o" "../src/temp.c"
Finished building: ../src/temp.c
 
Building file: ../src/uart2.c
Invoking: MCU C Compiler
arm-none-eabi-gcc -DDEBUG -D__CODE_RED -D__REDLIB__ -I"C:\Users\Thiago Rocha\Documents\LPCXpresso_6.1.4_194\workspace\Lib_CMSISv1p30_LPC17xx\inc" -I"C:\Users\Thiago Rocha\Documents\LPCXpresso_6.1.4_194\workspace\Lib_EaBaseBoard\inc" -I"C:\Users\Thiago Rocha\Documents\LPCXpresso_6.1.4_194\workspace\Lib_MCU\inc" -O0 -g3 -Wall -c -fmessage-length=0 -fno-builtin -ffunction-sections -mcpu=cortex-m3 -mthumb -MMD -MP -MF"src/uart2.d" -MT"src/uart2.d" -o "src/uart2.o" "../src/uart2.c"
Finished building: ../src/uart2.c
 
Building target: libLib_EaBaseBoard.a
Invoking: MCU Archiver
arm-none-eabi-ar -r  "libLib_EaBaseBoard.a"  ./src/acc.o ./src/eeprom.o ./src/flash.o ./src/font5x7.o ./src/joystick.o ./src/led7seg.o ./src/light.o ./src/oled.o ./src/pca9532.o ./src/rgb.o ./src/rotary.o ./src/temp.o ./src/uart2.o   
c:\nxp\LPCXpresso_6.1.4_194\lpcxpresso\tools\bin\arm-none-eabi-ar.exe: creating libLib_EaBaseBoard.a
Finished building target: libLib_EaBaseBoard.a
 
make --no-print-directory post-build
Performing post-build steps
arm-none-eabi-size libLib_EaBaseBoard.a ; # arm-none-eabi-objdump -h -S libLib_EaBaseBoard.a >libLib_EaBaseBoard.lss
   text	   data	    bss	    dec	    hex	filename
    676	      0	      0	    676	    2a4	acc.o (ex libLib_EaBaseBoard.a)
    680	      0	      0	    680	    2a8	eeprom.o (ex libLib_EaBaseBoard.a)
   1772	     80	     12	   1864	    748	flash.o (ex libLib_EaBaseBoard.a)
    768	      0	      0	    768	    300	font5x7.o (ex libLib_EaBaseBoard.a)
    192	      0	      0	    192	     c0	joystick.o (ex libLib_EaBaseBoard.a)
    172	     80	      0	    252	     fc	led7seg.o (ex libLib_EaBaseBoard.a)
   1392	      8	      0	   1400	    578	light.o (ex libLib_EaBaseBoard.a)
   3256	      0	    768	   4024	    fb8	oled.o (ex libLib_EaBaseBoard.a)
   1264	      0	      6	   1270	    4f6	pca9532.o (ex libLib_EaBaseBoard.a)
    184	      0	      0	    184	     b8	rgb.o (ex libLib_EaBaseBoard.a)
    268	      0	      0	    268	    10c	rotary.o (ex libLib_EaBaseBoard.a)
    312	      0	      4	    316	    13c	temp.o (ex libLib_EaBaseBoard.a)
    980	      0	      1	    981	    3d5	uart2.o (ex libLib_EaBaseBoard.a)
 
14:31:52 **** Incremental Build of configuration Debug for project easyweb ****
make all 
Building file: ../src/cr_startup_lpc17.c
Invoking: MCU C Compiler
arm-none-eabi-gcc -DDEBUG -D__USE_CMSIS=CMSISv1p30_LPC17xx -D__CODE_RED -D__NEWLIB__ -I"C:\Users\Thiago Rocha\Documents\LPCXpresso_6.1.4_194\workspace\Lib_CMSISv1p30_LPC17xx\inc" -I"C:\Users\Thiago Rocha\Documents\LPCXpresso_6.1.4_194\workspace\Lib_EaBaseBoard\inc" -I"C:\Users\Thiago Rocha\Documents\LPCXpresso_6.1.4_194\workspace\Lib_MCU\inc" -O0 -g3 -Wall -c -fmessage-length=0 -fno-builtin -ffunction-sections -mcpu=cortex-m3 -mthumb -MMD -MP -MF"src/cr_startup_lpc17.d" -MT"src/cr_startup_lpc17.d" -o "src/cr_startup_lpc17.o" "../src/cr_startup_lpc17.c"
Finished building: ../src/cr_startup_lpc17.c
 
Building file: ../src/easyweb.c
Invoking: MCU C Compiler
arm-none-eabi-gcc -DDEBUG -D__USE_CMSIS=CMSISv1p30_LPC17xx -D__CODE_RED -D__NEWLIB__ -I"C:\Users\Thiago Rocha\Documents\LPCXpresso_6.1.4_194\workspace\Lib_CMSISv1p30_LPC17xx\inc" -I"C:\Users\Thiago Rocha\Documents\LPCXpresso_6.1.4_194\workspace\Lib_EaBaseBoard\inc" -I"C:\Users\Thiago Rocha\Documents\LPCXpresso_6.1.4_194\workspace\Lib_MCU\inc" -O0 -g3 -Wall -c -fmessage-length=0 -fno-builtin -ffunction-sections -mcpu=cortex-m3 -mthumb -MMD -MP -MF"src/easyweb.d" -MT"src/easyweb.d" -o "src/easyweb.o" "../src/easyweb.c"
../src/easyweb.c: In function 'main':
../src/easyweb.c:122:11: warning: unused variable 'buf' [-Wunused-variable]
../src/easyweb.c: In function 'InsertDynamicValues':
../src/easyweb.c:267:7: warning: format '%d' expects argument of type 'int', but argument 3 has type 'int32_t' [-Wformat]
../src/easyweb.c:273:7: warning: format '%d' expects argument of type 'int', but argument 3 has type 'int32_t' [-Wformat]
../src/easyweb.c:279:7: warning: format '%d' expects argument of type 'int', but argument 3 has type 'int32_t' [-Wformat]
../src/easyweb.c: In function 'InsertDynamicValuesOLED':
../src/easyweb.c:304:7: warning: format '%d' expects argument of type 'int', but argument 3 has type 'int32_t' [-Wformat]
../src/easyweb.c:313:7: warning: format '%d' expects argument of type 'int', but argument 3 has type 'int32_t' [-Wformat]
../src/easyweb.c:320:7: warning: format '%d' expects argument of type 'int', but argument 3 has type 'int32_t' [-Wformat]
Finished building: ../src/easyweb.c
 
Building file: ../src/ethmac.c
Invoking: MCU C Compiler
arm-none-eabi-gcc -DDEBUG -D__USE_CMSIS=CMSISv1p30_LPC17xx -D__CODE_RED -D__NEWLIB__ -I"C:\Users\Thiago Rocha\Documents\LPCXpresso_6.1.4_194\workspace\Lib_CMSISv1p30_LPC17xx\inc" -I"C:\Users\Thiago Rocha\Documents\LPCXpresso_6.1.4_194\workspace\Lib_EaBaseBoard\inc" -I"C:\Users\Thiago Rocha\Documents\LPCXpresso_6.1.4_194\workspace\Lib_MCU\inc" -O0 -g3 -Wall -c -fmessage-length=0 -fno-builtin -ffunction-sections -mcpu=cortex-m3 -mthumb -MMD -MP -MF"src/ethmac.d" -MT"src/ethmac.d" -o "src/ethmac.o" "../src/ethmac.c"
Finished building: ../src/ethmac.c
 
Building file: ../src/ew_systick.c
Invoking: MCU C Compiler
arm-none-eabi-gcc -DDEBUG -D__USE_CMSIS=CMSISv1p30_LPC17xx -D__CODE_RED -D__NEWLIB__ -I"C:\Users\Thiago Rocha\Documents\LPCXpresso_6.1.4_194\workspace\Lib_CMSISv1p30_LPC17xx\inc" -I"C:\Users\Thiago Rocha\Documents\LPCXpresso_6.1.4_194\workspace\Lib_EaBaseBoard\inc" -I"C:\Users\Thiago Rocha\Documents\LPCXpresso_6.1.4_194\workspace\Lib_MCU\inc" -O0 -g3 -Wall -c -fmessage-length=0 -fno-builtin -ffunction-sections -mcpu=cortex-m3 -mthumb -MMD -MP -MF"src/ew_systick.d" -MT"src/ew_systick.d" -o "src/ew_systick.o" "../src/ew_systick.c"
Finished building: ../src/ew_systick.c
 
Building file: ../src/tcpip.c
Invoking: MCU C Compiler
arm-none-eabi-gcc -DDEBUG -D__USE_CMSIS=CMSISv1p30_LPC17xx -D__CODE_RED -D__NEWLIB__ -I"C:\Users\Thiago Rocha\Documents\LPCXpresso_6.1.4_194\workspace\Lib_CMSISv1p30_LPC17xx\inc" -I"C:\Users\Thiago Rocha\Documents\LPCXpresso_6.1.4_194\workspace\Lib_EaBaseBoard\inc" -I"C:\Users\Thiago Rocha\Documents\LPCXpresso_6.1.4_194\workspace\Lib_MCU\inc" -O0 -g3 -Wall -c -fmessage-length=0 -fno-builtin -ffunction-sections -mcpu=cortex-m3 -mthumb -MMD -MP -MF"src/tcpip.d" -MT"src/tcpip.d" -o "src/tcpip.o" "../src/tcpip.c"
../src/tcpip.c: In function 'TCPClose':
../src/tcpip.c:103:3: warning: enumeration value 'CLOSED' not handled in switch [-Wswitch]
../src/tcpip.c:103:3: warning: enumeration value 'FIN_WAIT_1' not handled in switch [-Wswitch]
../src/tcpip.c:103:3: warning: enumeration value 'FIN_WAIT_2' not handled in switch [-Wswitch]
../src/tcpip.c:103:3: warning: enumeration value 'CLOSE_WAIT' not handled in switch [-Wswitch]
../src/tcpip.c:103:3: warning: enumeration value 'CLOSING' not handled in switch [-Wswitch]
../src/tcpip.c:103:3: warning: enumeration value 'LAST_ACK' not handled in switch [-Wswitch]
../src/tcpip.c:103:3: warning: enumeration value 'TIME_WAIT' not handled in switch [-Wswitch]
../src/tcpip.c: In function 'DoNetworkStuff':
../src/tcpip.c:216:6: warning: suggest explicit braces to avoid ambiguous 'else' [-Wparentheses]
../src/tcpip.c:242:3: warning: enumeration value 'SYN_SENT' not handled in switch [-Wswitch]
../src/tcpip.c:242:3: warning: enumeration value 'FIN_WAIT_1' not handled in switch [-Wswitch]
../src/tcpip.c:242:3: warning: enumeration value 'FIN_WAIT_2' not handled in switch [-Wswitch]
../src/tcpip.c:242:3: warning: enumeration value 'CLOSING' not handled in switch [-Wswitch]
../src/tcpip.c:242:3: warning: enumeration value 'LAST_ACK' not handled in switch [-Wswitch]
../src/tcpip.c:242:3: warning: enumeration value 'TIME_WAIT' not handled in switch [-Wswitch]
../src/tcpip.c: In function 'ProcessTCPFrame':
../src/tcpip.c:633:9: warning: enumeration value 'CLOSED' not handled in switch [-Wswitch]
../src/tcpip.c:633:9: warning: enumeration value 'LISTENING' not handled in switch [-Wswitch]
../src/tcpip.c:633:9: warning: enumeration value 'SYN_SENT' not handled in switch [-Wswitch]
../src/tcpip.c:633:9: warning: enumeration value 'ESTABLISHED' not handled in switch [-Wswitch]
../src/tcpip.c:633:9: warning: enumeration value 'FIN_WAIT_2' not handled in switch [-Wswitch]
../src/tcpip.c:633:9: warning: enumeration value 'CLOSE_WAIT' not handled in switch [-Wswitch]
../src/tcpip.c:679:9: warning: enumeration value 'CLOSED' not handled in switch [-Wswitch]
../src/tcpip.c:679:9: warning: enumeration value 'LISTENING' not handled in switch [-Wswitch]
../src/tcpip.c:679:9: warning: enumeration value 'SYN_SENT' not handled in switch [-Wswitch]
../src/tcpip.c:679:9: warning: enumeration value 'CLOSE_WAIT' not handled in switch [-Wswitch]
../src/tcpip.c:679:9: warning: enumeration value 'CLOSING' not handled in switch [-Wswitch]
../src/tcpip.c:679:9: warning: enumeration value 'LAST_ACK' not handled in switch [-Wswitch]
Finished building: ../src/tcpip.c
 
Building target: easyweb.axf
Invoking: MCU Linker
arm-none-eabi-gcc -nostdlib -L"C:\Users\Thiago Rocha\Documents\LPCXpresso_6.1.4_194\workspace\Lib_CMSISv1p30_LPC17xx\Debug" -L"C:\Users\Thiago Rocha\Documents\LPCXpresso_6.1.4_194\workspace\Lib_EaBaseBoard\Debug" -L"C:\Users\Thiago Rocha\Documents\LPCXpresso_6.1.4_194\workspace\Lib_MCU\Debug" -Xlinker --gc-sections -Xlinker -Map=easyweb.map -mcpu=cortex-m3 -mthumb -T "easyweb_Debug.ld" -o "easyweb.axf"  ./src/cr_startup_lpc17.o ./src/easyweb.o ./src/ethmac.o ./src/ew_systick.o ./src/tcpip.o   -lLib_CMSISv1p30_LPC17xx -lLib_EaBaseBoard -lLib_MCU
Finished building target: easyweb.axf
 
make --no-print-directory post-build
Performing post-build steps
arm-none-eabi-size easyweb.axf; # arm-none-eabi-objdump -h -S easyweb.axf >easyweb.lss
   text	   data	    bss	    dec	    hex	filename
  42108	   2172	   1916	  46196	   b474	easyweb.axf
 
14:32:13 **** Incremental Build of configuration Debug for project Lib_CMSISv1p30_LPC17xx ****
make all 
make: Nothing to be done for `all'.
14:32:14 **** Incremental Build of configuration Debug for project Lib_MCU ****
make all 
make: Nothing to be done for `all'.
14:32:15 **** Incremental Build of configuration Debug for project Lib_EaBaseBoard ****
make all 
make: Nothing to be done for `all'.
14:32:17 **** Incremental Build of configuration Debug for project easyweb ****
make all 
make: Nothing to be done for `all'.
14:32:27 **** Incremental Build of configuration Debug for project Lib_CMSISv1p30_LPC17xx ****
make all 
make: Nothing to be done for `all'.
14:32:28 **** Incremental Build of configuration Debug for project Lib_MCU ****
make all 
make: Nothing to be done for `all'.
14:32:29 **** Incremental Build of configuration Debug for project Lib_EaBaseBoard ****
make all 
make: Nothing to be done for `all'.
14:32:31 **** Incremental Build of configuration Debug for project easyweb ****
make all 
make: Nothing to be done for `all'.
14:33:28 **** Incremental Build of configuration Debug for project easyweb ****
make all 
make: Nothing to be done for `all'.
14:34:11 **** Incremental Build of configuration Debug for project Lib_CMSISv1p30_LPC17xx ****
make all 
make: Nothing to be done for `all'.
14:34:12 **** Incremental Build of configuration Debug for project Lib_MCU ****
make all 
make: Nothing to be done for `all'.
14:34:13 **** Incremental Build of configuration Debug for project Lib_EaBaseBoard ****
make all 
make: Nothing to be done for `all'.
14:34:15 **** Incremental Build of configuration Debug for project easyweb ****
make all 
make: Nothing to be done for `all'.
14:35:07 **** Incremental Build of configuration Debug for project Lib_CMSISv1p30_LPC17xx ****
make all 
make: Nothing to be done for `all'.
14:35:08 **** Incremental Build of configuration Debug for project Lib_MCU ****
make all 
make: Nothing to be done for `all'.
14:35:09 **** Incremental Build of configuration Debug for project Lib_EaBaseBoard ****
make all 
make: Nothing to be done for `all'.
14:35:12 **** Incremental Build of configuration Debug for project easyweb ****
make all 
make: Nothing to be done for `all'.
14:36:55 **** Incremental Build of configuration Debug for project Lib_CMSISv1p30_LPC17xx ****
make all 
make: Nothing to be done for `all'.
14:36:56 **** Incremental Build of configuration Debug for project Lib_MCU ****
make all 
make: Nothing to be done for `all'.
14:36:57 **** Incremental Build of configuration Debug for project Lib_EaBaseBoard ****
make all 
make: Nothing to be done for `all'.
14:37:00 **** Incremental Build of configuration Debug for project easyweb ****
make all 
make: Nothing to be done for `all'.
14:40:59 **** Incremental Build of configuration Debug for project Lib_CMSISv1p30_LPC17xx ****
make all 
make: Nothing to be done for `all'.
14:41:00 **** Incremental Build of configuration Debug for project Lib_MCU ****
make all 
make: Nothing to be done for `all'.
14:41:01 **** Incremental Build of configuration Debug for project Lib_EaBaseBoard ****
make all 
make: Nothing to be done for `all'.
14:41:04 **** Incremental Build of configuration Debug for project easyweb ****
make all 
make: Nothing to be done for `all'.
13:39:00 **** Incremental Build of configuration Debug for project Lib_CMSISv1p30_LPC17xx ****
make all 
make: Nothing to be done for `all'.
13:39:04 **** Incremental Build of configuration Debug for project Lib_MCU ****
make all 
make: Nothing to be done for `all'.
13:39:06 **** Incremental Build of configuration Debug for project Lib_EaBaseBoard ****
make all 
make: Nothing to be done for `all'.
13:39:09 **** Incremental Build of configuration Debug for project easyweb ****
make all 
make: Nothing to be done for `all'.
13:40:12 **** Incremental Build of configuration Debug for project Lib_CMSISv1p30_LPC17xx ****
make all 
make: Nothing to be done for `all'.
13:40:14 **** Incremental Build of configuration Debug for project Lib_MCU ****
make all 
make: Nothing to be done for `all'.
13:40:17 **** Incremental Build of configuration Debug for project Lib_EaBaseBoard ****
make all 
make: Nothing to be done for `all'.
13:40:20 **** Incremental Build of configuration Debug for project easyweb ****
make all 
make: Nothing to be done for `all'.
13:42:56 **** Incremental Build of configuration Debug for project Lib_CMSISv1p30_LPC17xx ****
make all 
make: Nothing to be done for `all'.
13:42:57 **** Incremental Build of configuration Debug for project Lib_MCU ****
make all 
make: Nothing to be done for `all'.
13:42:59 **** Incremental Build of configuration Debug for project Lib_EaBaseBoard ****
make all 
make: Nothing to be done for `all'.
13:43:01 **** Incremental Build of configuration Debug for project easyweb ****
make all 
make: Nothing to be done for `all'.
13:51:22 **** Incremental Build of configuration Debug for project Lib_CMSISv1p30_LPC17xx ****
make all 
make: Nothing to be done for `all'.
13:51:24 **** Incremental Build of configuration Debug for project Lib_MCU ****
make all 
make: Nothing to be done for `all'.
13:51:25 **** Incremental Build of configuration Debug for project Lib_EaBaseBoard ****
make all 
make: Nothing to be done for `all'.
13:51:27 **** Build of configuration Debug for project oled_periph ****
make all 
Building target: oled_periph.axf
Invoking: MCU Linker
arm-none-eabi-gcc -nostdlib -L"C:\Users\Thiago Rocha\Documents\LPCXpresso_6.1.4_194\workspace\Lib_CMSISv1p30_LPC17xx\Debug" -L"C:\Users\Thiago Rocha\Documents\LPCXpresso_6.1.4_194\workspace\Lib_EaBaseBoard\Debug" -L"C:\Users\Thiago Rocha\Documents\LPCXpresso_6.1.4_194\workspace\Lib_MCU\Debug" -Xlinker --gc-sections -Xlinker -Map=oled_periph.map -mcpu=cortex-m3 -mthumb -T "oled_periph_Debug.ld" -o "oled_periph.axf"  ./src/cr_startup_lpc17.o ./src/main.o   -lCMSISv1p30_LPC17xx -lLib_EaBaseBoard -lLib_MCU
Finished building target: oled_periph.axf
 
make --no-print-directory post-build
Performing post-build steps
arm-none-eabi-size oled_periph.axf; # arm-none-eabi-objdump -h -S oled_periph.axf >oled_periph.lss
   text	   data	    bss	    dec	    hex	filename
  18564	     16	    848	  19428	   4be4	oled_periph.axf
 
13:51:30 **** Clean-only build of configuration LPC17xx for project CDL ****
make clean 
rm -rf  ./LPC17xxLib/src/lpc17xx_adc.o ./LPC17xxLib/src/lpc17xx_can.o ./LPC17xxLib/src/lpc17xx_clkpwr.o ./LPC17xxLib/src/lpc17xx_dac.o ./LPC17xxLib/src/lpc17xx_debug_frmwrk.o ./LPC17xxLib/src/lpc17xx_emac.o ./LPC17xxLib/src/lpc17xx_exti.o ./LPC17xxLib/src/lpc17xx_gpdma.o ./LPC17xxLib/src/lpc17xx_gpio.o ./LPC17xxLib/src/lpc17xx_i2c.o ./LPC17xxLib/src/lpc17xx_i2s.o ./LPC17xxLib/src/lpc17xx_libcfg_default.o ./LPC17xxLib/src/lpc17xx_mcpwm.o ./LPC17xxLib/src/lpc17xx_nvic.o ./LPC17xxLib/src/lpc17xx_pinsel.o ./LPC17xxLib/src/lpc17xx_pwm.o ./LPC17xxLib/src/lpc17xx_qei.o ./LPC17xxLib/src/lpc17xx_rit.o ./LPC17xxLib/src/lpc17xx_rtc.o ./LPC17xxLib/src/lpc17xx_spi.o ./LPC17xxLib/src/lpc17xx_ssp.o ./LPC17xxLib/src/lpc17xx_systick.o ./LPC17xxLib/src/lpc17xx_timer.o ./LPC17xxLib/src/lpc17xx_uart.o ./LPC17xxLib/src/lpc17xx_wdt.o  ./CMSISv2p00_LPC17xx/src/core_cm3.o ./CMSISv2p00_LPC17xx/src/cr_startup_lpc176x.o ./CMSISv2p00_LPC17xx/src/system_LPC17xx.o  ./LPC17xxLib/src/lpc17xx_adc.d ./LPC17xxLib/src/lpc17xx_can.d ./LPC17xxLib/src/lpc17xx_clkpwr.d ./LPC17xxLib/src/lpc17xx_dac.d ./LPC17xxLib/src/lpc17xx_debug_frmwrk.d ./LPC17xxLib/src/lpc17xx_emac.d ./LPC17xxLib/src/lpc17xx_exti.d ./LPC17xxLib/src/lpc17xx_gpdma.d ./LPC17xxLib/src/lpc17xx_gpio.d ./LPC17xxLib/src/lpc17xx_i2c.d ./LPC17xxLib/src/lpc17xx_i2s.d ./LPC17xxLib/src/lpc17xx_libcfg_default.d ./LPC17xxLib/src/lpc17xx_mcpwm.d ./LPC17xxLib/src/lpc17xx_nvic.d ./LPC17xxLib/src/lpc17xx_pinsel.d ./LPC17xxLib/src/lpc17xx_pwm.d ./LPC17xxLib/src/lpc17xx_qei.d ./LPC17xxLib/src/lpc17xx_rit.d ./LPC17xxLib/src/lpc17xx_rtc.d ./LPC17xxLib/src/lpc17xx_spi.d ./LPC17xxLib/src/lpc17xx_ssp.d ./LPC17xxLib/src/lpc17xx_systick.d ./LPC17xxLib/src/lpc17xx_timer.d ./LPC17xxLib/src/lpc17xx_uart.d ./LPC17xxLib/src/lpc17xx_wdt.d  ./CMSISv2p00_LPC17xx/src/core_cm3.d ./CMSISv2p00_LPC17xx/src/cr_startup_lpc176x.d ./CMSISv2p00_LPC17xx/src/system_LPC17xx.d  libCDL.a
Command canceled
13:51:31 **** Incremental Build of configuration Debug for project Lib_CMSISv1p30_LPC17xx ****
make all 
make: Nothing to be done for `all'.
13:51:32 **** Incremental Build of configuration Debug for project Lib_MCU ****
make all 
make: Nothing to be done for `all'.
13:51:34 **** Incremental Build of configuration Debug for project Lib_CMSISv1p30_LPC17xx ****
make all 
make: Nothing to be done for `all'.
13:51:34 **** Incremental Build of configuration Debug for project Lib_MCU ****
make all 
make: Nothing to be done for `all'.
13:51:36 **** Incremental Build of configuration Debug for project Lib_EaBaseBoard ****
make all 
make: Nothing to be done for `all'.
13:51:37 **** Incremental Build of configuration Debug for project Lib_EaBaseBoard ****
make all 
make: Nothing to be done for `all'.
13:51:39 **** Incremental Build of configuration Debug for project easyweb ****
make all 
Building file: ../src/easyweb.c
Invoking: MCU C Compiler
arm-none-eabi-gcc -DDEBUG -D__USE_CMSIS=CMSISv1p30_LPC17xx -D__CODE_RED -D__NEWLIB__ -I"C:\Users\Thiago Rocha\Documents\LPCXpresso_6.1.4_194\workspace\Lib_CMSISv1p30_LPC17xx\inc" -I"C:\Users\Thiago Rocha\Documents\LPCXpresso_6.1.4_194\workspace\Lib_EaBaseBoard\inc" -I"C:\Users\Thiago Rocha\Documents\LPCXpresso_6.1.4_194\workspace\Lib_MCU\inc" -O0 -g3 -Wall -c -fmessage-length=0 -fno-builtin -ffunction-sections -mcpu=cortex-m3 -mthumb -MMD -MP -MF"src/easyweb.d" -MT"src/easyweb.d" -o "src/easyweb.o" "../src/easyweb.c"
../src/easyweb.c: In function 'main':
../src/easyweb.c:171:11: error: 'NewKey' undeclared (first use in this function)
../src/easyweb.c:171:11: note: each undeclared identifier is reported only once for each function it appears in
../src/easyweb.c:122:11: warning: unused variable 'buf' [-Wunused-variable]
../src/easyweb.c: In function 'InsertDynamicValues':
../src/easyweb.c:272:7: warning: format '%d' expects argument of type 'int', but argument 3 has type 'int32_t' [-Wformat]
../src/easyweb.c:278:7: warning: format '%d' expects argument of type 'int', but argument 3 has type 'int32_t' [-Wformat]
../src/easyweb.c:284:7: warning: format '%d' expects argument of type 'int', but argument 3 has type 'int32_t' [-Wformat]
../src/easyweb.c: In function 'InsertDynamicValuesOLED':
../src/easyweb.c:309:7: warning: format '%d' expects argument of type 'int', but argument 3 has type 'int32_t' [-Wformat]
../src/easyweb.c:318:7: warning: format '%d' expects argument of type 'int', but argument 3 has type 'int32_t' [-Wformat]
../src/easyweb.c:325:7: warning: format '%d' expects argument of type 'int', but argument 3 has type 'int32_t' [-Wformat]
make: *** [src/easyweb.o] Error 1
13:51:42 **** Incremental Build of configuration Debug for project easyweb ****
make all 
Building file: ../src/easyweb.c
Invoking: MCU C Compiler
arm-none-eabi-gcc -DDEBUG -D__USE_CMSIS=CMSISv1p30_LPC17xx -D__CODE_RED -D__NEWLIB__ -I"C:\Users\Thiago Rocha\Documents\LPCXpresso_6.1.4_194\workspace\Lib_CMSISv1p30_LPC17xx\inc" -I"C:\Users\Thiago Rocha\Documents\LPCXpresso_6.1.4_194\workspace\Lib_EaBaseBoard\inc" -I"C:\Users\Thiago Rocha\Documents\LPCXpresso_6.1.4_194\workspace\Lib_MCU\inc" -O0 -g3 -Wall -c -fmessage-length=0 -fno-builtin -ffunction-sections -mcpu=cortex-m3 -mthumb -MMD -MP -MF"src/easyweb.d" -MT"src/easyweb.d" -o "src/easyweb.o" "../src/easyweb.c"
../src/easyweb.c: In function 'main':
../src/easyweb.c:171:11: error: 'NewKey' undeclared (first use in this function)
../src/easyweb.c:171:11: note: each undeclared identifier is reported only once for each function it appears in
../src/easyweb.c:122:11: warning: unused variable 'buf' [-Wunused-variable]
../src/easyweb.c: In function 'InsertDynamicValues':
../src/easyweb.c:272:7: warning: format '%d' expects argument of type 'int', but argument 3 has type 'int32_t' [-Wformat]
../src/easyweb.c:278:7: warning: format '%d' expects argument of type 'int', but argument 3 has type 'int32_t' [-Wformat]
../src/easyweb.c:284:7: warning: format '%d' expects argument of type 'int', but argument 3 has type 'int32_t' [-Wformat]
../src/easyweb.c: In function 'InsertDynamicValuesOLED':
../src/easyweb.c:309:7: warning: format '%d' expects argument of type 'int', but argument 3 has type 'int32_t' [-Wformat]
../src/easyweb.c:318:7: warning: format '%d' expects argument of type 'int', but argument 3 has type 'int32_t' [-Wformat]
../src/easyweb.c:325:7: warning: format '%d' expects argument of type 'int', but argument 3 has type 'int32_t' [-Wformat]
make: *** [src/easyweb.o] Error 1
13:52:26 **** Incremental Build of configuration Debug for project Lib_CMSISv1p30_LPC17xx ****
make all 
make: Nothing to be done for `all'.
13:52:27 **** Incremental Build of configuration Debug for project Lib_MCU ****
make all 
make: Nothing to be done for `all'.
13:52:28 **** Incremental Build of configuration Debug for project Lib_EaBaseBoard ****
make all 
make: Nothing to be done for `all'.
13:52:31 **** Incremental Build of configuration Debug for project easyweb ****
make all 
Building file: ../src/easyweb.c
Invoking: MCU C Compiler
arm-none-eabi-gcc -DDEBUG -D__USE_CMSIS=CMSISv1p30_LPC17xx -D__CODE_RED -D__NEWLIB__ -I"C:\Users\Thiago Rocha\Documents\LPCXpresso_6.1.4_194\workspace\Lib_CMSISv1p30_LPC17xx\inc" -I"C:\Users\Thiago Rocha\Documents\LPCXpresso_6.1.4_194\workspace\Lib_EaBaseBoard\inc" -I"C:\Users\Thiago Rocha\Documents\LPCXpresso_6.1.4_194\workspace\Lib_MCU\inc" -O0 -g3 -Wall -c -fmessage-length=0 -fno-builtin -ffunction-sections -mcpu=cortex-m3 -mthumb -MMD -MP -MF"src/easyweb.d" -MT"src/easyweb.d" -o "src/easyweb.o" "../src/easyweb.c"
../src/easyweb.c: In function 'main':
../src/easyweb.c:171:11: error: 'NewKey' undeclared (first use in this function)
../src/easyweb.c:171:11: note: each undeclared identifier is reported only once for each function it appears in
../src/easyweb.c:122:11: warning: unused variable 'buf' [-Wunused-variable]
../src/easyweb.c: In function 'InsertDynamicValues':
../src/easyweb.c:272:7: warning: format '%d' expects argument of type 'int', but argument 3 has type 'int32_t' [-Wformat]
../src/easyweb.c:278:7: warning: format '%d' expects argument of type 'int', but argument 3 has type 'int32_t' [-Wformat]
../src/easyweb.c:284:7: warning: format '%d' expects argument of type 'int', but argument 3 has type 'int32_t' [-Wformat]
../src/easyweb.c: In function 'InsertDynamicValuesOLED':
../src/easyweb.c:309:7: warning: format '%d' expects argument of type 'int', but argument 3 has type 'int32_t' [-Wformat]
../src/easyweb.c:318:7: warning: format '%d' expects argument of type 'int', but argument 3 has type 'int32_t' [-Wformat]
../src/easyweb.c:325:7: warning: format '%d' expects argument of type 'int', but argument 3 has type 'int32_t' [-Wformat]
make: *** [src/easyweb.o] Error 1
13:53:16 **** Incremental Build of configuration Debug for project Lib_CMSISv1p30_LPC17xx ****
make all 
make: Nothing to be done for `all'.
13:53:17 **** Incremental Build of configuration Debug for project Lib_MCU ****
make all 
make: Nothing to be done for `all'.
13:53:18 **** Incremental Build of configuration Debug for project Lib_EaBaseBoard ****
make all 
make: Nothing to be done for `all'.
13:53:21 **** Incremental Build of configuration Debug for project easyweb ****
make all 
Building file: ../src/easyweb.c
Invoking: MCU C Compiler
arm-none-eabi-gcc -DDEBUG -D__USE_CMSIS=CMSISv1p30_LPC17xx -D__CODE_RED -D__NEWLIB__ -I"C:\Users\Thiago Rocha\Documents\LPCXpresso_6.1.4_194\workspace\Lib_CMSISv1p30_LPC17xx\inc" -I"C:\Users\Thiago Rocha\Documents\LPCXpresso_6.1.4_194\workspace\Lib_EaBaseBoard\inc" -I"C:\Users\Thiago Rocha\Documents\LPCXpresso_6.1.4_194\workspace\Lib_MCU\inc" -O0 -g3 -Wall -c -fmessage-length=0 -fno-builtin -ffunction-sections -mcpu=cortex-m3 -mthumb -MMD -MP -MF"src/easyweb.d" -MT"src/easyweb.d" -o "src/easyweb.o" "../src/easyweb.c"
../src/easyweb.c: In function 'main':
../src/easyweb.c:171:11: error: 'NewKey' undeclared (first use in this function)
../src/easyweb.c:171:11: note: each undeclared identifier is reported only once for each function it appears in
../src/easyweb.c:122:11: warning: unused variable 'buf' [-Wunused-variable]
../src/easyweb.c: In function 'InsertDynamicValues':
../src/easyweb.c:272:7: warning: format '%d' expects argument of type 'int', but argument 3 has type 'int32_t' [-Wformat]
../src/easyweb.c:278:7: warning: format '%d' expects argument of type 'int', but argument 3 has type 'int32_t' [-Wformat]
../src/easyweb.c:284:7: warning: format '%d' expects argument of type 'int', but argument 3 has type 'int32_t' [-Wformat]
../src/easyweb.c: In function 'InsertDynamicValuesOLED':
../src/easyweb.c:309:7: warning: format '%d' expects argument of type 'int', but argument 3 has type 'int32_t' [-Wformat]
../src/easyweb.c:318:7: warning: format '%d' expects argument of type 'int', but argument 3 has type 'int32_t' [-Wformat]
../src/easyweb.c:325:7: warning: format '%d' expects argument of type 'int', but argument 3 has type 'int32_t' [-Wformat]
make: *** [src/easyweb.o] Error 1
13:55:40 **** Incremental Build of configuration Debug for project Lib_CMSISv1p30_LPC17xx ****
make all 
make: Nothing to be done for `all'.
13:55:41 **** Incremental Build of configuration Debug for project Lib_MCU ****
make all 
make: Nothing to be done for `all'.
13:55:42 **** Incremental Build of configuration Debug for project Lib_EaBaseBoard ****
make all 
make: Nothing to be done for `all'.
13:55:44 **** Incremental Build of configuration Debug for project easyweb ****
make all 
Building file: ../src/easyweb.c
Invoking: MCU C Compiler
arm-none-eabi-gcc -DDEBUG -D__USE_CMSIS=CMSISv1p30_LPC17xx -D__CODE_RED -D__NEWLIB__ -I"C:\Users\Thiago Rocha\Documents\LPCXpresso_6.1.4_194\workspace\Lib_CMSISv1p30_LPC17xx\inc" -I"C:\Users\Thiago Rocha\Documents\LPCXpresso_6.1.4_194\workspace\Lib_EaBaseBoard\inc" -I"C:\Users\Thiago Rocha\Documents\LPCXpresso_6.1.4_194\workspace\Lib_MCU\inc" -O0 -g3 -Wall -c -fmessage-length=0 -fno-builtin -ffunction-sections -mcpu=cortex-m3 -mthumb -MMD -MP -MF"src/easyweb.d" -MT"src/easyweb.d" -o "src/easyweb.o" "../src/easyweb.c"
../src/easyweb.c: In function 'main':
../src/easyweb.c:171:11: error: 'NewKey' undeclared (first use in this function)
../src/easyweb.c:171:11: note: each undeclared identifier is reported only once for each function it appears in
../src/easyweb.c:122:11: warning: unused variable 'buf' [-Wunused-variable]
../src/easyweb.c: In function 'InsertDynamicValues':
../src/easyweb.c:272:7: warning: format '%d' expects argument of type 'int', but argument 3 has type 'int32_t' [-Wformat]
../src/easyweb.c:278:7: warning: format '%d' expects argument of type 'int', but argument 3 has type 'int32_t' [-Wformat]
../src/easyweb.c:284:7: warning: format '%d' expects argument of type 'int', but argument 3 has type 'int32_t' [-Wformat]
../src/easyweb.c: In function 'InsertDynamicValuesOLED':
../src/easyweb.c:309:7: warning: format '%d' expects argument of type 'int', but argument 3 has type 'int32_t' [-Wformat]
../src/easyweb.c:318:7: warning: format '%d' expects argument of type 'int', but argument 3 has type 'int32_t' [-Wformat]
../src/easyweb.c:325:7: warning: format '%d' expects argument of type 'int', but argument 3 has type 'int32_t' [-Wformat]
make: *** [src/easyweb.o] Error 1
13:55:53 **** Incremental Build of configuration Debug for project Lib_CMSISv1p30_LPC17xx ****
make all 
make: Nothing to be done for `all'.
13:55:54 **** Incremental Build of configuration Debug for project Lib_MCU ****
make all 
make: Nothing to be done for `all'.
13:55:55 **** Incremental Build of configuration Debug for project Lib_EaBaseBoard ****
make all 
make: Nothing to be done for `all'.
13:55:58 **** Incremental Build of configuration Debug for project easyweb ****
make all 
Building file: ../src/easyweb.c
Invoking: MCU C Compiler
arm-none-eabi-gcc -DDEBUG -D__USE_CMSIS=CMSISv1p30_LPC17xx -D__CODE_RED -D__NEWLIB__ -I"C:\Users\Thiago Rocha\Documents\LPCXpresso_6.1.4_194\workspace\Lib_CMSISv1p30_LPC17xx\inc" -I"C:\Users\Thiago Rocha\Documents\LPCXpresso_6.1.4_194\workspace\Lib_EaBaseBoard\inc" -I"C:\Users\Thiago Rocha\Documents\LPCXpresso_6.1.4_194\workspace\Lib_MCU\inc" -O0 -g3 -Wall -c -fmessage-length=0 -fno-builtin -ffunction-sections -mcpu=cortex-m3 -mthumb -MMD -MP -MF"src/easyweb.d" -MT"src/easyweb.d" -o "src/easyweb.o" "../src/easyweb.c"
../src/easyweb.c: In function 'main':
../src/easyweb.c:171:11: error: 'NewKey' undeclared (first use in this function)
../src/easyweb.c:171:11: note: each undeclared identifier is reported only once for each function it appears in
../src/easyweb.c:122:11: warning: unused variable 'buf' [-Wunused-variable]
../src/easyweb.c: In function 'InsertDynamicValues':
../src/easyweb.c:272:7: warning: format '%d' expects argument of type 'int', but argument 3 has type 'int32_t' [-Wformat]
../src/easyweb.c:278:7: warning: format '%d' expects argument of type 'int', but argument 3 has type 'int32_t' [-Wformat]
../src/easyweb.c:284:7: warning: format '%d' expects argument of type 'int', but argument 3 has type 'int32_t' [-Wformat]
../src/easyweb.c: In function 'InsertDynamicValuesOLED':
../src/easyweb.c:309:7: warning: format '%d' expects argument of type 'int', but argument 3 has type 'int32_t' [-Wformat]
../src/easyweb.c:318:7: warning: format '%d' expects argument of type 'int', but argument 3 has type 'int32_t' [-Wformat]
../src/easyweb.c:325:7: warning: format '%d' expects argument of type 'int', but argument 3 has type 'int32_t' [-Wformat]
make: *** [src/easyweb.o] Error 1
13:58:14 **** Incremental Build of configuration Debug for project Lib_CMSISv1p30_LPC17xx ****
make all 
make: Nothing to be done for `all'.
13:58:15 **** Incremental Build of configuration Debug for project Lib_MCU ****
make all 
make: Nothing to be done for `all'.
13:58:16 **** Incremental Build of configuration Debug for project Lib_EaBaseBoard ****
make all 
make: Nothing to be done for `all'.
13:58:18 **** Incremental Build of configuration Debug for project easyweb ****
make all 
Building file: ../src/easyweb.c
Invoking: MCU C Compiler
arm-none-eabi-gcc -DDEBUG -D__USE_CMSIS=CMSISv1p30_LPC17xx -D__CODE_RED -D__NEWLIB__ -I"C:\Users\Thiago Rocha\Documents\LPCXpresso_6.1.4_194\workspace\Lib_CMSISv1p30_LPC17xx\inc" -I"C:\Users\Thiago Rocha\Documents\LPCXpresso_6.1.4_194\workspace\Lib_EaBaseBoard\inc" -I"C:\Users\Thiago Rocha\Documents\LPCXpresso_6.1.4_194\workspace\Lib_MCU\inc" -O0 -g3 -Wall -c -fmessage-length=0 -fno-builtin -ffunction-sections -mcpu=cortex-m3 -mthumb -MMD -MP -MF"src/easyweb.d" -MT"src/easyweb.d" -o "src/easyweb.o" "../src/easyweb.c"
../src/easyweb.c: In function 'main':
../src/easyweb.c:172:3: warning: format '%d' expects argument of type 'int', but argument 3 has type 'int32_t' [-Wformat]
../src/easyweb.c:173:3: warning: pointer targets in passing argument 3 of 'oled_putString' differ in signedness [-Wpointer-sign]
C:\Users\Thiago Rocha\Documents\LPCXpresso_6.1.4_194\workspace\Lib_EaBaseBoard\inc/oled.h:29:6: note: expected 'uint8_t *' but argument is of type 'char *'
../src/easyweb.c:173:3: error: incompatible type for argument 4 of 'oled_putString'
C:\Users\Thiago Rocha\Documents\LPCXpresso_6.1.4_194\workspace\Lib_EaBaseBoard\inc/oled.h:29:6: note: expected 'oled_color_t' but argument is of type 'char *'
../src/easyweb.c:173:3: error: too many arguments to function 'oled_putString'
C:\Users\Thiago Rocha\Documents\LPCXpresso_6.1.4_194\workspace\Lib_EaBaseBoard\inc/oled.h:29:6: note: declared here
../src/easyweb.c:175:3: warning: format '%d' expects argument of type 'int', but argument 3 has type 'int32_t' [-Wformat]
../src/easyweb.c:176:3: warning: pointer targets in passing argument 3 of 'oled_putString' differ in signedness [-Wpointer-sign]
C:\Users\Thiago Rocha\Documents\LPCXpresso_6.1.4_194\workspace\Lib_EaBaseBoard\inc/oled.h:29:6: note: expected 'uint8_t *' but argument is of type 'char *'
../src/easyweb.c:176:3: error: incompatible type for argument 4 of 'oled_putString'
C:\Users\Thiago Rocha\Documents\LPCXpresso_6.1.4_194\workspace\Lib_EaBaseBoard\inc/oled.h:29:6: note: expected 'oled_color_t' but argument is of type 'char *'
../src/easyweb.c:176:3: error: too many arguments to function 'oled_putString'
C:\Users\Thiago Rocha\Documents\LPCXpresso_6.1.4_194\workspace\Lib_EaBaseBoard\inc/oled.h:29:6: note: declared here
../src/easyweb.c:178:3: warning: format '%d' expects argument of type 'int', but argument 3 has type 'int32_t' [-Wformat]
../src/easyweb.c:179:3: warning: pointer targets in passing argument 3 of 'oled_putString' differ in signedness [-Wpointer-sign]
C:\Users\Thiago Rocha\Documents\LPCXpresso_6.1.4_194\workspace\Lib_EaBaseBoard\inc/oled.h:29:6: note: expected 'uint8_t *' but argument is of type 'char *'
../src/easyweb.c:179:3: error: incompatible type for argument 4 of 'oled_putString'
C:\Users\Thiago Rocha\Documents\LPCXpresso_6.1.4_194\workspace\Lib_EaBaseBoard\inc/oled.h:29:6: note: expected 'oled_color_t' but argument is of type 'char *'
../src/easyweb.c:179:3: error: too many arguments to function 'oled_putString'
C:\Users\Thiago Rocha\Documents\LPCXpresso_6.1.4_194\workspace\Lib_EaBaseBoard\inc/oled.h:29:6: note: declared here
../src/easyweb.c:122:11: warning: unused variable 'buf' [-Wunused-variable]
../src/easyweb.c: In function 'InsertDynamicValues':
../src/easyweb.c:273:7: warning: format '%d' expects argument of type 'int', but argument 3 has type 'int32_t' [-Wformat]
../src/easyweb.c:279:7: warning: format '%d' expects argument of type 'int', but argument 3 has type 'int32_t' [-Wformat]
../src/easyweb.c:285:7: warning: format '%d' expects argument of type 'int', but argument 3 has type 'int32_t' [-Wformat]
../src/easyweb.c: In function 'InsertDynamicValuesOLED':
../src/easyweb.c:310:7: warning: format '%d' expects argument of type 'int', but argument 3 has type 'int32_t' [-Wformat]
../src/easyweb.c:319:7: warning: format '%d' expects argument of type 'int', but argument 3 has type 'int32_t' [-Wformat]
../src/easyweb.c:326:7: warning: format '%d' expects argument of type 'int', but argument 3 has type 'int32_t' [-Wformat]
make: *** [src/easyweb.o] Error 1
13:58:35 **** Incremental Build of configuration Debug for project Lib_CMSISv1p30_LPC17xx ****
make all 
make: Nothing to be done for `all'.
13:58:36 **** Incremental Build of configuration Debug for project Lib_MCU ****
make all 
make: Nothing to be done for `all'.
13:58:37 **** Incremental Build of configuration Debug for project Lib_EaBaseBoard ****
make all 
make: Nothing to be done for `all'.
13:58:40 **** Incremental Build of configuration Debug for project easyweb ****
make all 
Building file: ../src/easyweb.c
Invoking: MCU C Compiler
arm-none-eabi-gcc -DDEBUG -D__USE_CMSIS=CMSISv1p30_LPC17xx -D__CODE_RED -D__NEWLIB__ -I"C:\Users\Thiago Rocha\Documents\LPCXpresso_6.1.4_194\workspace\Lib_CMSISv1p30_LPC17xx\inc" -I"C:\Users\Thiago Rocha\Documents\LPCXpresso_6.1.4_194\workspace\Lib_EaBaseBoard\inc" -I"C:\Users\Thiago Rocha\Documents\LPCXpresso_6.1.4_194\workspace\Lib_MCU\inc" -O0 -g3 -Wall -c -fmessage-length=0 -fno-builtin -ffunction-sections -mcpu=cortex-m3 -mthumb -MMD -MP -MF"src/easyweb.d" -MT"src/easyweb.d" -o "src/easyweb.o" "../src/easyweb.c"
../src/easyweb.c: In function 'main':
../src/easyweb.c:172:3: warning: format '%d' expects argument of type 'int', but argument 3 has type 'int32_t' [-Wformat]
../src/easyweb.c:173:3: warning: pointer targets in passing argument 3 of 'oled_putString' differ in signedness [-Wpointer-sign]
C:\Users\Thiago Rocha\Documents\LPCXpresso_6.1.4_194\workspace\Lib_EaBaseBoard\inc/oled.h:29:6: note: expected 'uint8_t *' but argument is of type 'char *'
../src/easyweb.c:173:3: error: incompatible type for argument 4 of 'oled_putString'
C:\Users\Thiago Rocha\Documents\LPCXpresso_6.1.4_194\workspace\Lib_EaBaseBoard\inc/oled.h:29:6: note: expected 'oled_color_t' but argument is of type 'char *'
../src/easyweb.c:173:3: error: too many arguments to function 'oled_putString'
C:\Users\Thiago Rocha\Documents\LPCXpresso_6.1.4_194\workspace\Lib_EaBaseBoard\inc/oled.h:29:6: note: declared here
../src/easyweb.c:175:3: warning: format '%d' expects argument of type 'int', but argument 3 has type 'int32_t' [-Wformat]
../src/easyweb.c:176:3: warning: pointer targets in passing argument 3 of 'oled_putString' differ in signedness [-Wpointer-sign]
C:\Users\Thiago Rocha\Documents\LPCXpresso_6.1.4_194\workspace\Lib_EaBaseBoard\inc/oled.h:29:6: note: expected 'uint8_t *' but argument is of type 'char *'
../src/easyweb.c:176:3: error: incompatible type for argument 4 of 'oled_putString'
C:\Users\Thiago Rocha\Documents\LPCXpresso_6.1.4_194\workspace\Lib_EaBaseBoard\inc/oled.h:29:6: note: expected 'oled_color_t' but argument is of type 'char *'
../src/easyweb.c:176:3: error: too many arguments to function 'oled_putString'
C:\Users\Thiago Rocha\Documents\LPCXpresso_6.1.4_194\workspace\Lib_EaBaseBoard\inc/oled.h:29:6: note: declared here
../src/easyweb.c:178:3: warning: format '%d' expects argument of type 'int', but argument 3 has type 'int32_t' [-Wformat]
../src/easyweb.c:179:3: warning: pointer targets in passing argument 3 of 'oled_putString' differ in signedness [-Wpointer-sign]
C:\Users\Thiago Rocha\Documents\LPCXpresso_6.1.4_194\workspace\Lib_EaBaseBoard\inc/oled.h:29:6: note: expected 'uint8_t *' but argument is of type 'char *'
../src/easyweb.c:179:3: error: incompatible type for argument 4 of 'oled_putString'
C:\Users\Thiago Rocha\Documents\LPCXpresso_6.1.4_194\workspace\Lib_EaBaseBoard\inc/oled.h:29:6: note: expected 'oled_color_t' but argument is of type 'char *'
../src/easyweb.c:179:3: error: too many arguments to function 'oled_putString'
C:\Users\Thiago Rocha\Documents\LPCXpresso_6.1.4_194\workspace\Lib_EaBaseBoard\inc/oled.h:29:6: note: declared here
../src/easyweb.c:122:11: warning: unused variable 'buf' [-Wunused-variable]
../src/easyweb.c: In function 'InsertDynamicValues':
../src/easyweb.c:273:7: warning: format '%d' expects argument of type 'int', but argument 3 has type 'int32_t' [-Wformat]
../src/easyweb.c:279:7: warning: format '%d' expects argument of type 'int', but argument 3 has type 'int32_t' [-Wformat]
../src/easyweb.c:285:7: warning: format '%d' expects argument of type 'int', but argument 3 has type 'int32_t' [-Wformat]
../src/easyweb.c: In function 'InsertDynamicValuesOLED':
../src/easyweb.c:310:7: warning: format '%d' expects argument of type 'int', but argument 3 has type 'int32_t' [-Wformat]
../src/easyweb.c:319:7: warning: format '%d' expects argument of type 'int', but argument 3 has type 'int32_t' [-Wformat]
../src/easyweb.c:326:7: warning: format '%d' expects argument of type 'int', but argument 3 has type 'int32_t' [-Wformat]
make: *** [src/easyweb.o] Error 1
13:59:34 **** Incremental Build of configuration Debug for project Lib_CMSISv1p30_LPC17xx ****
make all 
make: Nothing to be done for `all'.
13:59:35 **** Incremental Build of configuration Debug for project Lib_MCU ****
make all 
make: Nothing to be done for `all'.
13:59:36 **** Incremental Build of configuration Debug for project Lib_EaBaseBoard ****
make all 
make: Nothing to be done for `all'.
13:59:38 **** Incremental Build of configuration Debug for project easyweb ****
make all 
Building file: ../src/easyweb.c
Invoking: MCU C Compiler
arm-none-eabi-gcc -DDEBUG -D__USE_CMSIS=CMSISv1p30_LPC17xx -D__CODE_RED -D__NEWLIB__ -I"C:\Users\Thiago Rocha\Documents\LPCXpresso_6.1.4_194\workspace\Lib_CMSISv1p30_LPC17xx\inc" -I"C:\Users\Thiago Rocha\Documents\LPCXpresso_6.1.4_194\workspace\Lib_EaBaseBoard\inc" -I"C:\Users\Thiago Rocha\Documents\LPCXpresso_6.1.4_194\workspace\Lib_MCU\inc" -O0 -g3 -Wall -c -fmessage-length=0 -fno-builtin -ffunction-sections -mcpu=cortex-m3 -mthumb -MMD -MP -MF"src/easyweb.d" -MT"src/easyweb.d" -o "src/easyweb.o" "../src/easyweb.c"
../src/easyweb.c: In function 'main':
../src/easyweb.c:172:3: warning: format '%d' expects argument of type 'int', but argument 3 has type 'int32_t' [-Wformat]
../src/easyweb.c:173:3: warning: pointer targets in passing argument 3 of 'oled_putString' differ in signedness [-Wpointer-sign]
C:\Users\Thiago Rocha\Documents\LPCXpresso_6.1.4_194\workspace\Lib_EaBaseBoard\inc/oled.h:29:6: note: expected 'uint8_t *' but argument is of type 'char *'
../src/easyweb.c:175:3: warning: format '%d' expects argument of type 'int', but argument 3 has type 'int32_t' [-Wformat]
../src/easyweb.c:176:3: warning: pointer targets in passing argument 3 of 'oled_putString' differ in signedness [-Wpointer-sign]
C:\Users\Thiago Rocha\Documents\LPCXpresso_6.1.4_194\workspace\Lib_EaBaseBoard\inc/oled.h:29:6: note: expected 'uint8_t *' but argument is of type 'char *'
../src/easyweb.c:178:3: warning: format '%d' expects argument of type 'int', but argument 3 has type 'int32_t' [-Wformat]
../src/easyweb.c:179:3: warning: pointer targets in passing argument 3 of 'oled_putString' differ in signedness [-Wpointer-sign]
C:\Users\Thiago Rocha\Documents\LPCXpresso_6.1.4_194\workspace\Lib_EaBaseBoard\inc/oled.h:29:6: note: expected 'uint8_t *' but argument is of type 'char *'
../src/easyweb.c:122:11: warning: unused variable 'buf' [-Wunused-variable]
../src/easyweb.c: In function 'InsertDynamicValues':
../src/easyweb.c:273:7: warning: format '%d' expects argument of type 'int', but argument 3 has type 'int32_t' [-Wformat]
../src/easyweb.c:279:7: warning: format '%d' expects argument of type 'int', but argument 3 has type 'int32_t' [-Wformat]
../src/easyweb.c:285:7: warning: format '%d' expects argument of type 'int', but argument 3 has type 'int32_t' [-Wformat]
../src/easyweb.c: In function 'InsertDynamicValuesOLED':
../src/easyweb.c:310:7: warning: format '%d' expects argument of type 'int', but argument 3 has type 'int32_t' [-Wformat]
../src/easyweb.c:319:7: warning: format '%d' expects argument of type 'int', but argument 3 has type 'int32_t' [-Wformat]
../src/easyweb.c:326:7: warning: format '%d' expects argument of type 'int', but argument 3 has type 'int32_t' [-Wformat]
Finished building: ../src/easyweb.c
 
Building target: easyweb.axf
Invoking: MCU Linker
arm-none-eabi-gcc -nostdlib -L"C:\Users\Thiago Rocha\Documents\LPCXpresso_6.1.4_194\workspace\Lib_CMSISv1p30_LPC17xx\Debug" -L"C:\Users\Thiago Rocha\Documents\LPCXpresso_6.1.4_194\workspace\Lib_EaBaseBoard\Debug" -L"C:\Users\Thiago Rocha\Documents\LPCXpresso_6.1.4_194\workspace\Lib_MCU\Debug" -Xlinker --gc-sections -Xlinker -Map=easyweb.map -mcpu=cortex-m3 -mthumb -T "easyweb_Debug.ld" -o "easyweb.axf"  ./src/cr_startup_lpc17.o ./src/easyweb.o ./src/ethmac.o ./src/ew_systick.o ./src/tcpip.o   -lLib_CMSISv1p30_LPC17xx -lLib_EaBaseBoard -lLib_MCU
Finished building target: easyweb.axf
 
make --no-print-directory post-build
Performing post-build steps
arm-none-eabi-size easyweb.axf; # arm-none-eabi-objdump -h -S easyweb.axf >easyweb.lss
   text	   data	    bss	    dec	    hex	filename
  42268	   2172	   1916	  46356	   b514	easyweb.axf
 
13:59:49 **** Incremental Build of configuration Debug for project Lib_CMSISv1p30_LPC17xx ****
make all 
make: Nothing to be done for `all'.
13:59:50 **** Incremental Build of configuration Debug for project Lib_MCU ****
make all 
make: Nothing to be done for `all'.
13:59:51 **** Incremental Build of configuration Debug for project Lib_EaBaseBoard ****
make all 
make: Nothing to be done for `all'.
13:59:53 **** Incremental Build of configuration Debug for project easyweb ****
make all 
make: Nothing to be done for `all'.
14:13:48 **** Incremental Build of configuration Debug for project Lib_CMSISv1p30_LPC17xx ****
make all 
make: Nothing to be done for `all'.
14:13:49 **** Incremental Build of configuration Debug for project Lib_MCU ****
make all 
make: Nothing to be done for `all'.
14:13:50 **** Incremental Build of configuration Debug for project Lib_EaBaseBoard ****
make all 
make: Nothing to be done for `all'.
14:13:52 **** Incremental Build of configuration Debug for project easyweb ****
make all 
Building file: ../src/easyweb.c
Invoking: MCU C Compiler
arm-none-eabi-gcc -DDEBUG -D__USE_CMSIS=CMSISv1p30_LPC17xx -D__CODE_RED -D__NEWLIB__ -I"C:\Users\Thiago Rocha\Documents\LPCXpresso_6.1.4_194\workspace\Lib_CMSISv1p30_LPC17xx\inc" -I"C:\Users\Thiago Rocha\Documents\LPCXpresso_6.1.4_194\workspace\Lib_EaBaseBoard\inc" -I"C:\Users\Thiago Rocha\Documents\LPCXpresso_6.1.4_194\workspace\Lib_MCU\inc" -O0 -g3 -Wall -c -fmessage-length=0 -fno-builtin -ffunction-sections -mcpu=cortex-m3 -mthumb -MMD -MP -MF"src/easyweb.d" -MT"src/easyweb.d" -o "src/easyweb.o" "../src/easyweb.c"
../src/easyweb.c: In function 'main':
../src/easyweb.c:172:3: warning: format '%d' expects argument of type 'int', but argument 3 has type 'int32_t' [-Wformat]
../src/easyweb.c:173:3: warning: pointer targets in passing argument 3 of 'oled_putString' differ in signedness [-Wpointer-sign]
C:\Users\Thiago Rocha\Documents\LPCXpresso_6.1.4_194\workspace\Lib_EaBaseBoard\inc/oled.h:29:6: note: expected 'uint8_t *' but argument is of type 'char *'
../src/easyweb.c:175:3: warning: format '%d' expects argument of type 'int', but argument 3 has type 'int32_t' [-Wformat]
../src/easyweb.c:176:3: warning: pointer targets in passing argument 3 of 'oled_putString' differ in signedness [-Wpointer-sign]
C:\Users\Thiago Rocha\Documents\LPCXpresso_6.1.4_194\workspace\Lib_EaBaseBoard\inc/oled.h:29:6: note: expected 'uint8_t *' but argument is of type 'char *'
../src/easyweb.c:178:3: warning: format '%d' expects argument of type 'int', but argument 3 has type 'int32_t' [-Wformat]
../src/easyweb.c:179:3: warning: pointer targets in passing argument 3 of 'oled_putString' differ in signedness [-Wpointer-sign]
C:\Users\Thiago Rocha\Documents\LPCXpresso_6.1.4_194\workspace\Lib_EaBaseBoard\inc/oled.h:29:6: note: expected 'uint8_t *' but argument is of type 'char *'
../src/easyweb.c:122:11: warning: unused variable 'buf' [-Wunused-variable]
../src/easyweb.c: In function 'InsertDynamicValues':
../src/easyweb.c:273:7: warning: format '%d' expects argument of type 'int', but argument 3 has type 'int32_t' [-Wformat]
../src/easyweb.c:279:7: warning: format '%d' expects argument of type 'int', but argument 3 has type 'int32_t' [-Wformat]
../src/easyweb.c:285:7: warning: format '%d' expects argument of type 'int', but argument 3 has type 'int32_t' [-Wformat]
../src/easyweb.c: In function 'InsertDynamicValuesOLED':
../src/easyweb.c:310:7: warning: format '%d' expects argument of type 'int', but argument 3 has type 'int32_t' [-Wformat]
../src/easyweb.c:319:7: warning: format '%d' expects argument of type 'int', but argument 3 has type 'int32_t' [-Wformat]
../src/easyweb.c:326:7: warning: format '%d' expects argument of type 'int', but argument 3 has type 'int32_t' [-Wformat]
Finished building: ../src/easyweb.c
 
Building target: easyweb.axf
Invoking: MCU Linker
arm-none-eabi-gcc -nostdlib -L"C:\Users\Thiago Rocha\Documents\LPCXpresso_6.1.4_194\workspace\Lib_CMSISv1p30_LPC17xx\Debug" -L"C:\Users\Thiago Rocha\Documents\LPCXpresso_6.1.4_194\workspace\Lib_EaBaseBoard\Debug" -L"C:\Users\Thiago Rocha\Documents\LPCXpresso_6.1.4_194\workspace\Lib_MCU\Debug" -Xlinker --gc-sections -Xlinker -Map=easyweb.map -mcpu=cortex-m3 -mthumb -T "easyweb_Debug.ld" -o "easyweb.axf"  ./src/cr_startup_lpc17.o ./src/easyweb.o ./src/ethmac.o ./src/ew_systick.o ./src/tcpip.o   -lLib_CMSISv1p30_LPC17xx -lLib_EaBaseBoard -lLib_MCU
Finished building target: easyweb.axf
 
make --no-print-directory post-build
Performing post-build steps
arm-none-eabi-size easyweb.axf; # arm-none-eabi-objdump -h -S easyweb.axf >easyweb.lss
   text	   data	    bss	    dec	    hex	filename
  42268	   2172	   1916	  46356	   b514	easyweb.axf
 
14:17:11 **** Clean-only build of configuration Debug for project Lib_CMSISv1p30_LPC17xx ****
make clean 
rm -rf  ./src/core_cm3.o ./src/system_LPC17xx.o  ./src/core_cm3.d ./src/system_LPC17xx.d  libLib_CMSISv1p30_LPC17xx.a
 
14:17:12 **** Clean-only build of configuration Debug for project Lib_MCU ****
make clean 
rm -rf  ./src/lpc17xx_adc.o ./src/lpc17xx_can.o ./src/lpc17xx_clkpwr.o ./src/lpc17xx_dac.o ./src/lpc17xx_emac.o ./src/lpc17xx_gpio.o ./src/lpc17xx_i2c.o ./src/lpc17xx_i2s.o ./src/lpc17xx_libcfg_default.o ./src/lpc17xx_mcpwm.o ./src/lpc17xx_nvic.o ./src/lpc17xx_pinsel.o ./src/lpc17xx_pwm.o ./src/lpc17xx_qei.o ./src/lpc17xx_rit.o ./src/lpc17xx_rtc.o ./src/lpc17xx_spi.o ./src/lpc17xx_ssp.o ./src/lpc17xx_timer.o ./src/lpc17xx_uart.o ./src/lpc17xx_wdt.o  ./src/lpc17xx_adc.d ./src/lpc17xx_can.d ./src/lpc17xx_clkpwr.d ./src/lpc17xx_dac.d ./src/lpc17xx_emac.d ./src/lpc17xx_gpio.d ./src/lpc17xx_i2c.d ./src/lpc17xx_i2s.d ./src/lpc17xx_libcfg_default.d ./src/lpc17xx_mcpwm.d ./src/lpc17xx_nvic.d ./src/lpc17xx_pinsel.d ./src/lpc17xx_pwm.d ./src/lpc17xx_qei.d ./src/lpc17xx_rit.d ./src/lpc17xx_rtc.d ./src/lpc17xx_spi.d ./src/lpc17xx_ssp.d ./src/lpc17xx_timer.d ./src/lpc17xx_uart.d ./src/lpc17xx_wdt.d  libLib_MCU.a
 
14:17:13 **** Clean-only build of configuration Debug for project Lib_EaBaseBoard ****
make clean 
rm -rf  ./src/acc.o ./src/eeprom.o ./src/flash.o ./src/font5x7.o ./src/joystick.o ./src/led7seg.o ./src/light.o ./src/oled.o ./src/pca9532.o ./src/rgb.o ./src/rotary.o ./src/temp.o ./src/uart2.o  ./src/acc.d ./src/eeprom.d ./src/flash.d ./src/font5x7.d ./src/joystick.d ./src/led7seg.d ./src/light.d ./src/oled.d ./src/pca9532.d ./src/rgb.d ./src/rotary.d ./src/temp.d ./src/uart2.d  libLib_EaBaseBoard.a
 
14:17:13 **** Clean-only build of configuration Debug for project easyweb ****
make clean 
rm -rf  ./src/cr_startup_lpc17.o ./src/easyweb.o ./src/ethmac.o ./src/ew_systick.o ./src/tcpip.o  ./src/cr_startup_lpc17.d ./src/easyweb.d ./src/ethmac.d ./src/ew_systick.d ./src/tcpip.d  easyweb.axf
 
14:17:15 **** Build of configuration Debug for project Lib_CMSISv1p30_LPC17xx ****
make all 
Building file: ../src/core_cm3.c
Invoking: MCU C Compiler
arm-none-eabi-gcc -DDEBUG -D__CODE_RED -D__REDLIB__ -I"C:\Users\Thiago Rocha\Documents\LPCXpresso_6.1.4_194\workspace\Lib_CMSISv1p30_LPC17xx\inc" -O0 -g3 -Wall -c -fmessage-length=0 -fno-builtin -ffunction-sections -mcpu=cortex-m3 -mthumb -MMD -MP -MF"src/core_cm3.d" -MT"src/core_cm3.d" -o "src/core_cm3.o" "../src/core_cm3.c"
Finished building: ../src/core_cm3.c
 
Building file: ../src/system_LPC17xx.c
Invoking: MCU C Compiler
[...]
In file included from ../src/easyweb.c:48:0:
../src/webside.h:34:25: error: expected '}' before 'webside'
../src/webside.h:34:82: warning: missing terminating " character [enabled by default]
../src/webside.h:34:25: error: missing terminating " character
../src/easyweb.c: In function 'main':
../src/easyweb.c:172:3: warning: format '%d' expects argument of type 'int', but argument 3 has type 'int32_t' [-Wformat]
../src/easyweb.c:173:3: warning: pointer targets in passing argument 3 of 'oled_putString' differ in signedness [-Wpointer-sign]
C:\Users\Thiago Rocha\Documents\LPCXpresso_6.1.4_194\workspace\Lib_EaBaseBoard\inc/oled.h:29:6: note: expected 'uint8_t *' but argument is of type 'char *'
../src/easyweb.c:175:3: warning: format '%d' expects argument of type 'int', but argument 3 has type 'int32_t' [-Wformat]
../src/easyweb.c:176:3: warning: pointer targets in passing argument 3 of 'oled_putString' differ in signedness [-Wpointer-sign]
C:\Users\Thiago Rocha\Documents\LPCXpresso_6.1.4_194\workspace\Lib_EaBaseBoard\inc/oled.h:29:6: note: expected 'uint8_t *' but argument is of type 'char *'
../src/easyweb.c:178:3: warning: format '%d' expects argument of type 'int', but argument 3 has type 'int32_t' [-Wformat]
../src/easyweb.c:179:3: warning: pointer targets in passing argument 3 of 'oled_putString' differ in signedness [-Wpointer-sign]
C:\Users\Thiago Rocha\Documents\LPCXpresso_6.1.4_194\workspace\Lib_EaBaseBoard\inc/oled.h:29:6: note: expected 'uint8_t *' but argument is of type 'char *'
../src/easyweb.c:122:11: warning: unused variable 'buf' [-Wunused-variable]
../src/easyweb.c: In function 'InsertDynamicValues':
../src/easyweb.c:273:7: warning: format '%d' expects argument of type 'int', but argument 3 has type 'int32_t' [-Wformat]
../src/easyweb.c:279:7: warning: format '%d' expects argument of type 'int', but argument 3 has type 'int32_t' [-Wformat]
../src/easyweb.c:285:7: warning: format '%d' expects argument of type 'int', but argument 3 has type 'int32_t' [-Wformat]
../src/easyweb.c: In function 'InsertDynamicValuesOLED':
../src/easyweb.c:310:7: warning: format '%d' expects argument of type 'int', but argument 3 has type 'int32_t' [-Wformat]
../src/easyweb.c:319:7: warning: format '%d' expects argument of type 'int', but argument 3 has type 'int32_t' [-Wformat]
../src/easyweb.c:326:7: warning: format '%d' expects argument of type 'int', but argument 3 has type 'int32_t' [-Wformat]
make: *** [src/easyweb.o] Error 1
15:43:40 **** Incremental Build of configuration Debug for project Lib_CMSISv1p30_LPC17xx ****
make all 
make: Nothing to be done for `all'.
15:43:41 **** Incremental Build of configuration Debug for project Lib_MCU ****
make all 
make: Nothing to be done for `all'.
15:43:42 **** Incremental Build of configuration Debug for project Lib_EaBaseBoard ****
make all 
make: Nothing to be done for `all'.
15:43:44 **** Incremental Build of configuration Debug for project easyweb ****
make all 
Building file: ../src/easyweb.c
Invoking: MCU C Compiler
arm-none-eabi-gcc -DDEBUG -D__USE_CMSIS=CMSISv1p30_LPC17xx -D__CODE_RED -D__NEWLIB__ -I"C:\Users\Thiago Rocha\Documents\LPCXpresso_6.1.4_194\workspace\Lib_CMSISv1p30_LPC17xx\inc" -I"C:\Users\Thiago Rocha\Documents\LPCXpresso_6.1.4_194\workspace\Lib_EaBaseBoard\inc" -I"C:\Users\Thiago Rocha\Documents\LPCXpresso_6.1.4_194\workspace\Lib_MCU\inc" -O0 -g3 -Wall -c -fmessage-length=0 -fno-builtin -ffunction-sections -mcpu=cortex-m3 -mthumb -MMD -MP -MF"src/easyweb.d" -MT"src/easyweb.d" -o "src/easyweb.o" "../src/easyweb.c"
../src/easyweb.c: In function 'main':
../src/easyweb.c:172:3: warning: format '%d' expects argument of type 'int', but argument 3 has type 'int32_t' [-Wformat]
../src/easyweb.c:173:3: warning: pointer targets in passing argument 3 of 'oled_putString' differ in signedness [-Wpointer-sign]
C:\Users\Thiago Rocha\Documents\LPCXpresso_6.1.4_194\workspace\Lib_EaBaseBoard\inc/oled.h:29:6: note: expected 'uint8_t *' but argument is of type 'char *'
../src/easyweb.c:175:3: warning: format '%d' expects argument of type 'int', but argument 3 has type 'int32_t' [-Wformat]
../src/easyweb.c:176:3: warning: pointer targets in passing argument 3 of 'oled_putString' differ in signedness [-Wpointer-sign]
C:\Users\Thiago Rocha\Documents\LPCXpresso_6.1.4_194\workspace\Lib_EaBaseBoard\inc/oled.h:29:6: note: expected 'uint8_t *' but argument is of type 'char *'
../src/easyweb.c:178:3: warning: format '%d' expects argument of type 'int', but argument 3 has type 'int32_t' [-Wformat]
../src/easyweb.c:179:3: warning: pointer targets in passing argument 3 of 'oled_putString' differ in signedness [-Wpointer-sign]
C:\Users\Thiago Rocha\Documents\LPCXpresso_6.1.4_194\workspace\Lib_EaBaseBoard\inc/oled.h:29:6: note: expected 'uint8_t *' but argument is of type 'char *'
../src/easyweb.c:122:11: warning: unused variable 'buf' [-Wunused-variable]
../src/easyweb.c: In function 'InsertDynamicValues':
../src/easyweb.c:273:7: warning: format '%d' expects argument of type 'int', but argument 3 has type 'int32_t' [-Wformat]
../src/easyweb.c:279:7: warning: format '%d' expects argument of type 'int', but argument 3 has type 'int32_t' [-Wformat]
../src/easyweb.c:285:7: warning: format '%d' expects argument of type 'int', but argument 3 has type 'int32_t' [-Wformat]
../src/easyweb.c: In function 'InsertDynamicValuesOLED':
../src/easyweb.c:310:7: warning: format '%d' expects argument of type 'int', but argument 3 has type 'int32_t' [-Wformat]
../src/easyweb.c:319:7: warning: format '%d' expects argument of type 'int', but argument 3 has type 'int32_t' [-Wformat]
../src/easyweb.c:326:7: warning: format '%d' expects argument of type 'int', but argument 3 has type 'int32_t' [-Wformat]
Finished building: ../src/easyweb.c
 
Building target: easyweb.axf
Invoking: MCU Linker
arm-none-eabi-gcc -nostdlib -L"C:\Users\Thiago Rocha\Documents\LPCXpresso_6.1.4_194\workspace\Lib_CMSISv1p30_LPC17xx\Debug" -L"C:\Users\Thiago Rocha\Documents\LPCXpresso_6.1.4_194\workspace\Lib_EaBaseBoard\Debug" -L"C:\Users\Thiago Rocha\Documents\LPCXpresso_6.1.4_194\workspace\Lib_MCU\Debug" -Xlinker --gc-sections -Xlinker -Map=easyweb.map -mcpu=cortex-m3 -mthumb -T "easyweb_Debug.ld" -o "easyweb.axf"  ./src/cr_startup_lpc17.o ./src/easyweb.o ./src/ethmac.o ./src/ew_systick.o ./src/tcpip.o   -lLib_CMSISv1p30_LPC17xx -lLib_EaBaseBoard -lLib_MCU
Finished building target: easyweb.axf
 
make --no-print-directory post-build
Performing post-build steps
arm-none-eabi-size easyweb.axf; # arm-none-eabi-objdump -h -S easyweb.axf >easyweb.lss
   text	   data	    bss	    dec	    hex	filename
  42316	   2172	   1916	  46404	   b544	easyweb.axf
 
16:06:29 **** Incremental Build of configuration Debug for project Lib_CMSISv1p30_LPC17xx ****
make all 
make: Nothing to be done for `all'.
16:06:38 **** Incremental Build of configuration Debug for project Lib_MCU ****
make all 
make: Nothing to be done for `all'.
16:06:46 **** Incremental Build of configuration Debug for project Lib_EaBaseBoard ****
make all 
make: Nothing to be done for `all'.
16:06:51 **** Incremental Build of configuration Debug for project easyweb ****
make all 
Building file: ../src/easyweb.c
Invoking: MCU C Compiler
arm-none-eabi-gcc -DDEBUG -D__USE_CMSIS=CMSISv1p30_LPC17xx -D__CODE_RED -D__NEWLIB__ -I"C:\Users\Thiago Rocha\Documents\LPCXpresso_6.1.4_194\workspace\Lib_CMSISv1p30_LPC17xx\inc" -I"C:\Users\Thiago Rocha\Documents\LPCXpresso_6.1.4_194\workspace\Lib_EaBaseBoard\inc" -I"C:\Users\Thiago Rocha\Documents\LPCXpresso_6.1.4_194\workspace\Lib_MCU\inc" -O0 -g3 -Wall -c -fmessage-length=0 -fno-builtin -ffunction-sections -mcpu=cortex-m3 -mthumb -MMD -MP -MF"src/easyweb.d" -MT"src/easyweb.d" -o "src/easyweb.o" "../src/easyweb.c"
../src/easyweb.c: In function 'main':
../src/easyweb.c:172:3: warning: format '%d' expects argument of type 'int', but argument 3 has type 'int32_t' [-Wformat]
../src/easyweb.c:173:3: warning: pointer targets in passing argument 3 of 'oled_putString' differ in signedness [-Wpointer-sign]
C:\Users\Thiago Rocha\Documents\LPCXpresso_6.1.4_194\workspace\Lib_EaBaseBoard\inc/oled.h:29:6: note: expected 'uint8_t *' but argument is of type 'char *'
../src/easyweb.c:175:3: warning: format '%d' expects argument of type 'int', but argument 3 has type 'int32_t' [-Wformat]
../src/easyweb.c:176:3: warning: pointer targets in passing argument 3 of 'oled_putString' differ in signedness [-Wpointer-sign]
C:\Users\Thiago Rocha\Documents\LPCXpresso_6.1.4_194\workspace\Lib_EaBaseBoard\inc/oled.h:29:6: note: expected 'uint8_t *' but argument is of type 'char *'
../src/easyweb.c:178:3: warning: format '%d' expects argument of type 'int', but argument 3 has type 'int32_t' [-Wformat]
../src/easyweb.c:179:3: warning: pointer targets in passing argument 3 of 'oled_putString' differ in signedness [-Wpointer-sign]
C:\Users\Thiago Rocha\Documents\LPCXpresso_6.1.4_194\workspace\Lib_EaBaseBoard\inc/oled.h:29:6: note: expected 'uint8_t *' but argument is of type 'char *'
../src/easyweb.c:122:11: warning: unused variable 'buf' [-Wunused-variable]
../src/easyweb.c: In function 'InsertDynamicValues':
../src/easyweb.c:273:7: warning: format '%d' expects argument of type 'int', but argument 3 has type 'int32_t' [-Wformat]
../src/easyweb.c:279:7: warning: format '%d' expects argument of type 'int', but argument 3 has type 'int32_t' [-Wformat]
../src/easyweb.c:285:7: warning: format '%d' expects argument of type 'int', but argument 3 has type 'int32_t' [-Wformat]
../src/easyweb.c: In function 'InsertDynamicValuesOLED':
../src/easyweb.c:310:7: warning: format '%d' expects argument of type 'int', but argument 3 has type 'int32_t' [-Wformat]
../src/easyweb.c:319:7: warning: format '%d' expects argument of type 'int', but argument 3 has type 'int32_t' [-Wformat]
../src/easyweb.c:326:7: warning: format '%d' expects argument of type 'int', but argument 3 has type 'int32_t' [-Wformat]
Finished building: ../src/easyweb.c
 
Building target: easyweb.axf
Invoking: MCU Linker
arm-none-eabi-gcc -nostdlib -L"C:\Users\Thiago Rocha\Documents\LPCXpresso_6.1.4_194\workspace\Lib_CMSISv1p30_LPC17xx\Debug" -L"C:\Users\Thiago Rocha\Documents\LPCXpresso_6.1.4_194\workspace\Lib_EaBaseBoard\Debug" -L"C:\Users\Thiago Rocha\Documents\LPCXpresso_6.1.4_194\workspace\Lib_MCU\Debug" -Xlinker --gc-sections -Xlinker -Map=easyweb.map -mcpu=cortex-m3 -mthumb -T "easyweb_Debug.ld" -o "easyweb.axf"  ./src/cr_startup_lpc17.o ./src/easyweb.o ./src/ethmac.o ./src/ew_systick.o ./src/tcpip.o   -lLib_CMSISv1p30_LPC17xx -lLib_EaBaseBoard -lLib_MCU
Finished building target: easyweb.axf
 
make --no-print-directory post-build
Performing post-build steps
arm-none-eabi-size easyweb.axf; # arm-none-eabi-objdump -h -S easyweb.axf >easyweb.lss
   text	   data	    bss	    dec	    hex	filename
  42316	   2172	   1916	  46404	   b544	easyweb.axf
 
10:22:40 **** Build of configuration Debug for project Lib_CMSISv1p30_LPC17xx ****
make all 
make: Nothing to be done for `all'.
10:22:44 **** Build of configuration Debug for project Lib_MCU ****
make all 
make: Nothing to be done for `all'.
10:22:47 **** Build of configuration Debug for project Lib_EaBaseBoard ****
make all 
make: Nothing to be done for `all'.
10:22:51 **** Build of configuration Debug for project easyweb ****
make all 
Building file: ../src/easyweb.c
Invoking: MCU C Compiler
arm-none-eabi-gcc -DDEBUG -D__USE_CMSIS=CMSISv1p30_LPC17xx -D__CODE_RED -D__NEWLIB__ -I"C:\Users\Thiago Rocha\Documents\LPCXpresso_6.1.4_194\workspace\Lib_CMSISv1p30_LPC17xx\inc" -I"C:\Users\Thiago Rocha\Documents\LPCXpresso_6.1.4_194\workspace\Lib_EaBaseBoard\inc" -I"C:\Users\Thiago Rocha\Documents\LPCXpresso_6.1.4_194\workspace\Lib_MCU\inc" -O0 -g3 -Wall -c -fmessage-length=0 -fno-builtin -ffunction-sections -mcpu=cortex-m3 -mthumb -MMD -MP -MF"src/easyweb.d" -MT"src/easyweb.d" -o "src/easyweb.o" "../src/easyweb.c"
../src/easyweb.c: In function 'main':
../src/easyweb.c:171:3: warning: format '%d' expects argument of type 'int', but argument 3 has type 'int32_t' [-Wformat]
../src/easyweb.c:172:3: warning: pointer targets in passing argument 3 of 'oled_putString' differ in signedness [-Wpointer-sign]
C:\Users\Thiago Rocha\Documents\LPCXpresso_6.1.4_194\workspace\Lib_EaBaseBoard\inc/oled.h:29:6: note: expected 'uint8_t *' but argument is of type 'char *'
../src/easyweb.c:174:3: warning: format '%d' expects argument of type 'int', but argument 3 has type 'int32_t' [-Wformat]
../src/easyweb.c:175:3: warning: pointer targets in passing argument 3 of 'oled_putString' differ in signedness [-Wpointer-sign]
C:\Users\Thiago Rocha\Documents\LPCXpresso_6.1.4_194\workspace\Lib_EaBaseBoard\inc/oled.h:29:6: note: expected 'uint8_t *' but argument is of type 'char *'
../src/easyweb.c:177:3: warning: format '%d' expects argument of type 'int', but argument 3 has type 'int32_t' [-Wformat]
../src/easyweb.c:178:3: warning: pointer targets in passing argument 3 of 'oled_putString' differ in signedness [-Wpointer-sign]
C:\Users\Thiago Rocha\Documents\LPCXpresso_6.1.4_194\workspace\Lib_EaBaseBoard\inc/oled.h:29:6: note: expected 'uint8_t *' but argument is of type 'char *'
../src/easyweb.c:122:11: warning: unused variable 'buf' [-Wunused-variable]
../src/easyweb.c: In function 'InsertDynamicValues':
../src/easyweb.c:272:7: warning: format '%d' expects argument of type 'int', but argument 3 has type 'int32_t' [-Wformat]
../src/easyweb.c:278:7: warning: format '%d' expects argument of type 'int', but argument 3 has type 'int32_t' [-Wformat]
../src/easyweb.c:284:7: warning: format '%d' expects argument of type 'int', but argument 3 has type 'int32_t' [-Wformat]
../src/easyweb.c: In function 'InsertDynamicValuesOLED':
../src/easyweb.c:309:7: warning: format '%d' expects argument of type 'int', but argument 3 has type 'int32_t' [-Wformat]
../src/easyweb.c:318:7: warning: format '%d' expects argument of type 'int', but argument 3 has type 'int32_t' [-Wformat]
../src/easyweb.c:325:7: warning: format '%d' expects argument of type 'int', but argument 3 has type 'int32_t' [-Wformat]
Finished building: ../src/easyweb.c
 
Building target: easyweb.axf
Invoking: MCU Linker
arm-none-eabi-gcc -nostdlib -L"C:\Users\Thiago Rocha\Documents\LPCXpresso_6.1.4_194\workspace\Lib_CMSISv1p30_LPC17xx\Debug" -L"C:\Users\Thiago Rocha\Documents\LPCXpresso_6.1.4_194\workspace\Lib_EaBaseBoard\Debug" -L"C:\Users\Thiago Rocha\Documents\LPCXpresso_6.1.4_194\workspace\Lib_MCU\Debug" -Xlinker --gc-sections -Xlinker -Map=easyweb.map -mcpu=cortex-m3 -mthumb -T "easyweb_Debug.ld" -o "easyweb.axf"  ./src/cr_startup_lpc17.o ./src/easyweb.o ./src/ethmac.o ./src/ew_systick.o ./src/tcpip.o   -lLib_CMSISv1p30_LPC17xx -lLib_EaBaseBoard -lLib_MCU
Finished building target: easyweb.axf
 
make --no-print-directory post-build
Performing post-build steps
arm-none-eabi-size easyweb.axf; # arm-none-eabi-objdump -h -S easyweb.axf >easyweb.lss
   text	   data	    bss	    dec	    hex	filename
  42324	   2172	   1916	  46412	   b54c	easyweb.axf
 
10:23:13 **** Incremental Build of configuration Debug for project Lib_CMSISv1p30_LPC17xx ****
make all 
make: Nothing to be done for `all'.
10:23:14 **** Incremental Build of configuration Debug for project Lib_MCU ****
make all 
make: Nothing to be done for `all'.
10:23:15 **** Incremental Build of configuration Debug for project Lib_EaBaseBoard ****
make all 
make: Nothing to be done for `all'.
10:23:17 **** Incremental Build of configuration Debug for project easyweb ****
make all 
make: Nothing to be done for `all'.
10:48:23 **** Incremental Build of configuration Debug for project Lib_CMSISv1p30_LPC17xx ****
make all 
make: Nothing to be done for `all'.
10:48:25 **** Incremental Build of configuration Debug for project Lib_MCU ****
make all 
make: Nothing to be done for `all'.
10:48:26 **** Incremental Build of configuration Debug for project Lib_EaBaseBoard ****
make all 
make: Nothing to be done for `all'.
10:48:30 **** Incremental Build of configuration Debug for project easyweb ****
make all 
Building file: ../src/easyweb.c
Invoking: MCU C Compiler
arm-none-eabi-gcc -DDEBUG -D__USE_CMSIS=CMSISv1p30_LPC17xx -D__CODE_RED -D__NEWLIB__ -I"C:\Users\Thiago Rocha\Documents\LPCXpresso_6.1.4_194\workspace\Lib_CMSISv1p30_LPC17xx\inc" -I"C:\Users\Thiago Rocha\Documents\LPCXpresso_6.1.4_194\workspace\Lib_EaBaseBoard\inc" -I"C:\Users\Thiago Rocha\Documents\LPCXpresso_6.1.4_194\workspace\Lib_MCU\inc" -O0 -g3 -Wall -c -fmessage-length=0 -fno-builtin -ffunction-sections -mcpu=cortex-m3 -mthumb -MMD -MP -MF"src/easyweb.d" -MT"src/easyweb.d" -o "src/easyweb.o" "../src/easyweb.c"
../src/easyweb.c: In function 'main':
../src/easyweb.c:154:3: warning: format '%d' expects argument of type 'int', but argument 3 has type 'int32_t' [-Wformat]
../src/easyweb.c:155:3: warning: pointer targets in passing argument 3 of 'oled_putString' differ in signedness [-Wpointer-sign]
C:\Users\Thiago Rocha\Documents\LPCXpresso_6.1.4_194\workspace\Lib_EaBaseBoard\inc/oled.h:29:6: note: expected 'uint8_t *' but argument is of type 'char *'
../src/easyweb.c:157:3: warning: format '%d' expects argument of type 'int', but argument 3 has type 'int32_t' [-Wformat]
../src/easyweb.c:158:3: warning: pointer targets in passing argument 3 of 'oled_putString' differ in signedness [-Wpointer-sign]
C:\Users\Thiago Rocha\Documents\LPCXpresso_6.1.4_194\workspace\Lib_EaBaseBoard\inc/oled.h:29:6: note: expected 'uint8_t *' but argument is of type 'char *'
../src/easyweb.c:160:3: warning: format '%d' expects argument of type 'int', but argument 3 has type 'int32_t' [-Wformat]
../src/easyweb.c:161:3: warning: pointer targets in passing argument 3 of 'oled_putString' differ in signedness [-Wpointer-sign]
C:\Users\Thiago Rocha\Documents\LPCXpresso_6.1.4_194\workspace\Lib_EaBaseBoard\inc/oled.h:29:6: note: expected 'uint8_t *' but argument is of type 'char *'
../src/easyweb.c:122:11: warning: unused variable 'buf' [-Wunused-variable]
../src/easyweb.c: In function 'InsertDynamicValues':
../src/easyweb.c:255:7: warning: format '%d' expects argument of type 'int', but argument 3 has type 'int32_t' [-Wformat]
../src/easyweb.c:261:7: warning: format '%d' expects argument of type 'int', but argument 3 has type 'int32_t' [-Wformat]
../src/easyweb.c:267:7: warning: format '%d' expects argument of type 'int', but argument 3 has type 'int32_t' [-Wformat]
../src/easyweb.c: In function 'InsertDynamicValuesOLED':
../src/easyweb.c:292:7: warning: format '%d' expects argument of type 'int', but argument 3 has type 'int32_t' [-Wformat]
../src/easyweb.c:301:7: warning: format '%d' expects argument of type 'int', but argument 3 has type 'int32_t' [-Wformat]
../src/easyweb.c:308:7: warning: format '%d' expects argument of type 'int', but argument 3 has type 'int32_t' [-Wformat]
Finished building: ../src/easyweb.c
 
Building target: easyweb.axf
Invoking: MCU Linker
arm-none-eabi-gcc -nostdlib -L"C:\Users\Thiago Rocha\Documents\LPCXpresso_6.1.4_194\workspace\Lib_CMSISv1p30_LPC17xx\Debug" -L"C:\Users\Thiago Rocha\Documents\LPCXpresso_6.1.4_194\workspace\Lib_EaBaseBoard\Debug" -L"C:\Users\Thiago Rocha\Documents\LPCXpresso_6.1.4_194\workspace\Lib_MCU\Debug" -Xlinker --gc-sections -Xlinker -Map=easyweb.map -mcpu=cortex-m3 -mthumb -T "easyweb_Debug.ld" -o "easyweb.axf"  ./src/cr_startup_lpc17.o ./src/easyweb.o ./src/ethmac.o ./src/ew_systick.o ./src/tcpip.o   -lLib_CMSISv1p30_LPC17xx -lLib_EaBaseBoard -lLib_MCU
Finished building target: easyweb.axf
 
make --no-print-directory post-build
Performing post-build steps
arm-none-eabi-size easyweb.axf; # arm-none-eabi-objdump -h -S easyweb.axf >easyweb.lss
   text	   data	    bss	    dec	    hex	filename
  42324	   2172	   1916	  46412	   b54c	easyweb.axf
 
