22:21:39 **** Incremental Build of configuration Debug for project Example11 ****
make all 
Building file: ../main.c
Invoking: MCU C Compiler
arm-none-eabi-gcc -DDEBUG -D__USE_CMSIS=CMSISv1p30_LPC17xx -D__CODE_RED -D__REDLIB__ -I"C:\Users\Thiago Rocha\Documents\LPCXpresso_6.1.4_194\workspace2\CMSISv1p30_LPC17xx\inc" -I"C:\Users\Thiago Rocha\Documents\LPCXpresso_6.1.4_194\workspace2\FreeRTOS_Library\demo_code" -I"C:\Users\Thiago Rocha\Documents\LPCXpresso_6.1.4_194\workspace2\FreeRTOS_Library\include" -I"C:\Users\Thiago Rocha\Documents\LPCXpresso_6.1.4_194\workspace2\FreeRTOS_Library\portable" -I"C:\Users\Thiago Rocha\Documents\LPCXpresso_6.1.4_194\workspace2\Lib_EaBaseBoard\inc" -I"C:\Users\Thiago Rocha\Documents\LPCXpresso_6.1.4_194\workspace2\Lib_MCU\inc" -O0 -g3 -fsigned-char -c -fmessage-length=0 -fno-builtin -ffunction-sections -mcpu=cortex-m3 -mthumb -MMD -MP -MF"main.d" -MT"main.d" -o "main.o" "../main.c"
../main.c:152:6: warning: conflicting types for 'HTTPServer' [enabled by default]
Finished building: ../main.c
../main.c:122:2: note: previous implicit declaration of 'HTTPServer' was here
 
../main.c:204:6: warning: conflicting types for 'InsertDynamicValues' [enabled by default]
Building target: Example11.axf
../main.c:178:5: note: previous implicit declaration of 'InsertDynamicValues' was here
Invoking: MCU Linker
arm-none-eabi-gcc -nostdlib -L"C:\Users\Thiago Rocha\Documents\LPCXpresso_6.1.4_194\workspace2\CMSISv1p30_LPC17xx\Debug" -L"C:\Users\Thiago Rocha\Documents\LPCXpresso_6.1.4_194\workspace2\CMSISv1p30_LPC17xx\inc" -L"C:\Users\Thiago Rocha\Documents\LPCXpresso_6.1.4_194\workspace2\FreeRTOS_Library\Debug" -L"C:\Users\Thiago Rocha\Documents\LPCXpresso_6.1.4_194\workspace2\Lib_EaBaseBoard\Debug" -L"C:\Users\Thiago Rocha\Documents\LPCXpresso_6.1.4_194\workspace2\Lib_MCU\Debug" -Xlinker --gc-sections -Xlinker -Map=Example11.map -mcpu=cortex-m3 -mthumb -T "Example11_Debug.ld" -o "Example11.axf"  ./cr_startup_lpc17.o ./ethmac.o ./ew_systick.o ./main.o ./tcpip.o   -lCMSISv1p30_LPC17xx -lFreeRTOS_Library -lLib_EaBaseBoard -lLib_MCU
Finished building target: Example11.axf
 
make --no-print-directory post-build
Performing post-build steps
arm-none-eabi-size Example11.axf; # arm-none-eabi-objcopy -O ihex Example11.axf Example11.hex ;
   text	   data	    bss	    dec	    hex	filename
  39656	     12	  12744	  52412	   ccbc	Example11.axf
 

22:21:41 Build Finished (took 1s.547ms)

